./RRFLibraries/src/General/function_ref.h:66:45:) [with Callable = bool(char) noexcept; RetType = bool; Params = {char}]	0	static
./RRFLibraries/src/General/function_ref.h:66:45:) [with Callable = ListDrivers(const StringRef&, DriversBitmap)::<lambda(unsigned int, unsigned int)>; RetType = void; Params = {unsigned int, unsigned int}]	0	static
./RepRapFirmware/src/Platform/RepRap.h:44:7:RepRap::~RepRap()	8	static
RepRapFirmware/src/RepRapFirmware.cpp:169:24:const char* GetFloatFormatString(float, unsigned int)	0	static
RepRapFirmware/src/RepRapFirmware.cpp:190:6:)	24	static
RepRapFirmware/src/RepRapFirmware.cpp:206:7:float HideNan(float)	0	static
RepRapFirmware/src/RepRapFirmware.cpp:212:6:void ListDrivers(const StringRef&, DriversBitmap)	32	static
./RepRapFirmware/src/Platform/RepRap.h:44:7:virtual RepRap::~RepRap()	8	static
RepRapFirmware/src/RepRapFirmware.cpp:215:1:cpp)	8	static
