CoreN2G/src/STM32/usb2/usbotg.c:120:1:enable_rx_endpoint	0	static
CoreN2G/src/STM32/usb2/usbotg.c:95:1:fifo_read_packet	32	static
CoreN2G/src/STM32/usb2/usbotg.c:132:1:peek_rx_queue	16	static
CoreN2G/src/STM32/usb2/usbotg.c:70:1:fifo_write_packet	24	static
CoreN2G/src/STM32/usb2/usbotg.c:166:1:usb_read_bulk_out	16	static
CoreN2G/src/STM32/usb2/usbotg.c:178:1:usb_enable_bulk_out	0	static
CoreN2G/src/STM32/usb2/usbotg.c:184:1:usb_send_bulk_in	0	static
CoreN2G/src/STM32/usb2/usbotg.c:201:1:usb_enable_bulk_in	8	static
CoreN2G/src/STM32/usb2/usbotg.c:217:1:usb_read_ep0	16	static
CoreN2G/src/STM32/usb2/usbotg.c:236:1:usb_read_ep0_setup	16	static
CoreN2G/src/STM32/usb2/usbotg.c:275:1:usb_send_ep0	16	static
CoreN2G/src/STM32/usb2/usbotg.c:292:1:usb_stall_ep0	0	static
CoreN2G/src/STM32/usb2/usbotg.c:299:1:usb_set_address	0	static
CoreN2G/src/STM32/usb2/usbotg.c:309:1:usb_set_configure	0	static
CoreN2G/src/STM32/usb2/usbotg.c:355:1:OTG_FS_IRQHandler	8	static
CoreN2G/src/STM32/usb2/usbotg.c:379:1:usb_init	16	static
CoreN2G/src/STM32/usb2/usbotg.c:438:1:usb_deinit	0	static
