CoreN2G/src/STM32/PWM/HardwarePWM.cpp:34:6:virtual void HardwarePWM::free()	8	static
CoreN2G/src/STM32/PWM/HardwarePWM.cpp:97:6:virtual void HardwarePWM::setValue(float)	0	static
CoreN2G/src/STM32/PWM/HardwarePWM.cpp:102:6:virtual void HardwarePWM::appendStatus(const StringRef&)	16	static
CoreN2G/src/STM32/PWM/HardwarePWM.cpp:30:1:HardwarePWM::HardwarePWM()	8	static
CoreN2G/src/STM32/PWM/HardwarePWM.cpp:47:16:static HybridPWMBase* HardwarePWM::allocate(Pin, uint32_t, float)	40	static
CoreN2G/src/STM32/PWM/HardwarePWM.cpp:108:1:cpp)	16	static
