Building RepRapFirmware for STM32MP157 based boards:
- MAKE_DIR: RepRapFirmware/makefiles/STM32MP157
- Build: Debug
- Linker Script used: ./RepRapFirmware/src/Hardware/STM32/variants/STM32MP157/ldscript.ld
- SBC Interface Enabled
- Smart Drivers: TMC22XX
- Smart Drivers: TMC51XX
- Output name: rrf_mp157
-D__STM32MP1__ -D_XOPEN_SOURCE -DSTM32 -DSTM32MP1 -DSTM32MP1xx -DSTM32MP157Fxx -DHAVE_HWSERIAL4 -DUSE_UART0=1 -DUSE_UART1=1 -DUSE_UART2=1 -DUSE_SDIO=1 -DRTOS -DFREERTOS_USED -DUSBCON -DUSBD_USE_CDC -DUSB_PRODUCT=\RepRapFirmware" -DVECT_TAB_OFFSET=0x8000 -DHAL_RRF=1 -DFORCE_ESTACK=1 -DSUPPORT_CAN=1 -Wall -c -mfpu=fpv4-sp-d16 -mfloat-abi=hard -mfp16-format=ieee -mcpu=cortex-m4 -mthumb -fno-math-errno -ffunction-sections -fdata-sections -nostdlib -Wdouble-promotion -fsingle-precision-constant -fstack-usage -Os -g -DSTM32_DEBUG -DSTARTUP_DELAY=10000 -MMD -MP -DSTM32MP157 -DSTM32MP157xx -DCORE_CM4 -DUSE_FULL_LL_DRIVER -DLPC_SBC -DSUPPORT_TMC22xx -DSUPPORT_TMC51xx -std=gnu11 -fgnu89-inline -Dnoexcept=
[RepRapFirmware/src/RepRapFirmware.cpp]
[RepRapFirmware/src/FilamentMonitors/Duet3DFilamentMonitor.cpp]
[RepRapFirmware/src/FilamentMonitors/FilamentMonitor.cpp]
[RepRapFirmware/src/FilamentMonitors/PulsedFilamentMonitor.cpp]
[RepRapFirmware/src/FilamentMonitors/RotatingMagnetFilamentMonitor.cpp]
[RepRapFirmware/src/FilamentMonitors/LaserFilamentMonitor.cpp]
[RepRapFirmware/src/FilamentMonitors/SimpleFilamentMonitor.cpp]
\nBuilt STMCore\n
[RepRapFirmware/src/GCodes/CollisionAvoider.cpp]
[RepRapFirmware/src/GCodes/GCodeException.cpp]
[RepRapFirmware/src/GCodes/GCodeFileInfo.cpp]
[RepRapFirmware/src/GCodes/GCodeInput.cpp]
[RepRapFirmware/src/GCodes/GCodeMachineState.cpp]
[RepRapFirmware/src/GCodes/GCodeQueue.cpp]
[RepRapFirmware/src/GCodes/GCodes2.cpp]
[RepRapFirmware/src/GCodes/GCodes.cpp]
[RepRapFirmware/src/GCodes/GCodes3.cpp]
[RepRapFirmware/src/GCodes/GCodes4.cpp]
[RepRapFirmware/src/GCodes/GCodes5.cpp]
[RepRapFirmware/src/GCodes/GCodes6.cpp]
[RepRapFirmware/src/GCodes/GCodes7.cpp]
[RepRapFirmware/src/GCodes/KeepoutZone.cpp]
[RepRapFirmware/src/GCodes/ObjectTracker.cpp]
[RepRapFirmware/src/GCodes/RestorePoint.cpp]
[RepRapFirmware/src/GCodes/StraightProbeSettings.cpp]
[RepRapFirmware/src/GCodes/TriggerItem.cpp]
[RepRapFirmware/src/GCodes/GCodeBuffer/BinaryParser.cpp]
[RepRapFirmware/src/GCodes/GCodeBuffer/ExpressionParser.cpp]
[RepRapFirmware/src/GCodes/GCodeBuffer/GCodeBuffer.cpp]
[RepRapFirmware/src/GCodes/GCodeBuffer/StringParser.cpp]
[RepRapFirmware/src/Heating/FOPDT.cpp]
[RepRapFirmware/src/Heating/Heater.cpp]
[RepRapFirmware/src/Heating/Heat.cpp]
[RepRapFirmware/src/Heating/HeaterMonitor.cpp]
[RepRapFirmware/src/Heating/LocalHeater.cpp]
[RepRapFirmware/src/Heating/RemoteHeater.cpp]
[RepRapFirmware/src/Movement/AxisShaper.cpp]
[RepRapFirmware/src/Movement/DDA.cpp]
[RepRapFirmware/src/Movement/DDARing.cpp]
[RepRapFirmware/src/Movement/DriveMovement.cpp]
[RepRapFirmware/src/Movement/ExtruderShaper.cpp]
[RepRapFirmware/src/Movement/Move.cpp]
[RepRapFirmware/src/Movement/MoveSegment.cpp]
[RepRapFirmware/src/Movement/RawMove.cpp]
[RepRapFirmware/src/Movement/StepTimer.cpp]
[RepRapFirmware/src/Movement/BedProbing/Grid.cpp]
[RepRapFirmware/src/Movement/BedProbing/RandomProbePointSet.cpp]
[RepRapFirmware/src/Movement/Kinematics/CoreKinematics.cpp]
[RepRapFirmware/src/Movement/Kinematics/FiveBarScaraKinematics.cpp]
[RepRapFirmware/src/Movement/Kinematics/HangprinterKinematics.cpp]
[RepRapFirmware/src/Movement/Kinematics/Kinematics.cpp]
[RepRapFirmware/src/Movement/Kinematics/LinearDeltaKinematics.cpp]
[RepRapFirmware/src/Movement/Kinematics/PolarKinematics.cpp]
[RepRapFirmware/src/Movement/Kinematics/RotaryDeltaKinematics.cpp]
[RepRapFirmware/src/Movement/Kinematics/RoundBedKinematics.cpp]
[RepRapFirmware/src/Movement/Kinematics/ScaraKinematics.cpp]
[RepRapFirmware/src/Movement/Kinematics/ZLeadscrewKinematics.cpp]
[RepRapFirmware/src/Movement/HeightControl/HeightController.cpp]
[RepRapFirmware/src/Storage/CRC16.cpp]
[RepRapFirmware/src/Storage/CRC32.cpp]
[RepRapFirmware/src/Storage/EmbeddedFiles.cpp]
[RepRapFirmware/src/Storage/FileInfoParser.cpp]
[RepRapFirmware/src/Storage/FileStore.cpp]
[RepRapFirmware/src/Storage/MassStorage.cpp]
[RepRapFirmware/src/Comms/AuxDevice.cpp]
[RepRapFirmware/src/Comms/FirmwareUpdater.cpp]
[RepRapFirmware/src/Comms/PanelDueUpdater.cpp]
[RepRapFirmware/src/Platform/ArrayHandle.cpp]
[RepRapFirmware/src/Platform/Event.cpp]
[RepRapFirmware/src/Platform/Heap.cpp]
[RepRapFirmware/src/Platform/Logger.cpp]
[RepRapFirmware/src/Platform/MessageBox.cpp]
[RepRapFirmware/src/Platform/OutputMemory.cpp]
[RepRapFirmware/src/Platform/Platform.cpp]
[RepRapFirmware/src/Platform/PortControl.cpp]
[RepRapFirmware/src/Platform/RepRap.cpp]
[RepRapFirmware/src/Platform/StringHandle.cpp]
[RepRapFirmware/src/Platform/Tasks.cpp]
[RepRapFirmware/src/Platform/UniqueId.cpp]
[RepRapFirmware/src/PrintMonitor/PrintMonitor.cpp]
[RepRapFirmware/src/Accelerometers/Accelerometers.cpp]
[RepRapFirmware/src/Accelerometers/LISAccelerometer.cpp]
[RepRapFirmware/src/Heating/Sensors/AdditionalOutputSensor.cpp]
[RepRapFirmware/src/Heating/Sensors/BME280.cpp]
[RepRapFirmware/src/Heating/Sensors/CpuTemperatureSensor.cpp]
[RepRapFirmware/src/Heating/Sensors/CurrentLoopTemperatureSensor.cpp]
[RepRapFirmware/src/Heating/Sensors/DhtSensor.cpp]
[RepRapFirmware/src/Heating/Sensors/LinearAnalogSensor.cpp]
[RepRapFirmware/src/Heating/Sensors/RemoteSensor.cpp]
[RepRapFirmware/src/Heating/Sensors/RtdSensor31865.cpp]
[RepRapFirmware/src/Heating/Sensors/SensorWithPort.cpp]
[RepRapFirmware/src/Heating/Sensors/SpiTemperatureSensor.cpp]
[RepRapFirmware/src/Heating/Sensors/TemperatureSensor.cpp]
[RepRapFirmware/src/Heating/Sensors/Thermistor.cpp]
[RepRapFirmware/src/Heating/Sensors/ThermocoupleSensor31855.cpp]
[RepRapFirmware/src/Heating/Sensors/ThermocoupleSensor31856.cpp]
[RepRapFirmware/src/Heating/Sensors/ThermocoupleSensor6675.cpp]
[RepRapFirmware/src/Heating/Sensors/TmcDriverTemperatureSensor.cpp]
[RepRapFirmware/src/Fans/Fan.cpp]
[RepRapFirmware/src/Fans/FansManager.cpp]
[RepRapFirmware/src/Fans/LocalFan.cpp]
[RepRapFirmware/src/Fans/RemoteFan.cpp]
[RepRapFirmware/src/ObjectModel/GlobalVariables.cpp]
[RepRapFirmware/src/ObjectModel/ObjectModel.cpp]
[RepRapFirmware/src/ObjectModel/Variable.cpp]
[RepRapFirmware/src/Endstops/Endstop.cpp]
[RepRapFirmware/src/Endstops/EndstopsManager.cpp]
[RepRapFirmware/src/Endstops/LocalZProbe.cpp]
[RepRapFirmware/src/Endstops/RemoteZProbe.cpp]
[RepRapFirmware/src/Endstops/SwitchEndstop.cpp]
[RepRapFirmware/src/Endstops/StallDetectionEndstop.cpp]
[RepRapFirmware/src/Endstops/ZProbe.cpp]
[RepRapFirmware/src/Endstops/ZProbeEndstop.cpp]
[RepRapFirmware/src/Hardware/ExceptionHandlers.cpp]
[RepRapFirmware/src/Hardware/I2C.cpp]
[RepRapFirmware/src/Hardware/IoPorts.cpp]
[RepRapFirmware/src/Hardware/NonVolatileMemory.cpp]
[RepRapFirmware/src/Hardware/SoftwareReset.cpp]
[RepRapFirmware/src/Hardware/Spi/SharedSpiClient.cpp]
[RepRapFirmware/src/Hardware/Spi/SharedSpiDevice.cpp]
[RepRapFirmware/src/Hardware/Spi/SpiDevice.cpp]
[RepRapFirmware/src/Tools/Filament.cpp]
[RepRapFirmware/src/Tools/Spindle.cpp]
[RepRapFirmware/src/Tools/Tool.cpp]
[RepRapFirmware/src/Display/ButtonMenuItem.cpp]
[RepRapFirmware/src/Display/Display.cpp]
[RepRapFirmware/src/Display/FilesMenuItem.cpp]
[RepRapFirmware/src/Display/ImageMenuItem.cpp]
[RepRapFirmware/src/Display/Menu.cpp]
[RepRapFirmware/src/Display/MenuItem.cpp]
[RepRapFirmware/src/Display/ResistiveTouch.cpp]
[RepRapFirmware/src/Display/RotaryEncoder.cpp]
[RepRapFirmware/src/Display/TextMenuItem.cpp]
[RepRapFirmware/src/Display/ValueMenuItem.cpp]
[RepRapFirmware/src/Display/Lcd/Lcd.cpp]
[RepRapFirmware/src/Display/Lcd/MonoLcd.cpp]
[RepRapFirmware/src/Display/Lcd/TFTLcd.cpp]
[RepRapFirmware/src/Display/Lcd/Fonts/ER3301_1.cpp]
[RepRapFirmware/src/Display/Lcd/Fonts/glcd11x14.cpp]
[RepRapFirmware/src/Display/Lcd/Fonts/glcd19x21.cpp]
[RepRapFirmware/src/Display/Lcd/Fonts/glcd28x32.cpp]
[RepRapFirmware/src/Display/Lcd/Fonts/glcd7x11.cpp]
[RepRapFirmware/src/Display/Lcd/ST7567/Lcd7567.cpp]
[RepRapFirmware/src/Display/Lcd/ST7920/Lcd7920.cpp]
[RepRapFirmware/src/GPIO/GpInPort.cpp]
[RepRapFirmware/src/bossa/Applet.cpp]
[RepRapFirmware/src/GPIO/GpOutPort.cpp]
[RepRapFirmware/src/bossa/BossaFlash.cpp]
[RepRapFirmware/src/bossa/Device.cpp]
[RepRapFirmware/src/bossa/EefcFlash.cpp]
[RepRapFirmware/src/bossa/Flasher.cpp]
[RepRapFirmware/src/bossa/Samba.cpp]
[RepRapFirmware/src/bossa/WordCopyApplet.cpp]
[RepRapFirmware/src/bossa/WordCopyArm.cpp]
[RepRapFirmware/src/CAN/CanDriversData.cpp]
[RepRapFirmware/src/CAN/CanInterface.cpp]
[RepRapFirmware/src/CAN/CanMessageGenericConstructor.cpp]
[RepRapFirmware/src/CAN/CanMotion.cpp]
[RepRapFirmware/src/CAN/CommandProcessor.cpp]
[RepRapFirmware/src/CAN/ExpansionManager.cpp]
[RepRapFirmware/src/ClosedLoop/ClosedLoop.cpp]
[RepRapFirmware/src/InputMonitors/InputMonitor.cpp]
[RepRapFirmware/src/LedStrips/DotStarLedStrip.cpp]
[RepRapFirmware/src/LedStrips/LedStripBase.cpp]
[RepRapFirmware/src/LedStrips/LedStripManager.cpp]
[RepRapFirmware/src/LedStrips/LocalLedStrip.cpp]
[RepRapFirmware/src/LedStrips/NeoPixelLedStrip.cpp]
[RepRapFirmware/src/LedStrips/RemoteLedStrip.cpp]
[RepRapFirmware/src/Hardware/STM32/NVMEmulation.cpp]
[RepRapFirmware/src/Hardware/STM32/BoardConfig.cpp]
[RepRapFirmware/src/Hardware/STM32/Pins_STM32.cpp]
[RepRapFirmware/src/Hardware/STM32/ResetCause.cpp]
[RepRapFirmware/src/Hardware/STM32/Libraries/Fatfs/SDCardSDIO.cpp]
[RepRapFirmware/src/Hardware/STM32/Libraries/Fatfs/SDCardSPI.cpp]
RepRapFirmware/src/Hardware/STM32/NVMEmulation.cpp:224:13: warning: 'bool FlashRead(uint32_t, uint8_t*, size_t)' defined but not used [-Wunused-function]
  224 | static bool FlashRead(const uint32_t addr, uint8_t *data, const size_t len) noexcept
      |             ^~~~~~~~~
RepRapFirmware/src/Hardware/STM32/NVMEmulation.cpp:173:13: warning: 'bool FlashWrite(uint32_t, const uint8_t*, size_t)' defined but not used [-Wunused-function]
  173 | static bool FlashWrite(const uint32_t addr, const uint8_t *data, const size_t len) noexcept
      |             ^~~~~~~~~~
RepRapFirmware/src/Hardware/STM32/NVMEmulation.cpp:28:13: warning: 'void FlashClearError()' defined but not used [-Wunused-function]
   28 | static void FlashClearError()
      |             ^~~~~~~~~~~~~~~
[RepRapFirmware/src/Hardware/STM32/Libraries/Fatfs/fattime_rtc.cpp]
[RepRapFirmware/src/Hardware/STM32/Libraries/Fatfs/sd_mmc_wrapper.cpp]
[RepRapFirmware/src/Hardware/STM32/Libraries/Fatfs/diskio.cpp]
[RepRapFirmware/src/Hardware/STM32/Hardware/CanSpi.cpp]
[RepRapFirmware/src/Hardware/STM32/Hardware/DMABitIO.cpp]
[RepRapFirmware/src/Hardware/STM32/Hardware/Devices.cpp]
[RepRapFirmware/src/Hardware/STM32/Hardware/Main.cpp]
[RepRapFirmware/src/Sbc/DataTransfer.cpp]
[RepRapFirmware/src/Sbc/SbcInterface.cpp]
[RepRapFirmware/src/Networking/FtpResponder.cpp]
[RepRapFirmware/src/Networking/HttpResponder.cpp]
[RepRapFirmware/src/Networking/Network.cpp]
[RepRapFirmware/src/Networking/NetworkBuffer.cpp]
[RepRapFirmware/src/Networking/NetworkClient.cpp]
[RepRapFirmware/src/Networking/NetworkResponder.cpp]
[RepRapFirmware/src/Networking/NetworkInterface.cpp]
[RepRapFirmware/src/Networking/TelnetResponder.cpp]
[RepRapFirmware/src/Networking/UploadingNetworkResponder.cpp]
[RepRapFirmware/src/Hardware/STM32/Movement/StepperDrivers/TMC22xx.cpp]
[RepRapFirmware/src/Hardware/STM32/Movement/StepperDrivers/SmartDrivers.cpp]
[RepRapFirmware/src/Movement/StepperDrivers/DriverMode.cpp]
[RepRapFirmware/src/Hardware/STM32/Movement/StepperDrivers/TMC51xx.cpp]
[RepRapFirmware/src/Movement/StepperDrivers/DriverData.cpp]
\nCreating rrf_mp157.bin
C:/Program Files (x86)/Arm GNU Toolchain arm-none-eabi/14.2 rel1/bin/../lib/gcc/arm-none-eabi/14.2.1/../../../../arm-none-eabi/bin/ld.exe: ./build/rrf_mp157.elf section `.text' will not fit in region `SRAM1_text'
C:/Program Files (x86)/Arm GNU Toolchain arm-none-eabi/14.2 rel1/bin/../lib/gcc/arm-none-eabi/14.2.1/../../../../arm-none-eabi/bin/ld.exe: region SRAM1_text overflowed with text and data
C:/Program Files (x86)/Arm GNU Toolchain arm-none-eabi/14.2 rel1/bin/../lib/gcc/arm-none-eabi/14.2.1/../../../../arm-none-eabi/bin/ld.exe: section .data VMA [10020000,1002020f] overlaps section .text VMA [10000000,100779a3]
C:/Program Files (x86)/Arm GNU Toolchain arm-none-eabi/14.2 rel1/bin/../lib/gcc/arm-none-eabi/14.2.1/../../../../arm-none-eabi/bin/ld.exe: region `SRAM1_text' overflowed by 467232 bytes
collect2.exe: error: ld returned 1 exit status
make: *** [RepRapFirmware/makefiles/STM32MP157/makefile:157: build/rrf_mp157.elf] Error 1
