./RepRapFirmware/src/ObjectModel/ObjectModel.h:324:35:virtual ReadWriteLock* ObjectModel::GetObjectLock(unsigned int) const	0	static
RepRapFirmware/src/Movement/AxisShaper.cpp:30:3:static constexpr size_t AxisShaper::<lambda(const ObjectModel*, const ObjectExplorationContext&)>::_FUN(const ObjectModel*, const ObjectExplorationContext&)	0	static
RepRapFirmware/src/Movement/AxisShaper.cpp:43:1:virtual const ObjectModelArrayTableEntry* AxisShaper::GetObjectModelArrayEntry(unsigned int) const	0	static
RepRapFirmware/src/Movement/AxisShaper.cpp:49:21:static ExpressionValue AxisShaper::<lambda(const ObjectModel*, ObjectExplorationContext&)>::_FUN(const ObjectModel*, ObjectExplorationContext&)	0	static
RepRapFirmware/src/Movement/AxisShaper.cpp:50:18:static ExpressionValue AxisShaper::<lambda(const ObjectModel*, ObjectExplorationContext&)>::_FUN(const ObjectModel*, ObjectExplorationContext&)	0	static
RepRapFirmware/src/Movement/AxisShaper.cpp:51:20:static ExpressionValue AxisShaper::<lambda(const ObjectModel*, ObjectExplorationContext&)>::_FUN(const ObjectModel*, ObjectExplorationContext&)	0	static
RepRapFirmware/src/Movement/AxisShaper.cpp:52:20:static ExpressionValue AxisShaper::<lambda(const ObjectModel*, ObjectExplorationContext&)>::_FUN(const ObjectModel*, ObjectExplorationContext&)	0	static
RepRapFirmware/src/Movement/AxisShaper.cpp:53:24:static ExpressionValue AxisShaper::<lambda(const ObjectModel*, ObjectExplorationContext&)>::_FUN(const ObjectModel*, ObjectExplorationContext&)	0	static
RepRapFirmware/src/Movement/AxisShaper.cpp:59:1:virtual const ObjectModelClassDescriptor* AxisShaper::GetObjectModelClassDescriptor() const	0	static
RepRapFirmware/src/Movement/AxisShaper.h:46:7:AxisShaper::~AxisShaper()	0	static
RepRapFirmware/src/Movement/AxisShaper.cpp:31:3:static ExpressionValue AxisShaper::<lambda(const ObjectModel*, ObjectExplorationContext&)>::_FUN(const ObjectModel*, ObjectExplorationContext&)	16	static
RepRapFirmware/src/Movement/AxisShaper.h:46:7:virtual AxisShaper::~AxisShaper()	8	static
RepRapFirmware/src/Movement/AxisShaper.cpp:38:3:static ExpressionValue AxisShaper::<lambda(const ObjectModel*, ObjectExplorationContext&)>::_FUN(const ObjectModel*, ObjectExplorationContext&)	16	static
RepRapFirmware/src/Movement/AxisShaper.cpp:37:3:static constexpr size_t AxisShaper::<lambda(const ObjectModel*, const ObjectExplorationContext&)>::_FUN(const ObjectModel*, const ObjectExplorationContext&)	0	static
RepRapFirmware/src/Movement/AxisShaper.cpp:54:17:static ExpressionValue AxisShaper::<lambda(const ObjectModel*, ObjectExplorationContext&)>::_FUN(const ObjectModel*, ObjectExplorationContext&)	0	static
./RepRapFirmware/src/RepRapFirmware.h:492:27:constexpr uint32_t ParameterLettersToBits(const char*)	8	static
RepRapFirmware/src/Movement/AxisShaper.cpp:69:1:AxisShaper::AxisShaper()	8	static
RepRapFirmware/src/Movement/AxisShaper.cpp:312:6:void AxisShaper::CalculateDerivedParameters()	12	static
RepRapFirmware/src/Movement/AxisShaper.cpp:293:13:GCodeResult AxisShaper::EutSetInputShaping(const CanMessageSetInputShaping&, size_t, const StringRef&)	16	static
RepRapFirmware/src/Movement/AxisShaper.cpp:79:13:GCodeResult AxisShaper::Configure(GCodeBuffer&, const StringRef&)	128	static
RepRapFirmware/src/Movement/AxisShaper.cpp:718:6:bool AxisShaper::TryReduceTopSpeedFullyShapeBoth(const DDA&, const PrepParams&, float&, InputShaperPlan&) const	0	static
RepRapFirmware/src/Movement/AxisShaper.cpp:776:6:bool AxisShaper::TryReduceTopSpeedFullyShapeAccel(const DDA&, const PrepParams&, float&, InputShaperPlan&) const	0	static
RepRapFirmware/src/Movement/AxisShaper.cpp:782:6:bool AxisShaper::TryReduceTopSpeedFullyShapeDecel(const DDA&, const PrepParams&, float&, InputShaperPlan&) const	0	static
RepRapFirmware/src/Movement/AxisShaper.cpp:788:6:bool AxisShaper::TryReduceTopSpeedFullyShapeNeither(const DDA&, const PrepParams&, float&, InputShaperPlan&) const	0	static
RepRapFirmware/src/Movement/AxisShaper.cpp:796:6:void AxisShaper::ProposeShapeAccelEnd(const DDA&, const PrepParams&, AccelOrDecelPlan&) const	0	static
RepRapFirmware/src/Movement/AxisShaper.cpp:807:6:void AxisShaper::ProposeShapeAccelBoth(const DDA&, const PrepParams&, AccelOrDecelPlan&) const	0	static
RepRapFirmware/src/Movement/AxisShaper.cpp:849:6:void AxisShaper::ProposeShapeDecelStart(const DDA&, const PrepParams&, AccelOrDecelPlan&) const	0	static
RepRapFirmware/src/Movement/AxisShaper.cpp:860:6:void AxisShaper::ProposeShapeDecelBoth(const DDA&, const PrepParams&, AccelOrDecelPlan&) const	0	static
RepRapFirmware/src/Movement/AxisShaper.cpp:901:6:void AxisShaper::ImplementAccelShaping(const DDA&, PrepParams&, const AccelOrDecelPlan&) const	0	static
RepRapFirmware/src/Movement/AxisShaper.cpp:909:6:void AxisShaper::ImplementDecelShaping(const DDA&, PrepParams&, const AccelOrDecelPlan&) const	0	static
RepRapFirmware/src/Movement/AxisShaper.cpp:918:14:MoveSegment* AxisShaper::GetAccelerationSegments(const DDA&, PrepParams&) const	64	static
RepRapFirmware/src/Movement/AxisShaper.cpp:1027:14:MoveSegment* AxisShaper::GetDecelerationSegments(const DDA&, PrepParams&) const	64	static
RepRapFirmware/src/Movement/AxisShaper.cpp:1137:14:MoveSegment* AxisShaper::FinishShapedSegments(const DDA&, const PrepParams&, MoveSegment*, MoveSegment*) const	24	static
RepRapFirmware/src/Movement/AxisShaper.cpp:626:6:void AxisShaper::GetRemoteSegments(DDA&, PrepParams&) const	48	static
RepRapFirmware/src/Movement/AxisShaper.cpp:390:6:void AxisShaper::PlanShaping(DDA&, PrepParams&, bool)	160	static
RepRapFirmware/src/Movement/AxisShaper.cpp:1182:6:void AxisShaper::Diagnostics(MessageType)	24	static
RepRapFirmware/src/Movement/AxisShaper.cpp:1190:25:static MoveSegment* AxisShaper::GetUnshapedSegments(DDA&, const PrepParams&)	16	static
RepRapFirmware/src/Movement/AxisShaper.cpp:1224:1:cpp)	0	static
