RepRapFirmware/src/Movement/Kinematics/Kinematics.h:136:16:virtual float Kinematics::GetTiltCorrection(size_t) const	0	static
RepRapFirmware/src/Movement/Kinematics/Kinematics.h:157:21:virtual MotionType Kinematics::GetMotionType(size_t) const	0	static
./RRFLibraries/src/General/Bitmap.h:312:24:void Bitmap<T>::Iterate(function_ref_noexcept<void(unsigned int, unsigned int) noexcept>) const [with T = long unsigned int]	32	static
./RRFLibraries/src/General/function_ref.h:66:45:) [with Callable = DDA::Magnitude(const float*, AxesBitmap)::<lambda(unsigned int, unsigned int)>; RetType = void; Params = {unsigned int, unsigned int}]	0	static
./RRFLibraries/src/General/function_ref.h:66:45:) [with Callable = DDA::NormaliseLinearMotion(AxesBitmap)::<lambda(unsigned int, unsigned int)>; RetType = void; Params = {unsigned int, unsigned int}]	0	static
RepRapFirmware/src/Movement/DriveMovement.h:153:13:bool DriveMovement::CalcNextStepTime(const DDA&)	8	static
RepRapFirmware/src/Movement/DriveMovement.h:197:16:int32_t DriveMovement::GetNetStepsTaken() const	0	static
RepRapFirmware/src/Movement/DDA.cpp:87:17:static void DDA::PrintMoves()	0	static
RepRapFirmware/src/Movement/DDA.cpp:121:6:void PrepParams::SetFromDDA(const DDA&)	0	static
RepRapFirmware/src/Movement/DDA.cpp:137:6:void PrepParams::Finalise()	0	static
RepRapFirmware/src/Movement/DDA.cpp:143:1:DDA::DDA(DDA*)	0	static
RepRapFirmware/src/Movement/DDA.cpp:186:9:int32_t DDA::GetTimeLeft() const	0	static
RepRapFirmware/src/Movement/DDA.cpp:197:13:void DDA::InsertDM(DriveMovement*)	4	static
RepRapFirmware/src/Movement/DDA.cpp:210:6:void DDA::DeactivateDM(size_t)	8	static
RepRapFirmware/src/Movement/DDA.cpp:228:6:void DDA::DebugPrintVector(const char*, const float*, size_t) const	24	static
RepRapFirmware/src/Movement/DDA.cpp:239:6:void DDA::DebugPrint(const char*) const	144	static
RepRapFirmware/src/Movement/DDA.cpp:267:6:void DDA::DebugPrintAll(const char*) const	16	static
RepRapFirmware/src/Movement/DDA.cpp:918:6:bool DDA::IsDecelerationMove() const	0	static
RepRapFirmware/src/Movement/DDA.cpp:928:6:bool DDA::IsAccelerationMove() const	0	static
RepRapFirmware/src/Movement/DDA.cpp:1151:6:void DDA::RecalculateMove(DDARing&)	16	static
RepRapFirmware/src/Movement/DDA.cpp:1267:6:void DDA::MatchSpeeds()	4	static
RepRapFirmware/src/Movement/DDA.cpp:949:17:static void DDA::DoLookahead(DDARing&, DDA*)	24	static
RepRapFirmware/src/Movement/DDA.cpp:1285:6:void DDA::FetchCurrentPositions(int32_t*) const	16	static
RepRapFirmware/src/Movement/DDA.cpp:1298:6:void DDA::SetPositions(const float*)	16	static
RepRapFirmware/src/Movement/DDA.cpp:1310:7:float DDA::GetEndCoordinate(size_t, bool)	24	static
RepRapFirmware/src/Movement/DDA.cpp:1330:6:void DDA::EnsureSegments(const PrepParams&)	8	static
RepRapFirmware/src/Movement/DDA.cpp:1338:6:void DDA::ReleaseSegments()	8	static
RepRapFirmware/src/Movement/DDA.cpp:165:6:void DDA::ReleaseDMs()	4	static
RepRapFirmware/src/Movement/DDA.cpp:676:6:bool DDA::InitFromRemote(const CanMessageMovementLinear&)	120	static
RepRapFirmware/src/Movement/DDA.cpp:782:6:bool DDA::InitFromRemote(const CanMessageMovementLinearShaped&)	128	static
RepRapFirmware/src/Movement/DDA.cpp:1701:18:static float DDA::VectorBoxIntersection(const float*, const float*)	0	static
RepRapFirmware/src/Movement/DDA.cpp:1722:18:static float DDA::Magnitude(const float*)	0	static
RepRapFirmware/src/Movement/DDA.cpp:1804:18:static float DDA::Magnitude(const float*, AxesBitmap)	32	static
RepRapFirmware/src/Movement/DDA.cpp:1812:17:static void DDA::Scale(float*, float)	0	static
RepRapFirmware/src/Movement/DDA.cpp:1745:18:static float DDA::Normalise(float*)	8	static
RepRapFirmware/src/Movement/DDA.cpp:546:6:bool DDA::InitLeadscrewMove(DDARing&, float, const float*)	56	static
RepRapFirmware/src/Movement/DDA.cpp:617:6:bool DDA::InitAsyncMove(DDARing&, const AsyncMove&)	32	static
RepRapFirmware/src/Movement/DDA.cpp:1757:7:float DDA::NormaliseLinearMotion(AxesBitmap)	80	static
RepRapFirmware/src/Movement/DDA.cpp:1091:7:float DDA::AdvanceBabyStepping(DDARing&, size_t, float)	56	static
RepRapFirmware/src/Movement/DDA.cpp:1733:18:static float DDA::Normalise(float*, AxesBitmap)	8	static
RepRapFirmware/src/Movement/DDA.cpp:282:6:bool DDA::InitStandardMove(DDARing&, const RawMove&, bool)	216	static
RepRapFirmware/src/Movement/DDA.cpp:1821:17:static void DDA::Absolute(float*, size_t)	0	static
RepRapFirmware/src/Movement/DDA.cpp:2143:6:void DDA::LatePrepareExtruders()	16	static
RepRapFirmware/src/Movement/DDA.cpp:1923:6:void DDA::Start(Platform&, uint32_t)	16	static
RepRapFirmware/src/Movement/DDA.cpp:2166:6:void DDA::SimulateSteppingDrivers(Platform&)	40	static
RepRapFirmware/src/Movement/DDA.cpp:2222:6:void DDA::StopDrive(size_t)	24	static
RepRapFirmware/src/Movement/DDA.cpp:900:6:void DDA::StopDrivers(uint16_t)	16	static
RepRapFirmware/src/Movement/DDA.cpp:2253:6:void DDA::MoveAborted()	16	static
RepRapFirmware/src/Movement/DDA.cpp:1834:6:bool DDA::CheckEndstops(Platform&)	56	static
RepRapFirmware/src/Movement/DDA.cpp:1999:6:void DDA::StepDrivers(Platform&, uint32_t)	40	static
RepRapFirmware/src/Movement/DDA.cpp:1351:6:void DDA::Prepare(SimulationMode)	184	static
RepRapFirmware/src/Movement/DDA.cpp:2267:7:float DDA::GetProportionDone(bool) const	40	static
RepRapFirmware/src/Movement/DDA.cpp:2299:6:bool DDA::HasStepError() const	0	static
RepRapFirmware/src/Movement/DDA.cpp:2313:6:bool DDA::Free()	8	static
RepRapFirmware/src/Movement/DDA.cpp:2320:6:void DDA::LimitSpeedAndAcceleration(float, float)	0	static
RepRapFirmware/src/Movement/DDA.cpp:2339:6:void DDA::UpdateMovementAccumulators(volatile int32_t*) const	32	static
RepRapFirmware/src/Movement/DDA.cpp:2386:7:float DDA::GetTotalExtrusionRate() const	0	static
RepRapFirmware/src/Movement/DDA.cpp:2399:10:uint32_t DDA::ManageLaserPower() const	16	static
RepRapFirmware/src/Movement/DDA.cpp:2444:1:cpp)	0	static
