./RepRapFirmware/src/ObjectModel/ObjectModel.h:319:54:virtual const ObjectModelArrayTableEntry* ObjectModel::GetObjectModelArrayEntry(unsigned int) const	0	static
./RepRapFirmware/src/ObjectModel/ObjectModel.h:324:35:virtual ReadWriteLock* ObjectModel::GetObjectLock(unsigned int) const	0	static
RepRapFirmware/src/Movement/DDARing.cpp:35:21:static ExpressionValue DDARing::<lambda(const ObjectModel*, ObjectExplorationContext&)>::_FUN(const ObjectModel*, ObjectExplorationContext&)	0	static
RepRapFirmware/src/Movement/DDARing.cpp:36:18:static ExpressionValue DDARing::<lambda(const ObjectModel*, ObjectExplorationContext&)>::_FUN(const ObjectModel*, ObjectExplorationContext&)	0	static
RepRapFirmware/src/Movement/DDARing.cpp:41:1:virtual const ObjectModelClassDescriptor* DDARing::GetObjectModelClassDescriptor() const	0	static
RepRapFirmware/src/Movement/DDARing.h:17:7:DDARing::~DDARing()	0	static
RepRapFirmware/src/Movement/DDARing.h:17:7:virtual DDARing::~DDARing()	8	static
./RRFLibraries/src/General/function_ref.h:66:45:) [with Callable = DDARing::GetPartialMachinePosition(float*, AxesBitmap) const::<lambda(unsigned int, unsigned int)>; RetType = void; Params = {unsigned int, unsigned int}]	8	static
RepRapFirmware/src/Movement/DriveMovement.h:197:16:int32_t DriveMovement::GetNetStepsTaken() const	0	static
RepRapFirmware/src/Movement/DDA.h:365:23:DriveMovement* DDA::FindDM(size_t) const	0	static
RepRapFirmware/src/Movement/DDARing.h:149:13:bool DDARing::StartNextMove(Platform&, uint32_t)	24	static
RepRapFirmware/src/Movement/DDARing.cpp:43:1:DDARing::DDARing()	8	static
RepRapFirmware/src/Movement/DDARing.cpp:48:6:void DDARing::Init1(unsigned int)	24	static
RepRapFirmware/src/Movement/DDARing.cpp:96:6:void DDARing::Exit()	8	static
RepRapFirmware/src/Movement/DDARing.cpp:115:13:GCodeResult DDARing::ConfigureMovementQueue(GCodeBuffer&, const StringRef&)	48	static
RepRapFirmware/src/Movement/DDARing.cpp:172:6:void DDARing::RecycleDDAs()	16	static
RepRapFirmware/src/Movement/DDARing.cpp:197:6:bool DDARing::CanAddMove() const	0	static
RepRapFirmware/src/Movement/DDARing.cpp:225:6:bool DDARing::AddStandardMove(const RawMove&, bool)	8	static
RepRapFirmware/src/Movement/DDARing.cpp:237:6:bool DDARing::AddSpecialMove(float, const float*)	8	static
RepRapFirmware/src/Movement/DDARing.cpp:251:6:bool DDARing::AddAsyncMove(const AsyncMove&)	8	static
RepRapFirmware/src/Movement/DDARing.cpp:405:10:uint32_t DDARing::PrepareMoves(DDA*, int32_t, unsigned int, SimulationMode)	32	static
RepRapFirmware/src/Movement/DDARing.cpp:442:6:bool DDARing::IsIdle() const	0	static
RepRapFirmware/src/Movement/DDARing.cpp:449:7:float DDARing::PushBabyStepping(size_t, float)	0	static
RepRapFirmware/src/Movement/DDARing.cpp:590:6:void DDARing::CurrentMoveCompleted()	16	static
RepRapFirmware/src/Movement/DDARing.cpp:528:6:void DDARing::OnMoveCompleted(DDA*, Platform&)	32	static
RepRapFirmware/src/Movement/DDARing.cpp:455:6:void DDARing::Interrupt(Platform&)	32	static
RepRapFirmware/src/Movement/DDARing.cpp:522:17:static void DDARing::TimerCallback(CallbackParameter)	0	static
RepRapFirmware/src/Movement/DDARing.cpp:266:10:uint32_t DDARing::Spin(SimulationMode, bool, bool)	48	static
RepRapFirmware/src/Movement/DDARing.cpp:623:6:bool DDARing::SetWaitingToEmpty()	8	static
RepRapFirmware/src/Movement/DDARing.cpp:635:9:int32_t DDARing::GetAccumulatedMovement(size_t, bool&)	24	static
RepRapFirmware/src/Movement/DDARing.cpp:647:6:void DDARing::GetCurrentMachinePosition(float*, bool) const	32	static
RepRapFirmware/src/Movement/DDARing.cpp:668:6:void DDARing::GetPartialMachinePosition(float*, AxesBitmap) const	32	static
RepRapFirmware/src/Movement/DDARing.cpp:678:6:void DDARing::SetPositions(const float*)	8	static
RepRapFirmware/src/Movement/DDARing.cpp:71:6:void DDARing::Init2()	80	static
RepRapFirmware/src/Movement/DDARing.cpp:686:6:void DDARing::ResetExtruderPositions()	8	static
RepRapFirmware/src/Movement/DDARing.cpp:697:6:void DDARing::AdjustMotorPositions(const float*, size_t)	32	static
RepRapFirmware/src/Movement/DDARing.cpp:713:6:void DDARing::GetCurrentMotorPositions(int32_t*) const	8	static
RepRapFirmware/src/Movement/DDARing.cpp:729:6:void DDARing::LiveCoordinates(float*)	104	static
RepRapFirmware/src/Movement/DDARing.cpp:779:7:float DDARing::GetRequestedSpeedMmPerSec() const	0	static
RepRapFirmware/src/Movement/DDARing.cpp:785:7:float DDARing::GetTopSpeedMmPerSec() const	0	static
RepRapFirmware/src/Movement/DDARing.cpp:791:7:float DDARing::GetAccelerationMmPerSecSquared() const	0	static
RepRapFirmware/src/Movement/DDARing.cpp:797:7:float DDARing::GetDecelerationMmPerSecSquared() const	0	static
RepRapFirmware/src/Movement/DDARing.cpp:803:7:float DDARing::GetTotalExtrusionRate() const	0	static
RepRapFirmware/src/Movement/DDARing.cpp:812:6:bool DDARing::PauseMoves(MovementState&)	48	static
RepRapFirmware/src/Movement/DDARing.cpp:916:6:bool DDARing::LowPowerOrStallPause(RestorePoint&)	40	static
RepRapFirmware/src/Movement/DDARing.cpp:1002:6:void DDARing::Diagnostics(MessageType, unsigned int)	72	static
RepRapFirmware/src/Movement/DDARing.cpp:1015:10:uint32_t DDARing::ManageLaserPower() const	8	static
RepRapFirmware/src/Movement/DDARing.cpp:1037:6:void DDARing::AddMoveFromRemote(const CanMessageMovementLinear&)	8	static
RepRapFirmware/src/Movement/DDARing.cpp:1050:6:void DDARing::AddMoveFromRemote(const CanMessageMovementLinearShaped&)	8	static
RepRapFirmware/src/Movement/DDARing.cpp:1062:6:void DDARing::StopDrivers(uint16_t)	16	static
RepRapFirmware/src/Movement/DDARing.cpp:1075:1:cpp)	0	static
