RepRapFirmware/src/Movement/DriveMovement.cpp:27:6:static void DriveMovement::InitialAllocate(unsigned int)	16	static
RepRapFirmware/src/Movement/DriveMovement.cpp:37:16:static DriveMovement* DriveMovement::Allocate(size_t)	8	static
RepRapFirmware/src/Movement/DriveMovement.cpp:56:1:DriveMovement::DriveMovement(DriveMovement*)	0	static
RepRapFirmware/src/Movement/DriveMovement.cpp:62:6:void DriveMovement::DebugPrint() const	88	static
RepRapFirmware/src/Movement/DriveMovement.cpp:93:6:bool DriveMovement::NewCartesianSegment()	8	static
RepRapFirmware/src/Movement/DriveMovement.cpp:155:6:bool DriveMovement::NewDeltaSegment(const DDA&)	64	static
RepRapFirmware/src/Movement/DriveMovement.cpp:252:6:bool DriveMovement::NewExtruderSegment()	80	static
RepRapFirmware/src/Movement/DriveMovement.cpp:504:6:void DriveMovement::PrepareExtruder(const DDA&, float)	0	static
RepRapFirmware/src/Movement/DriveMovement.cpp:580:6:bool DriveMovement::CalcNextStepTimeFull(const DDA&)	24	static
RepRapFirmware/src/Movement/DriveMovement.cpp:348:6:bool DriveMovement::PrepareCartesianAxis(const DDA&)	16	static
RepRapFirmware/src/Movement/DriveMovement.cpp:383:6:bool DriveMovement::PrepareDeltaAxis(const DDA&, const PrepParams&)	16	static
RepRapFirmware/src/Movement/DriveMovement.cpp:533:6:bool DriveMovement::LatePrepareExtruder(const DDA&)	16	static
RepRapFirmware/src/Movement/DriveMovement.cpp:802:1:cpp)	0	static
