./RepRapFirmware/src/ObjectModel/ObjectModel.h:324:35:virtual ReadWriteLock* ObjectModel::GetObjectLock(unsigned int) const	0	static
RepRapFirmware/src/Movement/Move.cpp:76:3:static ExpressionValue Move::<lambda(const ObjectModel*, ObjectExplorationContext&)>::_FUN(const ObjectModel*, ObjectExplorationContext&)	8	static
RepRapFirmware/src/Movement/Move.cpp:81:3:static constexpr size_t Move::<lambda(const ObjectModel*, const ObjectExplorationContext&)>::_FUN(const ObjectModel*, const ObjectExplorationContext&)	0	static
RepRapFirmware/src/Movement/Move.cpp:82:3:static ExpressionValue Move::<lambda(const ObjectModel*, ObjectExplorationContext&)>::_FUN(const ObjectModel*, ObjectExplorationContext&)	8	static
RepRapFirmware/src/Movement/Move.cpp:87:3:static constexpr size_t Move::<lambda(const ObjectModel*, const ObjectExplorationContext&)>::_FUN(const ObjectModel*, const ObjectExplorationContext&)	0	static
RepRapFirmware/src/Movement/Move.cpp:104:3:static constexpr size_t Move::<lambda(const ObjectModel*, const ObjectExplorationContext&)>::_FUN(const ObjectModel*, const ObjectExplorationContext&)	0	static
RepRapFirmware/src/Movement/Move.cpp:111:1:virtual const ObjectModelArrayTableEntry* Move::GetObjectModelArrayEntry(unsigned int) const	0	static
RepRapFirmware/src/Movement/Move.cpp:117:16:static ExpressionValue Move::<lambda(const ObjectModel*, ObjectExplorationContext&)>::_FUN(const ObjectModel*, ObjectExplorationContext&)	0	static
RepRapFirmware/src/Movement/Move.cpp:118:24:static ExpressionValue Move::<lambda(const ObjectModel*, ObjectExplorationContext&)>::_FUN(const ObjectModel*, ObjectExplorationContext&)	0	static
RepRapFirmware/src/Movement/Move.cpp:119:21:static ExpressionValue Move::<lambda(const ObjectModel*, ObjectExplorationContext&)>::_FUN(const ObjectModel*, ObjectExplorationContext&)	8	static
RepRapFirmware/src/Movement/Move.cpp:120:22:static ExpressionValue Move::<lambda(const ObjectModel*, ObjectExplorationContext&)>::_FUN(const ObjectModel*, ObjectExplorationContext&)	8	static
RepRapFirmware/src/Movement/Move.cpp:121:21:static ExpressionValue Move::<lambda(const ObjectModel*, ObjectExplorationContext&)>::_FUN(const ObjectModel*, ObjectExplorationContext&)	8	static
RepRapFirmware/src/Movement/Move.cpp:122:20:static ExpressionValue Move::<lambda(const ObjectModel*, ObjectExplorationContext&)>::_FUN(const ObjectModel*, ObjectExplorationContext&)	0	static
RepRapFirmware/src/Movement/Move.cpp:123:16:static ExpressionValue Move::<lambda(const ObjectModel*, ObjectExplorationContext&)>::_FUN(const ObjectModel*, ObjectExplorationContext&)	8	static
RepRapFirmware/src/Movement/Move.cpp:125:18:static ExpressionValue Move::<lambda(const ObjectModel*, ObjectExplorationContext&)>::_FUN(const ObjectModel*, ObjectExplorationContext&)	0	static
RepRapFirmware/src/Movement/Move.cpp:128:20:static ExpressionValue Move::<lambda(const ObjectModel*, ObjectExplorationContext&)>::_FUN(const ObjectModel*, ObjectExplorationContext&)	0	static
RepRapFirmware/src/Movement/Move.cpp:129:27:static ExpressionValue Move::<lambda(const ObjectModel*, ObjectExplorationContext&)>::_FUN(const ObjectModel*, ObjectExplorationContext&)	0	static
RepRapFirmware/src/Movement/Move.cpp:130:28:static ExpressionValue Move::<lambda(const ObjectModel*, ObjectExplorationContext&)>::_FUN(const ObjectModel*, ObjectExplorationContext&)	0	static
RepRapFirmware/src/Movement/Move.cpp:131:17:static ExpressionValue Move::<lambda(const ObjectModel*, ObjectExplorationContext&)>::_FUN(const ObjectModel*, ObjectExplorationContext&)	0	static
RepRapFirmware/src/Movement/Move.cpp:133:19:static ExpressionValue Move::<lambda(const ObjectModel*, ObjectExplorationContext&)>::_FUN(const ObjectModel*, ObjectExplorationContext&)	8	static
RepRapFirmware/src/Movement/Move.cpp:135:18:static ExpressionValue Move::<lambda(const ObjectModel*, ObjectExplorationContext&)>::_FUN(const ObjectModel*, ObjectExplorationContext&)	0	static
RepRapFirmware/src/Movement/Move.cpp:136:21:static ExpressionValue Move::<lambda(const ObjectModel*, ObjectExplorationContext&)>::_FUN(const ObjectModel*, ObjectExplorationContext&)	0	static
RepRapFirmware/src/Movement/Move.cpp:137:27:static ExpressionValue Move::<lambda(const ObjectModel*, ObjectExplorationContext&)>::_FUN(const ObjectModel*, ObjectExplorationContext&)	0	static
RepRapFirmware/src/Movement/Move.cpp:139:24:static ExpressionValue Move::<lambda(const ObjectModel*, ObjectExplorationContext&)>::_FUN(const ObjectModel*, ObjectExplorationContext&)	0	static
RepRapFirmware/src/Movement/Move.cpp:142:18:static ExpressionValue Move::<lambda(const ObjectModel*, ObjectExplorationContext&)>::_FUN(const ObjectModel*, ObjectExplorationContext&)	0	static
RepRapFirmware/src/Movement/Move.cpp:143:18:static ExpressionValue Move::<lambda(const ObjectModel*, ObjectExplorationContext&)>::_FUN(const ObjectModel*, ObjectExplorationContext&)	0	static
RepRapFirmware/src/Movement/Move.cpp:157:17:static ExpressionValue Move::<lambda(const ObjectModel*, ObjectExplorationContext&)>::_FUN(const ObjectModel*, ObjectExplorationContext&)	8	static
RepRapFirmware/src/Movement/Move.cpp:158:18:static ExpressionValue Move::<lambda(const ObjectModel*, ObjectExplorationContext&)>::_FUN(const ObjectModel*, ObjectExplorationContext&)	8	static
RepRapFirmware/src/Movement/Move.cpp:159:21:static ExpressionValue Move::<lambda(const ObjectModel*, ObjectExplorationContext&)>::_FUN(const ObjectModel*, ObjectExplorationContext&)	0	static
RepRapFirmware/src/Movement/Move.cpp:162:20:static ExpressionValue Move::<lambda(const ObjectModel*, ObjectExplorationContext&)>::_FUN(const ObjectModel*, ObjectExplorationContext&)	0	static
RepRapFirmware/src/Movement/Move.cpp:163:16:static ExpressionValue Move::<lambda(const ObjectModel*, ObjectExplorationContext&)>::_FUN(const ObjectModel*, ObjectExplorationContext&)	0	static
RepRapFirmware/src/Movement/Move.cpp:166:20:static ExpressionValue Move::<lambda(const ObjectModel*, ObjectExplorationContext&)>::_FUN(const ObjectModel*, ObjectExplorationContext&)	0	static
RepRapFirmware/src/Movement/Move.cpp:167:16:static ExpressionValue Move::<lambda(const ObjectModel*, ObjectExplorationContext&)>::_FUN(const ObjectModel*, ObjectExplorationContext&)	0	static
RepRapFirmware/src/Movement/Move.cpp:170:21:static ExpressionValue Move::<lambda(const ObjectModel*, ObjectExplorationContext&)>::_FUN(const ObjectModel*, ObjectExplorationContext&)	0	static
RepRapFirmware/src/Movement/Move.cpp:172:16:static ExpressionValue Move::<lambda(const ObjectModel*, ObjectExplorationContext&)>::_FUN(const ObjectModel*, ObjectExplorationContext&)	0	static
RepRapFirmware/src/Movement/Move.cpp:175:23:static ExpressionValue Move::<lambda(const ObjectModel*, ObjectExplorationContext&)>::_FUN(const ObjectModel*, ObjectExplorationContext&)	0	static
RepRapFirmware/src/Movement/Move.cpp:177:16:static ExpressionValue Move::<lambda(const ObjectModel*, ObjectExplorationContext&)>::_FUN(const ObjectModel*, ObjectExplorationContext&)	8	static
RepRapFirmware/src/Movement/Move.cpp:178:16:static ExpressionValue Move::<lambda(const ObjectModel*, ObjectExplorationContext&)>::_FUN(const ObjectModel*, ObjectExplorationContext&)	8	static
RepRapFirmware/src/Movement/Move.cpp:181:20:static ExpressionValue Move::<lambda(const ObjectModel*, ObjectExplorationContext&)>::_FUN(const ObjectModel*, ObjectExplorationContext&)	0	static
RepRapFirmware/src/Movement/Move.cpp:182:16:static ExpressionValue Move::<lambda(const ObjectModel*, ObjectExplorationContext&)>::_FUN(const ObjectModel*, ObjectExplorationContext&)	0	static
RepRapFirmware/src/Movement/Move.cpp:185:22:static ExpressionValue Move::<lambda(const ObjectModel*, ObjectExplorationContext&)>::_FUN(const ObjectModel*, ObjectExplorationContext&)	0	static
RepRapFirmware/src/Movement/Move.cpp:186:17:static ExpressionValue Move::<lambda(const ObjectModel*, ObjectExplorationContext&)>::_FUN(const ObjectModel*, ObjectExplorationContext&)	0	static
RepRapFirmware/src/Movement/Move.cpp:187:17:static ExpressionValue Move::<lambda(const ObjectModel*, ObjectExplorationContext&)>::_FUN(const ObjectModel*, ObjectExplorationContext&)	0	static
RepRapFirmware/src/Movement/Move.cpp:188:17:static ExpressionValue Move::<lambda(const ObjectModel*, ObjectExplorationContext&)>::_FUN(const ObjectModel*, ObjectExplorationContext&)	0	static
RepRapFirmware/src/Movement/Move.cpp:192:17:static ExpressionValue Move::<lambda(const ObjectModel*, ObjectExplorationContext&)>::_FUN(const ObjectModel*, ObjectExplorationContext&)	0	static
RepRapFirmware/src/Movement/Move.cpp:193:18:static ExpressionValue Move::<lambda(const ObjectModel*, ObjectExplorationContext&)>::_FUN(const ObjectModel*, ObjectExplorationContext&)	0	static
RepRapFirmware/src/Movement/Move.cpp:214:1:virtual const ObjectModelClassDescriptor* Move::GetObjectModelClassDescriptor() const	0	static
RepRapFirmware/src/Movement/Move.h:51:7:Move::~Move()	0	static
RepRapFirmware/src/Movement/Move.cpp:88:3:static ExpressionValue Move::<lambda(const ObjectModel*, ObjectExplorationContext&)>::_FUN(const ObjectModel*, ObjectExplorationContext&)	16	static
RepRapFirmware/src/Movement/Move.cpp:154:19:static ExpressionValue Move::<lambda(const ObjectModel*, ObjectExplorationContext&)>::_FUN(const ObjectModel*, ObjectExplorationContext&)	8	static
RepRapFirmware/src/Movement/Move.cpp:153:24:static ExpressionValue Move::<lambda(const ObjectModel*, ObjectExplorationContext&)>::_FUN(const ObjectModel*, ObjectExplorationContext&)	8	static
RepRapFirmware/src/Movement/Move.cpp:148:23:static ExpressionValue Move::<lambda(const ObjectModel*, ObjectExplorationContext&)>::_FUN(const ObjectModel*, ObjectExplorationContext&)	8	static
RepRapFirmware/src/Movement/Move.cpp:147:22:static ExpressionValue Move::<lambda(const ObjectModel*, ObjectExplorationContext&)>::_FUN(const ObjectModel*, ObjectExplorationContext&)	8	static
RepRapFirmware/src/Movement/Move.cpp:146:22:static ExpressionValue Move::<lambda(const ObjectModel*, ObjectExplorationContext&)>::_FUN(const ObjectModel*, ObjectExplorationContext&)	8	static
RepRapFirmware/src/Movement/Move.h:51:7:virtual Move::~Move()	8	static
./RRFLibraries/src/RTOSIface/RTOSIface.h:262:41:Task<450>::~Task()	8	static
./RRFLibraries/src/General/function_ref.h:66:45:) [with Callable = Move::EutSetRemotePressureAdvance(const CanMessageMultipleDrivesRequest<float>&, size_t, const StringRef&)::<lambda(unsigned int, unsigned int)>; RetType = void; Params = {unsigned int, unsigned int}]	16	static
RepRapFirmware/src/Movement/Move.cpp:150:19:static ExpressionValue Move::<lambda(const ObjectModel*, ObjectExplorationContext&)>::_FUN(const ObjectModel*, ObjectExplorationContext&)	8	static
RepRapFirmware/src/Movement/Move.cpp:138:21:static ExpressionValue Move::<lambda(const ObjectModel*, ObjectExplorationContext&)>::_FUN(const ObjectModel*, ObjectExplorationContext&)	8	static
RepRapFirmware/src/Movement/Move.cpp:96:3:static ExpressionValue Move::<lambda(const ObjectModel*, ObjectExplorationContext&)>::_FUN(const ObjectModel*, ObjectExplorationContext&)	16	static
RepRapFirmware/src/Movement/Move.cpp:70:3:static constexpr size_t Move::<lambda(const ObjectModel*, const ObjectExplorationContext&)>::_FUN(const ObjectModel*, const ObjectExplorationContext&)	0	static
./RRFLibraries/src/General/Bitmap.h:312:24:void Bitmap<T>::Iterate(function_ref_noexcept<void(unsigned int, unsigned int) noexcept>) const [with T = long unsigned int]	32	static
./RRFLibraries/src/General/function_ref.h:66:45:) [with Callable = Move::ComputeHeightCorrection(float*, const Tool*) const::<lambda(unsigned int, unsigned int)>; RetType = void; Params = {unsigned int, unsigned int}]	48	static
./RRFLibraries/src/General/function_ref.h:66:45:) [with Callable = Move::ComputeHeightCorrection(float*, const Tool*) const::<lambda(unsigned int, unsigned int)>::<lambda(unsigned int, unsigned int)>; RetType = void; Params = {unsigned int, unsigned int}]	16	static
RepRapFirmware/src/Movement/Move.cpp:95:3:static constexpr size_t Move::<lambda(const ObjectModel*, const ObjectExplorationContext&)>::_FUN(const ObjectModel*, const ObjectExplorationContext&)	0	static
RepRapFirmware/src/Movement/Move.cpp:105:3:static ExpressionValue Move::<lambda(const ObjectModel*, ObjectExplorationContext&)>::_FUN(const ObjectModel*, ObjectExplorationContext&)	24	static
RepRapFirmware/src/Movement/Move.cpp:174:19:static ExpressionValue Move::<lambda(const ObjectModel*, ObjectExplorationContext&)>::_FUN(const ObjectModel*, ObjectExplorationContext&)	0	static
RepRapFirmware/src/Movement/Move.cpp:176:20:static ExpressionValue Move::<lambda(const ObjectModel*, ObjectExplorationContext&)>::_FUN(const ObjectModel*, ObjectExplorationContext&)	0	static
RepRapFirmware/src/Movement/Move.cpp:127:21:static ExpressionValue Move::<lambda(const ObjectModel*, ObjectExplorationContext&)>::_FUN(const ObjectModel*, ObjectExplorationContext&)	0	static
RepRapFirmware/src/Movement/Move.cpp:222:1:Move::Move()	24	static
RepRapFirmware/src/Movement/Move.cpp:268:6:void Move::Exit()	16	static
RepRapFirmware/src/Movement/Move.cpp:457:6:void Move::MoveAvailable()	16	static
RepRapFirmware/src/Movement/Move.cpp:466:6:bool Move::WaitingForAllMovesFinished(MovementSystemNumber)	0	static
RepRapFirmware/src/Movement/Move.cpp:472:14:unsigned int Move::GetNumProbedProbePoints() const	0	static
RepRapFirmware/src/Movement/Move.cpp:479:7:float Move::PushBabyStepping(MovementSystemNumber, size_t, float)	24	static
RepRapFirmware/src/Movement/Move.cpp:490:6:bool Move::SetKinematics(KinematicsType)	16	static
RepRapFirmware/src/Movement/Move.cpp:507:6:bool Move::IsRawMotorMove(uint8_t) const	8	static
RepRapFirmware/src/Movement/Move.cpp:513:6:bool Move::IsAccessibleProbePoint(float*, AxesBitmap) const	0	static
RepRapFirmware/src/Movement/Move.cpp:519:6:bool Move::PausePrint(MovementState&)	0	static
RepRapFirmware/src/Movement/Move.cpp:527:6:bool Move::LowPowerOrStallPause(unsigned int, RestorePoint&)	0	static
RepRapFirmware/src/Movement/Move.cpp:534:6:void Move::Diagnostics(MessageType)	240	static
RepRapFirmware/src/Movement/Move.cpp:621:9:static int32_t Move::MotorMovementToSteps(size_t, float)	0	static
RepRapFirmware/src/Movement/Move.cpp:628:6:void Move::MotorStepsToCartesian(const int32_t*, size_t, size_t, float*) const	48	static
RepRapFirmware/src/Movement/Move.cpp:641:6:bool Move::CartesianToMotorSteps(const float*, int32_t*, bool) const	40	static
RepRapFirmware/src/Movement/Move.cpp:690:6:void Move::AxisTransform(float*, const Tool*) const	32	static
RepRapFirmware/src/Movement/Move.cpp:716:6:void Move::InverseAxisTransform(float*, const Tool*) const	32	static
RepRapFirmware/src/Movement/Move.cpp:742:7:float Move::ComputeHeightCorrection(float*, const Tool*) const	64	static
RepRapFirmware/src/Movement/Move.cpp:773:6:void Move::BedTransform(float*, const Tool*) const	24	static
RepRapFirmware/src/Movement/Move.cpp:674:6:void Move::AxisAndBedTransform(float*, const Tool*, bool) const	24	static
RepRapFirmware/src/Movement/Move.cpp:282:19:void Move::MoveLoop()	120	static
RepRapFirmware/src/Movement/Move.cpp:217:26:void MoveStart(void*)	8	static
RepRapFirmware/src/Movement/Move.cpp:612:6:void Move::SetNewPosition(const float*, MovementSystemNumber, bool)	80	static
RepRapFirmware/src/Movement/Move.cpp:787:6:void Move::InverseBedTransform(float*, const Tool*) const	32	static
RepRapFirmware/src/Movement/Move.cpp:683:6:void Move::InverseAxisAndBedTransform(float*, const Tool*) const	16	static
RepRapFirmware/src/Movement/Move.cpp:809:6:void Move::SetZeroHeightError(const float*)	80	static
RepRapFirmware/src/Movement/Move.cpp:825:6:void Move::SetIdentityTransform()	16	static
RepRapFirmware/src/Movement/Move.cpp:239:6:void Move::Init()	32	static
RepRapFirmware/src/Movement/Move.cpp:838:6:bool Move::LoadHeightMapFromFile(FileStore*, const char*, const StringRef&)	32	static
RepRapFirmware/src/Movement/Move.cpp:860:6:bool Move::SaveHeightMapToFile(FileStore*, const char*)	0	static
RepRapFirmware/src/Movement/Move.cpp:868:6:bool Move::LoadProbePointsFromFile(FileStore*, const char*, const StringRef&)	16	static
RepRapFirmware/src/Movement/Move.cpp:873:6:void Move::ClearProbePointsInvalid()	0	static
RepRapFirmware/src/Movement/Move.cpp:882:6:void Move::SetTaperHeight(float)	0	static
RepRapFirmware/src/Movement/Move.cpp:894:6:bool Move::UseMesh(bool)	8	static
RepRapFirmware/src/Movement/Move.cpp:901:7:float Move::AxisCompensation(unsigned int) const	0	static
RepRapFirmware/src/Movement/Move.cpp:906:6:void Move::SetAxisCompensation(unsigned int, float)	0	static
RepRapFirmware/src/Movement/Move.cpp:915:6:bool Move::IsXYCompensated() const	0	static
RepRapFirmware/src/Movement/Move.cpp:920:6:void Move::SetXYCompensation(bool)	0	static
RepRapFirmware/src/Movement/Move.cpp:929:6:bool Move::FinishedBedProbing(MovementSystemNumber, int, const StringRef&)	40	static
RepRapFirmware/src/Movement/Move.cpp:978:18:static float Move::MotorStepsToMovement(size_t, int32_t)	0	static
RepRapFirmware/src/Movement/Move.cpp:984:6:void Move::GetCurrentUserPosition(float*, MovementSystemNumber, uint8_t, const Tool*) const	24	static
RepRapFirmware/src/Movement/Move.cpp:993:6:void Move::SetXYBedProbePoint(size_t, float, float)	0	static
RepRapFirmware/src/Movement/Move.cpp:1005:6:void Move::SetZBedProbePoint(size_t, float, bool, bool)	0	static
RepRapFirmware/src/Movement/Move.cpp:1020:7:float Move::GetProbeCoordinates(int, float&, float&, bool) const	24	static
RepRapFirmware/src/Movement/Move.cpp:1037:6:void Move::Simulate(SimulationMode)	0	static
RepRapFirmware/src/Movement/Move.cpp:1048:6:void Move::AdjustLeadscrews(const floatc_t*)	12	static
RepRapFirmware/src/Movement/Move.cpp:1060:7:float Move::IdleTimeout() const	0	static
RepRapFirmware/src/Movement/Move.cpp:1066:6:void Move::SetIdleTimeout(float)	8	static
RepRapFirmware/src/Movement/Move.cpp:1077:6:bool Move::WriteResumeSettings(FileStore*) const	16	static
RepRapFirmware/src/Movement/Move.cpp:1085:13:GCodeResult Move::ConfigureMovementQueue(GCodeBuffer&, const StringRef&)	16	static
RepRapFirmware/src/Movement/Move.cpp:1186:13:GCodeResult Move::EutSetRemotePressureAdvance(const CanMessageMultipleDrivesRequest<float>&, size_t, const StringRef&)	48	static
RepRapFirmware/src/Movement/Move.cpp:1212:6:void Move::RevertPosition(const CanMessageRevertPosition&)	88	static
RepRapFirmware/src/Movement/Move.cpp:1256:6:void Move::GetLiveCoordinates(unsigned int, const Tool*, float*)	16	static
RepRapFirmware/src/Movement/Move.cpp:1262:6:void Move::SetLatestCalibrationDeviation(const Deviation&, uint8_t)	8	static
RepRapFirmware/src/Movement/Move.cpp:1269:6:void Move::SetInitialCalibrationDeviation(const Deviation&)	0	static
RepRapFirmware/src/Movement/Move.cpp:1276:6:void Move::SetLatestMeshDeviation(const Deviation&)	0	static
RepRapFirmware/src/Movement/Move.cpp:1281:13:const char* Move::GetCompensationTypeString() const	0	static
RepRapFirmware/src/Movement/Move.cpp:1286:6:static void Move::WakeMoveTaskFromISR()	0	static
RepRapFirmware/src/Movement/Move.cpp:1304:6:static void Move::CreateLaserTask()	32	static
RepRapFirmware/src/Movement/Move.cpp:1315:6:static void Move::WakeLaserTask()	16	static
RepRapFirmware/src/Movement/Move.cpp:1324:6:static void Move::WakeLaserTaskFromISR()	0	static
RepRapFirmware/src/Movement/Move.cpp:1332:6:void Move::LaserTaskRun()	8	static
RepRapFirmware/src/Movement/Move.cpp:1298:30:void LaserTaskStart(void*)	8	static
RepRapFirmware/src/Movement/Move.cpp:1380:9:int32_t Move::GetAccumulatedExtrusion(size_t, bool&)	24	static
RepRapFirmware/src/Movement/Move.cpp:1402:12:AsyncMove* Move::LockAuxMove()	8	static
RepRapFirmware/src/Movement/Move.cpp:1415:6:void Move::ReleaseAuxMove(bool)	0	static
RepRapFirmware/src/Movement/Move.cpp:1423:13:GCodeResult Move::ConfigureHeightFollowing(GCodeBuffer&, const StringRef&)	24	static
RepRapFirmware/src/Movement/Move.cpp:1433:13:GCodeResult Move::StartHeightFollowing(GCodeBuffer&, const StringRef&)	8	static
./RepRapFirmware/src/CAN/CanDriversData.h:61:24:void CanDriversData<T>::AddEntry(DriverId, T) [with T = float]	40	static
./RRFLibraries/src/General/function_ref.h:66:45:) [with Callable = Move::ConfigurePressureAdvance(GCodeBuffer&, const StringRef&)::<lambda(unsigned int)>; RetType = void; Params = {unsigned int}]	24	static
RepRapFirmware/src/Movement/Move.cpp:1092:13:GCodeResult Move::ConfigurePressureAdvance(GCodeBuffer&, const StringRef&)	288	static
RepRapFirmware/src/Movement/Move.cpp:1441:1:cpp)	0	static
