RepRapFirmware/src/Movement/MoveSegment.cpp:15:6:static void MoveSegment::InitialAllocate(unsigned int)	16	static
RepRapFirmware/src/Movement/MoveSegment.cpp:25:14:static MoveSegment* MoveSegment::Allocate(MoveSegment*)	8	static
RepRapFirmware/src/Movement/MoveSegment.cpp:41:6:void MoveSegment::AddToTail(MoveSegment*)	0	static
RepRapFirmware/src/Movement/MoveSegment.cpp:51:6:void MoveSegment::DebugPrint(char) const	56	static
RepRapFirmware/src/Movement/MoveSegment.cpp:56:17:static void MoveSegment::DebugPrintList(char, const MoveSegment*)	16	static
RepRapFirmware/src/Movement/MoveSegment.cpp:73:17:static bool MoveSegment::DebugCheckSegments(const MoveSegment*)	32	static
RepRapFirmware/src/Movement/MoveSegment.cpp:90:1:cpp)	0	static
