FreeRTOS/src/queue.c:2602:19:prvIsQueueEmpty	8	static
FreeRTOS/src/queue.c:2378:19:prvCopyDataToQueue	16	static
FreeRTOS/src/queue.c:2461:13:prvCopyDataFromQueue	4	static
FreeRTOS/src/queue.c:2482:13:prvUnlockQueue	16	static
FreeRTOS/src/queue.c:303:12:xQueueGenericReset	16	static
FreeRTOS/src/queue.c:376:19:xQueueGenericCreateStatic	16	static
FreeRTOS/src/queue.c:446:16:xQueueGenericGetStaticBuffers	8	static
FreeRTOS/src/queue.c:689:18:xQueueGetMutexHolder	8	static
FreeRTOS/src/queue.c:726:18:xQueueGetMutexHolderFromISR	8	static
FreeRTOS/src/queue.c:862:19:xQueueCreateCountingSemaphoreStatic	16	static
FreeRTOS/src/queue.c:939:12:xQueueGenericSend	40	static
FreeRTOS/src/queue.c:664:19:xQueueCreateMutexStatic	16	static
FreeRTOS/src/queue.c:756:16:xQueueGiveMutexRecursive	16	static
FreeRTOS/src/queue.c:1157:12:xQueueGenericSendFromISR	32	static
FreeRTOS/src/queue.c:1326:12:xQueueGiveFromISR	24	static
FreeRTOS/src/queue.c:1496:12:xQueueReceive	40	static
FreeRTOS/src/queue.c:1646:12:xQueueSemaphoreTake	40	static
FreeRTOS/src/queue.c:815:16:xQueueTakeMutexRecursive	16	static
FreeRTOS/src/queue.c:1871:12:xQueuePeek	40	static
FreeRTOS/src/queue.c:2029:12:xQueueReceiveFromISR	32	static
FreeRTOS/src/queue.c:2126:12:xQueuePeekFromISR	24	static
FreeRTOS/src/queue.c:2185:13:uxQueueMessagesWaiting	8	static
FreeRTOS/src/queue.c:2205:13:uxQueueSpacesAvailable	8	static
FreeRTOS/src/queue.c:2226:13:uxQueueMessagesWaitingFromISR	8	static
FreeRTOS/src/queue.c:2242:6:vQueueDelete	8	static
FreeRTOS/src/queue.c:2331:13:uxQueueGetQueueItemSize	0	static
FreeRTOS/src/queue.c:2341:13:uxQueueGetQueueLength	0	static
FreeRTOS/src/queue.c:2623:12:xQueueIsQueueEmptyFromISR	8	static
FreeRTOS/src/queue.c:2668:12:xQueueIsQueueFullFromISR	8	static
