FreeRTOS/src/stream_buffer.c:1455:15:prvBytesInBuffer	0	static
FreeRTOS/src/stream_buffer.c:1365:15:prvWriteBytesToBuffer	32	static
FreeRTOS/src/stream_buffer.c:908:15:prvWriteMessageToBuffer	24	static
FreeRTOS/src/stream_buffer.c:1411:15:prvReadBytesFromBuffer	32	static
FreeRTOS/src/stream_buffer.c:1173:15:prvReadMessageFromBuffer	32	static
FreeRTOS/src/stream_buffer.c:409:26:xStreamBufferGenericCreateStatic	40	static
FreeRTOS/src/stream_buffer.c:499:16:xStreamBufferGetStaticBuffers	8	static
FreeRTOS/src/stream_buffer.c:533:6:vStreamBufferDelete	8	static
FreeRTOS/src/stream_buffer.c:570:12:xStreamBufferReset	32	static
FreeRTOS/src/stream_buffer.c:631:12:xStreamBufferSetTriggerLevel	8	static
FreeRTOS/src/stream_buffer.c:665:8:xStreamBufferSpacesAvailable	16	static
FreeRTOS/src/stream_buffer.c:702:8:xStreamBufferBytesAvailable	8	static
FreeRTOS/src/stream_buffer.c:719:8:xStreamBufferSend	56	static
FreeRTOS/src/stream_buffer.c:854:8:xStreamBufferSendFromISR	32	static
FreeRTOS/src/stream_buffer.c:961:8:xStreamBufferReceive	40	static
FreeRTOS/src/stream_buffer.c:1069:8:xStreamBufferNextMessageLengthBytes	16	static
FreeRTOS/src/stream_buffer.c:1113:8:xStreamBufferReceiveFromISR	32	static
FreeRTOS/src/stream_buffer.c:1228:12:xStreamBufferIsEmpty	8	static
FreeRTOS/src/stream_buffer.c:1256:12:xStreamBufferIsFull	8	static
FreeRTOS/src/stream_buffer.c:1295:12:xStreamBufferSendCompletedFromISR	24	static
FreeRTOS/src/stream_buffer.c:1330:12:xStreamBufferReceiveCompletedFromISR	24	static
