FreeRTOS/src/tasks.c:5787:8:prvIdleTask	8	static
FreeRTOS/src/tasks.c:8476:13:prvAddCurrentTaskToDelayedList	32	static
FreeRTOS/src/tasks.c:6494:13:prvResetNextTaskUnblockTime	0	static
FreeRTOS/src/tasks.c:3288:23:prvTaskIsTaskSuspended	8	static
FreeRTOS/src/tasks.c:1301:18:xTaskCreateStatic	40	static
FreeRTOS/src/tasks.c:2203:10:vTaskDelete	16	static
FreeRTOS/src/tasks.c:2622:17:uxTaskPriorityGet	8	static
FreeRTOS/src/tasks.c:2648:17:uxTaskPriorityGetFromISR	8	static
FreeRTOS/src/tasks.c:2693:17:uxTaskBasePriorityGet	8	static
FreeRTOS/src/tasks.c:2719:17:uxTaskBasePriorityGetFromISR	8	static
FreeRTOS/src/tasks.c:2764:10:vTaskPrioritySet	24	static
FreeRTOS/src/tasks.c:3358:10:vTaskResume	24	static
FreeRTOS/src/tasks.c:3419:16:xTaskResumeFromISR	24	static
FreeRTOS/src/tasks.c:3657:6:vTaskStartScheduler	48	static
FreeRTOS/src/tasks.c:3760:6:vTaskEndScheduler	0	static
FreeRTOS/src/tasks.c:3775:6:vTaskSuspendAll	0	static
FreeRTOS/src/tasks.c:4074:12:xTaskGetTickCount	0	static
FreeRTOS/src/tasks.c:4093:12:xTaskGetTickCountFromISR	8	static
FreeRTOS/src/tasks.c:4128:13:uxTaskGetNumberOfTasks	0	static
FreeRTOS/src/tasks.c:4140:8:pcTaskGetName	8	static
FreeRTOS/src/tasks.c:4373:16:xTaskGetStaticBuffers	8	static
FreeRTOS/src/tasks.c:4712:12:xTaskIncrementTick	40	static
FreeRTOS/src/tasks.c:3924:12:xTaskResumeAll	40	static
FreeRTOS/src/tasks.c:2348:16:xTaskDelayUntil	8	static
FreeRTOS/src/tasks.c:2440:10:vTaskDelay	8	static
FreeRTOS/src/tasks.c:4588:12:xTaskCatchUpTicks	8	static
FreeRTOS/src/tasks.c:5095:10:vTaskSwitchContext	24	static
FreeRTOS/src/tasks.c:3120:10:vTaskSuspend	16	static
FreeRTOS/src/tasks.c:5282:6:vTaskPlaceOnEventList	8	static
FreeRTOS/src/tasks.c:5311:6:vTaskPlaceOnUnorderedEventList	16	static
FreeRTOS/src/tasks.c:5380:12:xTaskRemoveFromEventList	24	static
FreeRTOS/src/tasks.c:5473:6:vTaskRemoveFromUnorderedEventList	24	static
FreeRTOS/src/tasks.c:5545:6:vTaskSetTimeOutState	8	static
FreeRTOS/src/tasks.c:5561:6:vTaskInternalSetTimeOutState	0	static
FreeRTOS/src/tasks.c:5573:12:xTaskCheckForTimeOut	16	static
FreeRTOS/src/tasks.c:5642:6:vTaskMissedYield	0	static
FreeRTOS/src/tasks.c:6409:17:uxTaskGetStackHighWaterMark	0	static
FreeRTOS/src/tasks.c:6518:22:xTaskGetCurrentTaskHandle	0	static
FreeRTOS/src/tasks.c:6574:16:xTaskGetSchedulerState	0	static
FreeRTOS/src/tasks.c:6614:16:xTaskPriorityInherit	24	static
FreeRTOS/src/tasks.c:6717:16:xTaskPriorityDisinherit	24	static
FreeRTOS/src/tasks.c:6811:10:vTaskPriorityDisinheritAfterTimeout	16	static
FreeRTOS/src/tasks.c:7603:12:uxTaskResetEventItemValue	0	static
FreeRTOS/src/tasks.c:7623:18:pvTaskIncrementMutexHeldCount	0	static
FreeRTOS/src/tasks.c:7648:14:ulTaskGenericNotifyTake	32	static
FreeRTOS/src/tasks.c:7767:16:xTaskGenericNotifyWait	32	static
FreeRTOS/src/tasks.c:7899:16:xTaskGenericNotify	24	static
FreeRTOS/src/tasks.c:8019:16:xTaskGenericNotifyFromISR	32	static
FreeRTOS/src/tasks.c:8182:10:vTaskGenericNotifyGiveFromISR	24	static
FreeRTOS/src/tasks.c:8295:16:xTaskGenericNotifyStateClear	16	static
FreeRTOS/src/tasks.c:8333:14:ulTaskGenericNotifyValueClear	16	static
FreeRTOS/src/tasks.c:8367:33:ulTaskGetRunTimeCounter	0	static
FreeRTOS/src/tasks.c:8385:33:ulTaskGetRunTimePercent	8	static
FreeRTOS/src/freertos_tasks_c_additions.h:62:20:eTaskGetExtendedState	32	static
FreeRTOS/src/freertos_tasks_c_additions.h:15:6:vTaskGetExtendedInfo	16	static
FreeRTOS/src/freertos_tasks_c_additions.h:170:20:pxTaskGetCurrentStackBase	0	static
FreeRTOS/src/freertos_tasks_c_additions.h:176:29:pxTaskGetLastStackTop	0	static
