./RRFLibraries/src/General/SimpleMath.h:29:35:constexpr X min(X, X) [with X = float]	0	static
./RRFLibraries/src/General/SimpleMath.h:34:35:constexpr X max(X, X) [with X = float]	0	static
./RRFLibraries/src/General/SimpleMath.h:21:38:constexpr X max(X, X) [with X = long int]	0	static
./RRFLibraries/src/General/SimpleMath.h:16:38:constexpr X min(X, X) [with X = long int]	0	static
./RRFLibraries/src/RTOSIface/RTOSIface.h:479:2:ReadLocker::~ReadLocker()	8	static
./RepRapFirmware/src/ObjectModel/ObjectModel.h:284:36:const ObjectModelArrayTableEntry* ObjectModel::FindObjectModelArrayEntry(unsigned int) const	0	static
RepRapFirmware/src/GCodes/GCodeBuffer/ExpressionParser.cpp:47:6:void LineReader::ReadChar()	8	static
./RRFLibraries/src/General/function_ref.h:66:45:) [with Callable = ExpressionParser::ReadArrayElementFromFile(ExpressionValue&, LineReader&, char) const::<lambda()>; RetType = char; Params = {}]	8	static
RepRapFirmware/src/GCodes/GCodeBuffer/ExpressionParser.cpp:63:6:void LineReader::SkipTabsAndSpaces()	8	static
RepRapFirmware/src/GCodes/GCodeBuffer/ExpressionParser.cpp:78:1:ExpressionParser::ExpressionParser(const GCodeBuffer&, const char*, const char*, int)	8	static
RepRapFirmware/src/GCodes/GCodeBuffer/ExpressionParser.cpp:153:6:void ExpressionParser::ApplyObjectModelArrayIndex(ExpressionValue&, int, uint32_t, bool)	120	static
RepRapFirmware/src/GCodes/GCodeBuffer/ExpressionParser.cpp:639:18:static void ExpressionParser::StringConcat(ExpressionValue&, ExpressionValue&)	296	static
RepRapFirmware/src/GCodes/GCodeBuffer/ExpressionParser.cpp:1068:17:static bool ExpressionParser::TypeHasNoLiterals(TypeCode)	0	static
RepRapFirmware/src/GCodes/GCodeBuffer/ExpressionParser.cpp:1223:6:void ExpressionParser::ConvertToString(ExpressionValue&, bool) const	288	static
RepRapFirmware/src/GCodes/GCodeBuffer/ExpressionParser.cpp:2092:6:char ExpressionParser::CurrentCharacter() const	0	static
RepRapFirmware/src/GCodes/GCodeBuffer/ExpressionParser.cpp:1339:6:void ExpressionParser::ParseNumber(ExpressionValue&)	64	static
RepRapFirmware/src/GCodes/GCodeBuffer/ExpressionParser.cpp:2098:6:char ExpressionParser::SkipWhiteSpace()	8	static
RepRapFirmware/src/GCodes/GCodeBuffer/ExpressionParser.cpp:2108:6:void ExpressionParser::AdvancePointer()	0	static
./RRFLibraries/src/General/function_ref.h:66:45:) [with Callable = ExpressionParser::ParseNumber(ExpressionValue&)::<lambda()>; RetType = char; Params = {}]	8	static
RepRapFirmware/src/GCodes/GCodeBuffer/ExpressionParser.cpp:2116:5:int ExpressionParser::GetColumn() const	0	static
RepRapFirmware/src/GCodes/GCodeBuffer/ExpressionParser.cpp:2121:6:void ExpressionParser::ThrowParseException(const char*) const	16	static
RepRapFirmware/src/GCodes/GCodeBuffer/ExpressionParser.cpp:1127:6:void ExpressionParser::ConvertToFloat(ExpressionValue&, bool) const	8	static
./RRFLibraries/src/General/function_ref.h:36:45:) [with Callable = ExpressionParser::ParseFloatArray(float*, size_t&)::<lambda(ExpressionValue&, size_t)>; RetType = void; Params = {ExpressionValue&, unsigned int}]	16	static
RepRapFirmware/src/GCodes/GCodeBuffer/ExpressionParser.cpp:833:6:void ExpressionParser::BalanceNumericTypes(ExpressionValue&, ExpressionValue&, bool) const	24	static
RepRapFirmware/src/GCodes/GCodeBuffer/ExpressionParser.cpp:865:6:void ExpressionParser::EvaluateMinOrMax(ExpressionValue&, ExpressionValue&, bool, bool) const	16	static
RepRapFirmware/src/GCodes/GCodeBuffer/ExpressionParser.cpp:1158:6:void ExpressionParser::ConvertToInteger(ExpressionValue&, bool) const	8	static
./RRFLibraries/src/General/function_ref.h:36:45:) [with Callable = ExpressionParser::ParseIntArray(int32_t*, size_t&)::<lambda(ExpressionValue&, size_t)>; RetType = void; Params = {ExpressionValue&, unsigned int}]	16	static
RepRapFirmware/src/GCodes/GCodeBuffer/ExpressionParser.cpp:1188:6:void ExpressionParser::ConvertToUnsigned(ExpressionValue&, bool) const	16	static
./RRFLibraries/src/General/function_ref.h:36:45:) [with Callable = ExpressionParser::ParseUnsignedArray(uint32_t*, size_t&)::<lambda(ExpressionValue&, size_t)>; RetType = void; Params = {ExpressionValue&, unsigned int}]	16	static
RepRapFirmware/src/GCodes/GCodeBuffer/ExpressionParser.cpp:1211:6:void ExpressionParser::ConvertToBool(ExpressionValue&, bool) const	8	static
RepRapFirmware/src/GCodes/GCodeBuffer/ExpressionParser.cpp:1241:6:void ExpressionParser::ConvertToDriverId(ExpressionValue&, bool) const	32	static
./RRFLibraries/src/General/function_ref.h:36:45:) [with Callable = ExpressionParser::ParseDriverIdArray(DriverId*, size_t&)::<lambda(ExpressionValue&, size_t)>; RetType = void; Params = {ExpressionValue&, unsigned int}]	16	static
RepRapFirmware/src/GCodes/GCodeBuffer/ExpressionParser.cpp:1286:6:void ExpressionParser::ApplyLengthOperator(ExpressionValue&, bool) const	96	static
RepRapFirmware/src/GCodes/GCodeBuffer/ExpressionParser.cpp:1330:6:void ExpressionParser::CheckForExtraCharacters()	8	static
RepRapFirmware/src/GCodes/GCodeBuffer/ExpressionParser.cpp:1932:8:time_t ExpressionParser::ParseDateTime(const char*) const	48	static
RepRapFirmware/src/GCodes/GCodeBuffer/ExpressionParser.cpp:2079:6:void ExpressionParser::ParseCharacter(ExpressionValue&)	16	static
RepRapFirmware/src/GCodes/GCodeBuffer/ExpressionParser.cpp:1074:6:void ExpressionParser::BalanceTypes(ExpressionValue&, ExpressionValue&, bool) const	24	static
RepRapFirmware/src/GCodes/GCodeBuffer/ExpressionParser.cpp:2036:6:void ExpressionParser::ParseQuotedString(ExpressionValue&)	304	static
RepRapFirmware/src/GCodes/GCodeBuffer/ExpressionParser.cpp:2126:6:void ExpressionParser::ThrowParseException(const char*, const char*) const	32	static
RepRapFirmware/src/GCodes/GCodeBuffer/ExpressionParser.cpp:1943:6:void ExpressionParser::GetVariableValue(ExpressionValue&, const VariableSet*, const char*, ObjectExplorationContext&, bool, bool, bool)	80	static
RepRapFirmware/src/GCodes/GCodeBuffer/ExpressionParser.cpp:2131:6:void ExpressionParser::ThrowParseException(const char*, uint32_t) const	32	static
RepRapFirmware/src/GCodes/GCodeBuffer/ExpressionParser.cpp:947:6:void ExpressionParser::ReadArrayElementFromFile(ExpressionValue&, LineReader&, char) const	160	static
RepRapFirmware/src/GCodes/GCodeBuffer/ExpressionParser.cpp:882:6:void ExpressionParser::ReadArrayFromFile(ExpressionValue&, unsigned int, unsigned int, char) const	392	static
RepRapFirmware/src/GCodes/GCodeBuffer/ExpressionParser.cpp:2137:6:void ExpressionParser::CheckStack(uint32_t) const	16	static
RepRapFirmware/src/GCodes/GCodeBuffer/ExpressionParser.cpp:1362:6:void ExpressionParser::ParseIdentifierExpression(ExpressionValue&, bool, bool, bool)	296	static
RepRapFirmware/src/GCodes/GCodeBuffer/ExpressionParser.cpp:194:6:void ExpressionParser::ParseInternal(ExpressionValue&, bool, uint8_t)	72	static
RepRapFirmware/src/GCodes/GCodeBuffer/ExpressionParser.cpp:180:17:ExpressionValue ExpressionParser::Parse(bool)	16	static
RepRapFirmware/src/GCodes/GCodeBuffer/ExpressionParser.cpp:648:6:bool ExpressionParser::ParseBoolean()	16	static
RepRapFirmware/src/GCodes/GCodeBuffer/ExpressionParser.cpp:655:7:float ExpressionParser::ParseFloat()	24	static
RepRapFirmware/src/GCodes/GCodeBuffer/ExpressionParser.cpp:662:9:int32_t ExpressionParser::ParseInteger()	16	static
RepRapFirmware/src/GCodes/GCodeBuffer/ExpressionParser.cpp:669:10:uint32_t ExpressionParser::ParseUnsigned()	16	static
RepRapFirmware/src/GCodes/GCodeBuffer/ExpressionParser.cpp:676:10:DriverId ExpressionParser::ParseDriverId()	24	static
RepRapFirmware/src/GCodes/GCodeBuffer/ExpressionParser.cpp:683:6:void ExpressionParser::ParseArray(size_t&, function_ref<void(ExpressionValue&, unsigned int)>)	136	static
RepRapFirmware/src/GCodes/GCodeBuffer/ExpressionParser.cpp:772:6:void ExpressionParser::ParseFloatArray(float*, size_t&)	32	static
RepRapFirmware/src/GCodes/GCodeBuffer/ExpressionParser.cpp:777:6:void ExpressionParser::ParseIntArray(int32_t*, size_t&)	32	static
RepRapFirmware/src/GCodes/GCodeBuffer/ExpressionParser.cpp:782:6:void ExpressionParser::ParseUnsignedArray(uint32_t*, size_t&)	32	static
RepRapFirmware/src/GCodes/GCodeBuffer/ExpressionParser.cpp:787:6:void ExpressionParser::ParseDriverIdArray(DriverId*, size_t&)	32	static
RepRapFirmware/src/GCodes/GCodeBuffer/ExpressionParser.cpp:793:6:void ExpressionParser::ParseGeneralArray(ExpressionValue&, bool)	360	static
RepRapFirmware/src/GCodes/GCodeBuffer/ExpressionParser.cpp:84:6:void ExpressionParser::ParseExpectKet(ExpressionValue&, bool, char)	40	static
RepRapFirmware/src/GCodes/GCodeBuffer/ExpressionParser.cpp:1056:6:void ExpressionParser::GetNextOperand(ExpressionValue&, bool)	16	static
RepRapFirmware/src/GCodes/GCodeBuffer/ExpressionParser.cpp:2156:1:cpp)	0	static
