./RepRapFirmware/src/ObjectModel/ObjectModel.h:319:54:virtual const ObjectModelArrayTableEntry* ObjectModel::GetObjectModelArrayEntry(unsigned int) const	0	static
./RepRapFirmware/src/ObjectModel/ObjectModel.h:324:35:virtual ReadWriteLock* ObjectModel::GetObjectLock(unsigned int) const	0	static
RepRapFirmware/src/GCodes/GCodeBuffer/GCodeBuffer.cpp:55:8:static ExpressionValue GCodeBuffer::<lambda(const ObjectModel*, ObjectExplorationContext&)>::_FUN(const ObjectModel*, ObjectExplorationContext&)	0	static
RepRapFirmware/src/GCodes/GCodeBuffer/GCodeBuffer.cpp:59:21:static ExpressionValue GCodeBuffer::<lambda(const ObjectModel*, ObjectExplorationContext&)>::_FUN(const ObjectModel*, ObjectExplorationContext&)	0	static
RepRapFirmware/src/GCodes/GCodeBuffer/GCodeBuffer.cpp:62:23:static ExpressionValue GCodeBuffer::<lambda(const ObjectModel*, ObjectExplorationContext&)>::_FUN(const ObjectModel*, ObjectExplorationContext&)	0	static
RepRapFirmware/src/GCodes/GCodeBuffer/GCodeBuffer.cpp:63:18:static ExpressionValue GCodeBuffer::<lambda(const ObjectModel*, ObjectExplorationContext&)>::_FUN(const ObjectModel*, ObjectExplorationContext&)	0	static
RepRapFirmware/src/GCodes/GCodeBuffer/GCodeBuffer.cpp:64:17:static ExpressionValue GCodeBuffer::<lambda(const ObjectModel*, ObjectExplorationContext&)>::_FUN(const ObjectModel*, ObjectExplorationContext&)	0	static
RepRapFirmware/src/GCodes/GCodeBuffer/GCodeBuffer.cpp:65:23:static ExpressionValue GCodeBuffer::<lambda(const ObjectModel*, ObjectExplorationContext&)>::_FUN(const ObjectModel*, ObjectExplorationContext&)	0	static
RepRapFirmware/src/GCodes/GCodeBuffer/GCodeBuffer.cpp:67:24:static ExpressionValue GCodeBuffer::<lambda(const ObjectModel*, ObjectExplorationContext&)>::_FUN(const ObjectModel*, ObjectExplorationContext&)	0	static
RepRapFirmware/src/GCodes/GCodeBuffer/GCodeBuffer.cpp:70:8:static ExpressionValue GCodeBuffer::<lambda(const ObjectModel*, ObjectExplorationContext&)>::_FUN(const ObjectModel*, ObjectExplorationContext&)	0	static
RepRapFirmware/src/GCodes/GCodeBuffer/GCodeBuffer.cpp:75:22:static ExpressionValue GCodeBuffer::<lambda(const ObjectModel*, ObjectExplorationContext&)>::_FUN(const ObjectModel*, ObjectExplorationContext&)	0	static
RepRapFirmware/src/GCodes/GCodeBuffer/GCodeBuffer.cpp:78:20:static ExpressionValue GCodeBuffer::<lambda(const ObjectModel*, ObjectExplorationContext&)>::_FUN(const ObjectModel*, ObjectExplorationContext&)	0	static
RepRapFirmware/src/GCodes/GCodeBuffer/GCodeBuffer.cpp:83:1:virtual const ObjectModelClassDescriptor* GCodeBuffer::GetObjectModelClassDescriptor() const	0	static
RepRapFirmware/src/GCodes/GCodeBuffer/GCodeBuffer.h:51:7:GCodeBuffer::~GCodeBuffer()	8	static
RepRapFirmware/src/GCodes/GCodeBuffer/GCodeBuffer.h:51:7:virtual GCodeBuffer::~GCodeBuffer()	8	static
./RRFLibraries/src/General/String.h:36:7:bool String<Len>::cat(c_string) [with unsigned int Len = 256]	16	static
RepRapFirmware/src/GCodes/GCodeBuffer/GCodeBuffer.cpp:60:22:static ExpressionValue GCodeBuffer::<lambda(const ObjectModel*, ObjectExplorationContext&)>::_FUN(const ObjectModel*, ObjectExplorationContext&)	0	static
./RepRapFirmware/src/GCodes/GCodeChannel.h:20:1:const char* GCodeChannel::ToString() const	0	static
RepRapFirmware/src/GCodes/GCodeBuffer/GCodeBuffer.cpp:74:15:static ExpressionValue GCodeBuffer::<lambda(const ObjectModel*, ObjectExplorationContext&)>::_FUN(const ObjectModel*, ObjectExplorationContext&)	8	static
RepRapFirmware/src/GCodes/GCodeBuffer/GCodeBuffer.h:389:13:bool GCodeBuffer::IsDoingFileMacro() const	0	static
RepRapFirmware/src/GCodes/GCodeBuffer/GCodeBuffer.cpp:85:13:const char* GCodeBuffer::GetStateText() const	0	static
RepRapFirmware/src/GCodes/GCodeBuffer/GCodeBuffer.cpp:77:16:static ExpressionValue GCodeBuffer::<lambda(const ObjectModel*, ObjectExplorationContext&)>::_FUN(const ObjectModel*, ObjectExplorationContext&)	8	static
RepRapFirmware/src/GCodes/GCodeBuffer/GCodeBuffer.cpp:153:6:void GCodeBuffer::Init()	8	static
RepRapFirmware/src/GCodes/GCodeBuffer/GCodeBuffer.cpp:166:6:void GCodeBuffer::StartTimer()	8	static
RepRapFirmware/src/GCodes/GCodeBuffer/GCodeBuffer.cpp:173:6:bool GCodeBuffer::DoDwellTime(uint32_t)	16	static
RepRapFirmware/src/GCodes/GCodeBuffer/GCodeBuffer.cpp:194:6:bool GCodeBuffer::IsReportDue()	8	static
RepRapFirmware/src/GCodes/GCodeBuffer/GCodeBuffer.cpp:272:6:bool GCodeBuffer::Put(char)	0	static
RepRapFirmware/src/GCodes/GCodeBuffer/GCodeBuffer.cpp:282:6:void GCodeBuffer::DecodeCommand()	0	static
RepRapFirmware/src/GCodes/GCodeBuffer/GCodeBuffer.cpp:288:6:bool GCodeBuffer::CheckMetaCommand(const StringRef&)	0	static
RepRapFirmware/src/GCodes/GCodeBuffer/GCodeBuffer.cpp:297:6:void GCodeBuffer::PutBinary(const uint32_t*, size_t)	4	static
RepRapFirmware/src/GCodes/GCodeBuffer/GCodeBuffer.cpp:308:6:void GCodeBuffer::PutAndDecode(const char*, size_t)	4	static
RepRapFirmware/src/GCodes/GCodeBuffer/GCodeBuffer.cpp:318:6:void GCodeBuffer::PutAndDecode(const char*)	0	static
RepRapFirmware/src/GCodes/GCodeBuffer/GCodeBuffer.cpp:327:6:void GCodeBuffer::StartNewFile()	8	static
RepRapFirmware/src/GCodes/GCodeBuffer/GCodeBuffer.cpp:337:6:bool GCodeBuffer::FileEnded()	0	static
RepRapFirmware/src/GCodes/GCodeBuffer/GCodeBuffer.cpp:342:6:char GCodeBuffer::GetCommandLetter() const	0	static
RepRapFirmware/src/GCodes/GCodeBuffer/GCodeBuffer.cpp:347:6:bool GCodeBuffer::HasCommandNumber() const	0	static
RepRapFirmware/src/GCodes/GCodeBuffer/GCodeBuffer.cpp:352:5:int GCodeBuffer::GetCommandNumber() const	0	static
RepRapFirmware/src/GCodes/GCodeBuffer/GCodeBuffer.cpp:208:6:bool GCodeBuffer::IsWaitingForTemperatures() const	8	static
RepRapFirmware/src/GCodes/GCodeBuffer/GCodeBuffer.cpp:357:6:void GCodeBuffer::GetCompleteParameters(const StringRef&)	0	static
RepRapFirmware/src/GCodes/GCodeBuffer/GCodeBuffer.cpp:362:8:int8_t GCodeBuffer::GetCommandFraction() const	0	static
RepRapFirmware/src/GCodes/GCodeBuffer/GCodeBuffer.cpp:442:6:bool GCodeBuffer::IsLastCommand() const	0	static
RepRapFirmware/src/GCodes/GCodeBuffer/GCodeBuffer.cpp:447:6:bool GCodeBuffer::ContainsExpression() const	0	static
RepRapFirmware/src/GCodes/GCodeBuffer/GCodeBuffer.cpp:453:6:bool GCodeBuffer::Seen(char)	0	static
RepRapFirmware/src/GCodes/GCodeBuffer/GCodeBuffer.cpp:458:24:ParameterLettersBitmap GCodeBuffer::AllParameters() const	0	static
RepRapFirmware/src/GCodes/GCodeBuffer/GCodeBuffer.cpp:464:6:void GCodeBuffer::MustSee(char)	32	static
RepRapFirmware/src/GCodes/GCodeBuffer/GCodeBuffer.cpp:473:6:char GCodeBuffer::MustSee(char, char)	32	static
RepRapFirmware/src/GCodes/GCodeBuffer/GCodeBuffer.cpp:481:7:float GCodeBuffer::GetFValue()	0	static
RepRapFirmware/src/GCodes/GCodeBuffer/GCodeBuffer.cpp:487:7:float GCodeBuffer::GetPositiveFValue()	16	static
RepRapFirmware/src/GCodes/GCodeBuffer/GCodeBuffer.cpp:500:7:float GCodeBuffer::GetNonNegativeFValue()	16	static
RepRapFirmware/src/GCodes/GCodeBuffer/GCodeBuffer.cpp:512:7:float GCodeBuffer::GetLimitedFValue(char, float, float)	40	static
RepRapFirmware/src/GCodes/GCodeBuffer/GCodeBuffer.cpp:539:7:float GCodeBuffer::GetSpeedFromMm(bool)	8	static
RepRapFirmware/src/GCodes/GCodeBuffer/GCodeBuffer.cpp:545:7:float GCodeBuffer::GetAcceleration()	8	static
RepRapFirmware/src/GCodes/GCodeBuffer/GCodeBuffer.cpp:551:9:int32_t GCodeBuffer::GetIValue()	0	static
RepRapFirmware/src/GCodes/GCodeBuffer/GCodeBuffer.cpp:557:9:int32_t GCodeBuffer::GetLimitedIValue(char, int32_t, int32_t)	32	static
RepRapFirmware/src/GCodes/GCodeBuffer/GCodeBuffer.cpp:573:10:uint32_t GCodeBuffer::GetUIValue()	0	static
RepRapFirmware/src/GCodes/GCodeBuffer/GCodeBuffer.cpp:579:10:uint32_t GCodeBuffer::GetLimitedUIValue(char, uint32_t, uint32_t)	32	static
RepRapFirmware/src/GCodes/GCodeBuffer/GCodeBuffer.cpp:595:6:void GCodeBuffer::GetIPAddress(IPAddress&)	0	static
RepRapFirmware/src/GCodes/GCodeBuffer/GCodeBuffer.cpp:601:6:void GCodeBuffer::GetMacAddress(MacAddress&)	0	static
RepRapFirmware/src/GCodes/GCodeBuffer/GCodeBuffer.cpp:607:6:void GCodeBuffer::GetUnprecedentedString(const StringRef&, bool)	0	static
RepRapFirmware/src/GCodes/GCodeBuffer/GCodeBuffer.cpp:613:6:void GCodeBuffer::GetQuotedString(const StringRef&, bool)	0	static
RepRapFirmware/src/GCodes/GCodeBuffer/GCodeBuffer.cpp:619:6:void GCodeBuffer::GetPossiblyQuotedString(const StringRef&, bool)	0	static
RepRapFirmware/src/GCodes/GCodeBuffer/GCodeBuffer.cpp:624:6:void GCodeBuffer::GetReducedString(const StringRef&)	16	static
RepRapFirmware/src/GCodes/GCodeBuffer/GCodeBuffer.cpp:642:6:void GCodeBuffer::GetFloatArray(float*, size_t&, bool)	24	static
RepRapFirmware/src/GCodes/GCodeBuffer/GCodeBuffer.cpp:657:6:void GCodeBuffer::GetIntArray(int32_t*, size_t&, bool)	24	static
RepRapFirmware/src/GCodes/GCodeBuffer/GCodeBuffer.cpp:672:6:void GCodeBuffer::GetUnsignedArray(uint32_t*, size_t&, bool)	24	static
RepRapFirmware/src/GCodes/GCodeBuffer/GCodeBuffer.cpp:687:17:ExpressionValue GCodeBuffer::GetExpression()	8	static
RepRapFirmware/src/GCodes/GCodeBuffer/GCodeBuffer.cpp:693:6:void GCodeBuffer::GetDriverIdArray(DriverId*, size_t&)	0	static
RepRapFirmware/src/GCodes/GCodeBuffer/GCodeBuffer.cpp:699:6:bool GCodeBuffer::TryGetFValue(char, float&, bool&)	24	static
RepRapFirmware/src/GCodes/GCodeBuffer/GCodeBuffer.cpp:711:6:bool GCodeBuffer::TryGetIValue(char, int32_t&, bool&)	24	static
RepRapFirmware/src/GCodes/GCodeBuffer/GCodeBuffer.cpp:723:6:bool GCodeBuffer::TryGetLimitedIValue(char, int32_t&, bool&, int32_t, int32_t)	24	static
RepRapFirmware/src/GCodes/GCodeBuffer/GCodeBuffer.cpp:734:6:bool GCodeBuffer::TryGetNonNegativeFValue(char, float&, bool&)	24	static
RepRapFirmware/src/GCodes/GCodeBuffer/GCodeBuffer.cpp:745:6:bool GCodeBuffer::TryGetLimitedFValue(char, float&, bool&, float, float)	32	static
RepRapFirmware/src/GCodes/GCodeBuffer/GCodeBuffer.cpp:757:6:bool GCodeBuffer::TryGetUIValue(char, uint32_t&, bool&)	24	static
RepRapFirmware/src/GCodes/GCodeBuffer/GCodeBuffer.cpp:769:6:bool GCodeBuffer::TryGetLimitedUIValue(char, uint32_t&, bool&, uint32_t)	24	static
RepRapFirmware/src/GCodes/GCodeBuffer/GCodeBuffer.cpp:781:6:bool GCodeBuffer::TryGetBValue(char, bool&, bool&)	24	static
RepRapFirmware/src/GCodes/GCodeBuffer/GCodeBuffer.cpp:834:6:bool GCodeBuffer::TryGetQuotedString(char, const StringRef&, bool&, bool)	24	static
RepRapFirmware/src/GCodes/GCodeBuffer/GCodeBuffer.cpp:847:6:bool GCodeBuffer::TryGetPossiblyQuotedString(char, const StringRef&, bool&)	24	static
RepRapFirmware/src/GCodes/GCodeBuffer/GCodeBuffer.cpp:859:14:PwmFrequency GCodeBuffer::GetPwmFrequency()	8	static
RepRapFirmware/src/GCodes/GCodeBuffer/GCodeBuffer.cpp:865:7:float GCodeBuffer::GetPwmValue()	8	static
RepRapFirmware/src/GCodes/GCodeBuffer/GCodeBuffer.cpp:876:10:DriverId GCodeBuffer::GetDriverId()	8	static
RepRapFirmware/src/GCodes/GCodeBuffer/GCodeBuffer.cpp:881:6:bool GCodeBuffer::IsIdle() const	0	static
RepRapFirmware/src/GCodes/GCodeBuffer/GCodeBuffer.cpp:886:6:bool GCodeBuffer::IsCompletelyIdle() const	0	static
RepRapFirmware/src/GCodes/GCodeBuffer/GCodeBuffer.cpp:891:6:void GCodeBuffer::SetFinished(bool)	0	static
RepRapFirmware/src/GCodes/GCodeBuffer/GCodeBuffer.cpp:907:6:void GCodeBuffer::SetCommsProperties(uint32_t)	0	static
RepRapFirmware/src/GCodes/GCodeBuffer/GCodeBuffer.cpp:913:20:GCodeMachineState& GCodeBuffer::OriginalMachineState() const	0	static
RepRapFirmware/src/GCodes/GCodeBuffer/GCodeBuffer.cpp:923:20:GCodeMachineState& GCodeBuffer::CurrentFileMachineState() const	0	static
RepRapFirmware/src/GCodes/GCodeBuffer/GCodeBuffer.cpp:66:20:static ExpressionValue GCodeBuffer::<lambda(const ObjectModel*, ObjectExplorationContext&)>::_FUN(const ObjectModel*, ObjectExplorationContext&)	8	static
RepRapFirmware/src/GCodes/GCodeBuffer/GCodeBuffer.cpp:934:6:bool GCodeBuffer::AllStatesNormal() const	0	static
RepRapFirmware/src/GCodes/GCodeBuffer/GCodeBuffer.cpp:947:7:float GCodeBuffer::ConvertDistance(float) const	0	static
RepRapFirmware/src/GCodes/GCodeBuffer/GCodeBuffer.cpp:527:7:float GCodeBuffer::GetDistance()	8	static
RepRapFirmware/src/GCodes/GCodeBuffer/GCodeBuffer.cpp:953:7:float GCodeBuffer::InverseConvertDistance(float) const	0	static
RepRapFirmware/src/GCodes/GCodeBuffer/GCodeBuffer.cpp:959:7:float GCodeBuffer::ConvertSpeed(float) const	0	static
RepRapFirmware/src/GCodes/GCodeBuffer/GCodeBuffer.cpp:533:7:float GCodeBuffer::GetSpeed()	8	static
RepRapFirmware/src/GCodes/GCodeBuffer/GCodeBuffer.cpp:965:7:float GCodeBuffer::InverseConvertSpeed(float) const	0	static
RepRapFirmware/src/GCodes/GCodeBuffer/GCodeBuffer.cpp:970:13:const char* GCodeBuffer::GetDistanceUnits() const	0	static
RepRapFirmware/src/GCodes/GCodeBuffer/GCodeBuffer.cpp:61:21:static ExpressionValue GCodeBuffer::<lambda(const ObjectModel*, ObjectExplorationContext&)>::_FUN(const ObjectModel*, ObjectExplorationContext&)	8	static
RepRapFirmware/src/GCodes/GCodeBuffer/GCodeBuffer.cpp:976:14:unsigned int GCodeBuffer::GetStackDepth() const	0	static
RepRapFirmware/src/GCodes/GCodeBuffer/GCodeBuffer.cpp:76:20:static ExpressionValue GCodeBuffer::<lambda(const ObjectModel*, ObjectExplorationContext&)>::_FUN(const ObjectModel*, ObjectExplorationContext&)	8	static
RepRapFirmware/src/GCodes/GCodeBuffer/GCodeBuffer.cpp:397:6:bool GCodeBuffer::IsLaterThan(const GCodeBuffer&) const	16	static
RepRapFirmware/src/GCodes/GCodeBuffer/GCodeBuffer.cpp:1058:6:void GCodeBuffer::ClosePrintFile()	16	static
RepRapFirmware/src/GCodes/GCodeBuffer/GCodeBuffer.cpp:1091:6:void GCodeBuffer::SetFileFinished()	8	static
RepRapFirmware/src/GCodes/GCodeBuffer/GCodeBuffer.cpp:1122:6:void GCodeBuffer::SetPrintFinished()	8	static
RepRapFirmware/src/GCodes/GCodeBuffer/GCodeBuffer.cpp:1141:6:bool GCodeBuffer::RequestMacroFile(const char*, bool)	40	static
RepRapFirmware/src/GCodes/GCodeBuffer/GCodeBuffer.cpp:1177:6:void GCodeBuffer::ResolveMacroRequest(bool, bool)	0	static
RepRapFirmware/src/GCodes/GCodeBuffer/GCodeBuffer.cpp:1185:6:void GCodeBuffer::MacroFileClosed()	16	static
RepRapFirmware/src/GCodes/GCodeBuffer/GCodeBuffer.cpp:1204:6:void GCodeBuffer::MessageAcknowledged(bool, uint32_t, ExpressionValue)	32	static
RepRapFirmware/src/GCodes/GCodeBuffer/GCodeBuffer.cpp:1226:13:MessageType GCodeBuffer::GetResponseMessageType() const	8	static
RepRapFirmware/src/GCodes/GCodeBuffer/GCodeBuffer.cpp:1237:14:FilePosition GCodeBuffer::GetJobFilePosition() const	8	static
RepRapFirmware/src/GCodes/GCodeBuffer/GCodeBuffer.cpp:1244:14:FilePosition GCodeBuffer::GetPrintingFilePosition(bool) const	16	static
RepRapFirmware/src/GCodes/GCodeBuffer/GCodeBuffer.cpp:1269:6:void GCodeBuffer::SavePrintingFilePosition()	8	static
RepRapFirmware/src/GCodes/GCodeBuffer/GCodeBuffer.cpp:1274:6:void GCodeBuffer::WaitForAcknowledgement(uint32_t)	8	static
RepRapFirmware/src/GCodes/GCodeBuffer/GCodeBuffer.cpp:1287:6:bool GCodeBuffer::OpenFileToWrite(const char*, const char*, FilePosition, bool, uint32_t)	12	static
RepRapFirmware/src/GCodes/GCodeBuffer/GCodeBuffer.cpp:1292:6:bool GCodeBuffer::IsWritingFile() const	0	static
RepRapFirmware/src/GCodes/GCodeBuffer/GCodeBuffer.cpp:1297:6:void GCodeBuffer::WriteToFile()	0	static
RepRapFirmware/src/GCodes/GCodeBuffer/GCodeBuffer.cpp:1302:6:bool GCodeBuffer::IsWritingBinary() const	0	static
RepRapFirmware/src/GCodes/GCodeBuffer/GCodeBuffer.cpp:1307:6:bool GCodeBuffer::WriteBinaryToFile(char)	0	static
RepRapFirmware/src/GCodes/GCodeBuffer/GCodeBuffer.cpp:1312:6:void GCodeBuffer::FinishWritingBinary()	0	static
RepRapFirmware/src/GCodes/GCodeBuffer/GCodeBuffer.cpp:1319:6:void GCodeBuffer::RestartFrom(FilePosition)	16	static
RepRapFirmware/src/GCodes/GCodeBuffer/GCodeBuffer.cpp:1331:13:const char* GCodeBuffer::DataStart() const	0	static
RepRapFirmware/src/GCodes/GCodeBuffer/GCodeBuffer.cpp:1338:8:size_t GCodeBuffer::DataLength() const	0	static
RepRapFirmware/src/GCodes/GCodeBuffer/GCodeBuffer.cpp:1343:6:void GCodeBuffer::PrintCommand(const StringRef&) const	0	static
RepRapFirmware/src/GCodes/GCodeBuffer/GCodeBuffer.cpp:1348:6:void GCodeBuffer::AppendFullCommand(const StringRef&) const	0	static
RepRapFirmware/src/GCodes/GCodeBuffer/GCodeBuffer.cpp:1353:6:void GCodeBuffer::AddParameters(VariableSet&, int)	0	static
RepRapFirmware/src/GCodes/GCodeBuffer/GCodeBuffer.cpp:1358:14:VariableSet& GCodeBuffer::GetVariables() const	0	static
RepRapFirmware/src/GCodes/GCodeBuffer/GCodeBuffer.cpp:1368:6:void GCodeBuffer::ThrowGCodeException(const char*) const	24	static
RepRapFirmware/src/GCodes/GCodeBuffer/GCodeBuffer.cpp:1378:6:void GCodeBuffer::ThrowGCodeException(const char*, uint32_t) const	32	static
RepRapFirmware/src/GCodes/GCodeBuffer/GCodeBuffer.cpp:795:6:void GCodeBuffer::TryGetUIArray(char, size_t, uint32_t*, bool&, bool)	24	static
RepRapFirmware/src/GCodes/GCodeBuffer/GCodeBuffer.cpp:815:6:void GCodeBuffer::TryGetFloatArray(char, size_t, float*, bool&, bool)	24	static
RepRapFirmware/src/GCodes/GCodeBuffer/GCodeBuffer.cpp:1390:6:bool GCodeBuffer::DoingCoordinateRotation() const	0	static
./RRFLibraries/src/General/String.h:107:26:) [with unsigned int Len = 256]	20	static
RepRapFirmware/src/GCodes/GCodeBuffer/GCodeBuffer.cpp:219:6:void GCodeBuffer::Diagnostics(MessageType)	296	static
./RRFLibraries/src/General/FreelistManager.h:34:28:static void* FreelistManager::Freelist<Sz>::AllocateItem() [with unsigned int Sz = 128]	8	static
RepRapFirmware/src/GCodes/GCodeBuffer/GCodeBuffer.cpp:987:6:bool GCodeBuffer::PushState(bool)	16	static
./RRFLibraries/src/General/FreelistManager.h:50:27:static void FreelistManager::Freelist<Sz>::ReleaseItem(void*) [with unsigned int Sz = 128]	8	static
RepRapFirmware/src/GCodes/GCodeBuffer/GCodeBuffer.cpp:370:6:void GCodeBuffer::ForkFrom(const GCodeBuffer&)	24	static
RepRapFirmware/src/GCodes/GCodeBuffer/GCodeBuffer.cpp:1001:6:bool GCodeBuffer::PopState(bool)	24	static
RepRapFirmware/src/GCodes/GCodeBuffer/GCodeBuffer.cpp:130:6:void GCodeBuffer::Reset()	8	static
RepRapFirmware/src/GCodes/GCodeBuffer/GCodeBuffer.cpp:104:1:GCodeBuffer::GCodeBuffer(GCodeChannel::RawType, GCodeInput*, FileGCodeInput*, MessageType, Compatibility::RawType)	24	static
RepRapFirmware/src/GCodes/GCodeBuffer/GCodeBuffer.cpp:1026:6:void GCodeBuffer::AbortFile(bool)	16	static
RepRapFirmware/src/GCodes/GCodeBuffer/GCodeBuffer.cpp:1393:1:cpp)	0	static
