./RRFLibraries/src/RTOSIface/RTOSIface.h:510:2:WriteLocker::~WriteLocker()	8	static
RepRapFirmware/src/GCodes/GCodeBuffer/GCodeBuffer.h:163:7:bool GCodeBuffer::Executing() const	0	static
RepRapFirmware/src/GCodes/GCodeBuffer/GCodeBuffer.h:174:33:GCodeMachineState::BlockState& GCodeBuffer::GetBlockState() const	8	static
RepRapFirmware/src/GCodes/GCodeBuffer/GCodeBuffer.h:175:11:uint16_t GCodeBuffer::GetBlockIndent() const	8	static
RepRapFirmware/src/GCodes/GCodeBuffer/StringParser.cpp:35:6:void StringParser::Init()	0	static
RepRapFirmware/src/GCodes/GCodeBuffer/StringParser.cpp:27:1:StringParser::StringParser(GCodeBuffer&)	16	static
RepRapFirmware/src/GCodes/GCodeBuffer/StringParser.cpp:440:6:void StringParser::CheckForMixedSpacesAndTabs()	16	static
RepRapFirmware/src/GCodes/GCodeBuffer/StringParser.cpp:944:6:bool StringParser::EvaluateCondition()	160	static
RepRapFirmware/src/GCodes/GCodeBuffer/StringParser.cpp:565:6:void StringParser::ProcessIfCommand()	16	static
RepRapFirmware/src/GCodes/GCodeBuffer/StringParser.cpp:1065:6:void StringParser::FindParameters()	48	static
RepRapFirmware/src/GCodes/GCodeBuffer/StringParser.cpp:956:6:void StringParser::DecodeCommand()	24	static
RepRapFirmware/src/GCodes/GCodeBuffer/StringParser.cpp:1155:6:void StringParser::ResetIndentationAfterPop()	16	static
RepRapFirmware/src/GCodes/GCodeBuffer/StringParser.cpp:1164:6:void StringParser::SetFinished()	0	static
RepRapFirmware/src/GCodes/GCodeBuffer/StringParser.cpp:1182:14:FilePosition StringParser::GetFilePosition() const	16	static
RepRapFirmware/src/GCodes/GCodeBuffer/StringParser.cpp:627:6:void StringParser::ProcessWhileCommand()	16	static
RepRapFirmware/src/GCodes/GCodeBuffer/StringParser.cpp:283:6:bool StringParser::LineFinished()	16	static
RepRapFirmware/src/GCodes/GCodeBuffer/StringParser.cpp:75:6:bool StringParser::Put(char)	24	static
RepRapFirmware/src/GCodes/GCodeBuffer/StringParser.cpp:1145:6:void StringParser::PutCommand(const char*)	16	static
RepRapFirmware/src/GCodes/GCodeBuffer/StringParser.cpp:1123:6:void StringParser::PutAndDecode(const char*, size_t)	16	static
RepRapFirmware/src/GCodes/GCodeBuffer/StringParser.cpp:1139:6:void StringParser::PutAndDecode(const char*)	16	static
RepRapFirmware/src/GCodes/GCodeBuffer/StringParser.cpp:1204:13:const char* StringParser::DataStart() const	0	static
RepRapFirmware/src/GCodes/GCodeBuffer/StringParser.cpp:1209:8:size_t StringParser::DataLength() const	0	static
RepRapFirmware/src/GCodes/GCodeBuffer/StringParser.cpp:1215:6:bool StringParser::IsLastCommand() const	0	static
RepRapFirmware/src/GCodes/GCodeBuffer/StringParser.cpp:1222:6:bool StringParser::Seen(char)	64	static
RepRapFirmware/src/GCodes/GCodeBuffer/StringParser.cpp:1586:6:void StringParser::GetCompleteParameters(const StringRef&) const	0	static
RepRapFirmware/src/GCodes/GCodeBuffer/StringParser.cpp:1713:6:void StringParser::PrintCommand(const StringRef&) const	16	static
RepRapFirmware/src/GCodes/GCodeBuffer/StringParser.cpp:1724:6:void StringParser::AppendFullCommand(const StringRef&) const	24	static
RepRapFirmware/src/GCodes/GCodeBuffer/StringParser.cpp:1751:6:void StringParser::StartNewFile()	0	static
RepRapFirmware/src/GCodes/GCodeBuffer/StringParser.cpp:1759:6:bool StringParser::OpenFileToWrite(const char*, const char*, FilePosition, bool, uint32_t)	24	static
RepRapFirmware/src/GCodes/GCodeBuffer/StringParser.cpp:1845:6:void StringParser::FinishWritingBinary()	8	static
RepRapFirmware/src/GCodes/GCodeBuffer/StringParser.cpp:1814:6:bool StringParser::WriteBinaryToFile(char)	24	static
RepRapFirmware/src/GCodes/GCodeBuffer/StringParser.cpp:1866:6:bool StringParser::FileEnded()	16	static
RepRapFirmware/src/GCodes/GCodeBuffer/StringParser.cpp:2046:6:void StringParser::SkipWhiteSpace()	0	static
RepRapFirmware/src/GCodes/GCodeBuffer/StringParser.cpp:822:6:void StringParser::ProcessAbortCommand(const StringRef&)	176	static
RepRapFirmware/src/GCodes/GCodeBuffer/StringParser.cpp:2054:6:void StringParser::AddParameters(VariableSet&, int)	40	static
RepRapFirmware/src/GCodes/GCodeBuffer/StringParser.cpp:2091:5:int StringParser::GetColumn() const	0	static
RepRapFirmware/src/GCodes/GCodeBuffer/StringParser.cpp:2075:16:GCodeException StringParser::ConstructParseException(const char*) const	16	static
RepRapFirmware/src/GCodes/GCodeBuffer/StringParser.cpp:578:6:void StringParser::ProcessElseCommand(BlockType)	16	static
RepRapFirmware/src/GCodes/GCodeBuffer/StringParser.cpp:602:6:void StringParser::ProcessElifCommand(BlockType)	16	static
RepRapFirmware/src/GCodes/GCodeBuffer/StringParser.cpp:646:6:void StringParser::ProcessBreakCommand()	16	static
RepRapFirmware/src/GCodes/GCodeBuffer/StringParser.cpp:660:6:void StringParser::ProcessContinueCommand()	16	static
RepRapFirmware/src/GCodes/GCodeBuffer/StringParser.cpp:1434:17:ExpressionValue StringParser::GetExpression()	168	static
RepRapFirmware/src/GCodes/GCodeBuffer/StringParser.cpp:1487:6:void StringParser::InternalGetQuotedString(const StringRef&)	32	static
RepRapFirmware/src/GCodes/GCodeBuffer/StringParser.cpp:1542:6:void StringParser::InternalGetPossiblyQuotedString(const StringRef&)	176	static
RepRapFirmware/src/GCodes/GCodeBuffer/StringParser.cpp:1453:6:void StringParser::GetQuotedString(const StringRef&, bool)	184	static
RepRapFirmware/src/GCodes/GCodeBuffer/StringParser.cpp:1527:6:void StringParser::GetPossiblyQuotedString(const StringRef&, bool)	16	static
RepRapFirmware/src/GCodes/GCodeBuffer/StringParser.cpp:1575:6:void StringParser::GetUnprecedentedString(const StringRef&, bool)	16	static
RepRapFirmware/src/GCodes/GCodeBuffer/StringParser.cpp:1631:6:void StringParser::GetIPAddress(IPAddress&)	32	static
RepRapFirmware/src/GCodes/GCodeBuffer/StringParser.cpp:1673:6:void StringParser::GetMacAddress(MacAddress&)	32	static
RepRapFirmware/src/GCodes/GCodeBuffer/StringParser.cpp:853:6:void StringParser::ProcessEchoCommand(const StringRef&)	184	static
RepRapFirmware/src/GCodes/GCodeBuffer/StringParser.cpp:2080:16:GCodeException StringParser::ConstructParseException(const char*, const char*) const	24	static
RepRapFirmware/src/GCodes/GCodeBuffer/StringParser.cpp:679:6:void StringParser::ProcessVarOrGlobalCommand(bool)	336	static
RepRapFirmware/src/GCodes/GCodeBuffer/StringParser.cpp:730:6:void StringParser::ProcessSetCommand()	344	static
RepRapFirmware/src/GCodes/GCodeBuffer/StringParser.cpp:452:6:bool StringParser::ProcessConditionalGCode(const StringRef&, BlockType, bool)	24	static
RepRapFirmware/src/GCodes/GCodeBuffer/StringParser.cpp:354:6:bool StringParser::CheckMetaCommand(const StringRef&)	24	static
RepRapFirmware/src/GCodes/GCodeBuffer/StringParser.cpp:2085:16:GCodeException StringParser::ConstructParseException(const char*, uint32_t) const	24	static
RepRapFirmware/src/GCodes/GCodeBuffer/StringParser.cpp:1444:6:void StringParser::CheckArrayLength(size_t, size_t)	16	static
RepRapFirmware/src/GCodes/GCodeBuffer/StringParser.cpp:1444:6:void StringParser::CheckArrayLength(size_t, size_t)	8	static
RepRapFirmware/src/GCodes/GCodeBuffer/StringParser.cpp:1923:6:void StringParser::CheckNumberFound(const char*)	16	static
RepRapFirmware/src/GCodes/GCodeBuffer/StringParser.cpp:1933:7:float StringParser::ReadFloatValue()	168	static
RepRapFirmware/src/GCodes/GCodeBuffer/StringParser.cpp:1285:7:float StringParser::GetFValue()	8	static
RepRapFirmware/src/GCodes/GCodeBuffer/StringParser.cpp:1299:6:void StringParser::GetFloatArray(float*, size_t&)	176	static
RepRapFirmware/src/GCodes/GCodeBuffer/StringParser.cpp:1949:10:uint32_t StringParser::ReadUIValue()	168	static
RepRapFirmware/src/GCodes/GCodeBuffer/StringParser.cpp:1366:6:void StringParser::GetUnsignedArray(uint32_t*, size_t&)	176	static
RepRapFirmware/src/GCodes/GCodeBuffer/StringParser.cpp:1605:10:uint32_t StringParser::GetUIValue()	8	static
RepRapFirmware/src/GCodes/GCodeBuffer/StringParser.cpp:1982:10:DriverId StringParser::ReadDriverIdValue()	176	static
RepRapFirmware/src/GCodes/GCodeBuffer/StringParser.cpp:1400:6:void StringParser::GetDriverIdArray(DriverId*, size_t&)	176	static
RepRapFirmware/src/GCodes/GCodeBuffer/StringParser.cpp:1618:10:DriverId StringParser::GetDriverId()	16	static
RepRapFirmware/src/GCodes/GCodeBuffer/StringParser.cpp:1966:9:int32_t StringParser::ReadIValue()	168	static
RepRapFirmware/src/GCodes/GCodeBuffer/StringParser.cpp:1332:6:void StringParser::GetIntArray(int32_t*, size_t&)	176	static
RepRapFirmware/src/GCodes/GCodeBuffer/StringParser.cpp:1592:9:int32_t StringParser::GetIValue()	8	static
./RRFLibraries/src/General/function_ref.h:36:45:) [with Callable = StringParser::AddParameters(VariableSet&, int)::<lambda(unsigned int, unsigned int)>; RetType = void; Params = {unsigned int, unsigned int}]	208	static
./RRFLibraries/src/General/String.h:98:26:) [with unsigned int Len = 20]	20	static
RepRapFirmware/src/GCodes/GCodeBuffer/StringParser.cpp:1775:6:void StringParser::WriteToFile()	40	static
RepRapFirmware/src/GCodes/GCodeBuffer/StringParser.cpp:2094:1:cpp)	0	static
