./RepRapFirmware/src/ObjectModel/ObjectModel.h:324:35:virtual ReadWriteLock* ObjectModel::GetObjectLock(unsigned int) const	0	static
RepRapFirmware/src/PrintMonitor/PrintMonitor.cpp:46:3:static constexpr size_t PrintMonitor::<lambda(const ObjectModel*, const ObjectExplorationContext&)>::_FUN(const ObjectModel*, const ObjectExplorationContext&)	0	static
RepRapFirmware/src/PrintMonitor/PrintMonitor.cpp:63:3:static ExpressionValue PrintMonitor::<lambda(const ObjectModel*, ObjectExplorationContext&)>::_FUN(const ObjectModel*, ObjectExplorationContext&)	8	static
RepRapFirmware/src/PrintMonitor/PrintMonitor.cpp:67:1:virtual const ObjectModelArrayTableEntry* PrintMonitor::GetObjectModelArrayEntry(unsigned int) const	0	static
RepRapFirmware/src/PrintMonitor/PrintMonitor.cpp:73:16:static ExpressionValue PrintMonitor::<lambda(const ObjectModel*, ObjectExplorationContext&)>::_FUN(const ObjectModel*, ObjectExplorationContext&)	0	static
RepRapFirmware/src/PrintMonitor/PrintMonitor.cpp:75:15:static ExpressionValue PrintMonitor::<lambda(const ObjectModel*, ObjectExplorationContext&)>::_FUN(const ObjectModel*, ObjectExplorationContext&)	8	static
RepRapFirmware/src/PrintMonitor/PrintMonitor.cpp:79:26:static ExpressionValue PrintMonitor::<lambda(const ObjectModel*, ObjectExplorationContext&)>::_FUN(const ObjectModel*, ObjectExplorationContext&)	0	static
RepRapFirmware/src/PrintMonitor/PrintMonitor.cpp:85:19:static ExpressionValue PrintMonitor::<lambda(const ObjectModel*, ObjectExplorationContext&)>::_FUN(const ObjectModel*, ObjectExplorationContext&)	8	static
RepRapFirmware/src/PrintMonitor/PrintMonitor.cpp:89:18:static ExpressionValue PrintMonitor::<lambda(const ObjectModel*, ObjectExplorationContext&)>::_FUN(const ObjectModel*, ObjectExplorationContext&)	0	static
RepRapFirmware/src/PrintMonitor/PrintMonitor.cpp:90:18:static ExpressionValue PrintMonitor::<lambda(const ObjectModel*, ObjectExplorationContext&)>::_FUN(const ObjectModel*, ObjectExplorationContext&)	0	static
RepRapFirmware/src/PrintMonitor/PrintMonitor.cpp:91:20:static ExpressionValue PrintMonitor::<lambda(const ObjectModel*, ObjectExplorationContext&)>::_FUN(const ObjectModel*, ObjectExplorationContext&)	0	static
RepRapFirmware/src/PrintMonitor/PrintMonitor.cpp:92:17:static ExpressionValue PrintMonitor::<lambda(const ObjectModel*, ObjectExplorationContext&)>::_FUN(const ObjectModel*, ObjectExplorationContext&)	0	static
RepRapFirmware/src/PrintMonitor/PrintMonitor.cpp:94:20:static ExpressionValue PrintMonitor::<lambda(const ObjectModel*, ObjectExplorationContext&)>::_FUN(const ObjectModel*, ObjectExplorationContext&)	0	static
RepRapFirmware/src/PrintMonitor/PrintMonitor.cpp:95:19:static ExpressionValue PrintMonitor::<lambda(const ObjectModel*, ObjectExplorationContext&)>::_FUN(const ObjectModel*, ObjectExplorationContext&)	0	static
RepRapFirmware/src/PrintMonitor/PrintMonitor.cpp:96:19:static ExpressionValue PrintMonitor::<lambda(const ObjectModel*, ObjectExplorationContext&)>::_FUN(const ObjectModel*, ObjectExplorationContext&)	0	static
RepRapFirmware/src/PrintMonitor/PrintMonitor.cpp:97:22:static ExpressionValue PrintMonitor::<lambda(const ObjectModel*, ObjectExplorationContext&)>::_FUN(const ObjectModel*, ObjectExplorationContext&)	0	static
RepRapFirmware/src/PrintMonitor/PrintMonitor.cpp:98:15:static ExpressionValue PrintMonitor::<lambda(const ObjectModel*, ObjectExplorationContext&)>::_FUN(const ObjectModel*, ObjectExplorationContext&)	0	static
RepRapFirmware/src/PrintMonitor/PrintMonitor.cpp:99:20:static ExpressionValue PrintMonitor::<lambda(const ObjectModel*, ObjectExplorationContext&)>::_FUN(const ObjectModel*, ObjectExplorationContext&)	0	static
RepRapFirmware/src/PrintMonitor/PrintMonitor.cpp:116:1:virtual const ObjectModelClassDescriptor* PrintMonitor::GetObjectModelClassDescriptor() const	0	static
RepRapFirmware/src/PrintMonitor/PrintMonitor.h:34:7:PrintMonitor::~PrintMonitor()	0	static
RepRapFirmware/src/PrintMonitor/PrintMonitor.cpp:48:3:static ExpressionValue PrintMonitor::<lambda(const ObjectModel*, ObjectExplorationContext&)>::_FUN(const ObjectModel*, ObjectExplorationContext&)	16	static
RepRapFirmware/src/PrintMonitor/PrintMonitor.cpp:106:16:static ExpressionValue PrintMonitor::<lambda(const ObjectModel*, ObjectExplorationContext&)>::_FUN(const ObjectModel*, ObjectExplorationContext&)	16	static
RepRapFirmware/src/PrintMonitor/PrintMonitor.cpp:103:17:static ExpressionValue PrintMonitor::<lambda(const ObjectModel*, ObjectExplorationContext&)>::_FUN(const ObjectModel*, ObjectExplorationContext&)	16	static
RepRapFirmware/src/PrintMonitor/PrintMonitor.cpp:105:15:static ExpressionValue PrintMonitor::<lambda(const ObjectModel*, ObjectExplorationContext&)>::_FUN(const ObjectModel*, ObjectExplorationContext&)	16	static
RepRapFirmware/src/PrintMonitor/PrintMonitor.cpp:104:17:static ExpressionValue PrintMonitor::<lambda(const ObjectModel*, ObjectExplorationContext&)>::_FUN(const ObjectModel*, ObjectExplorationContext&)	16	static
RepRapFirmware/src/PrintMonitor/PrintMonitor.cpp:76:21:static ExpressionValue PrintMonitor::<lambda(const ObjectModel*, ObjectExplorationContext&)>::_FUN(const ObjectModel*, ObjectExplorationContext&)	8	static
RepRapFirmware/src/PrintMonitor/PrintMonitor.h:34:7:virtual PrintMonitor::~PrintMonitor()	8	static
RepRapFirmware/src/PrintMonitor/PrintMonitor.cpp:93:21:static ExpressionValue PrintMonitor::<lambda(const ObjectModel*, ObjectExplorationContext&)>::_FUN(const ObjectModel*, ObjectExplorationContext&)	0	static
RepRapFirmware/src/PrintMonitor/PrintMonitor.cpp:84:21:static ExpressionValue PrintMonitor::<lambda(const ObjectModel*, ObjectExplorationContext&)>::_FUN(const ObjectModel*, ObjectExplorationContext&)	0	static
RepRapFirmware/src/PrintMonitor/PrintMonitor.cpp:81:16:static ExpressionValue PrintMonitor::<lambda(const ObjectModel*, ObjectExplorationContext&)>::_FUN(const ObjectModel*, ObjectExplorationContext&)	0	static
RepRapFirmware/src/PrintMonitor/PrintMonitor.cpp:78:21:static ExpressionValue PrintMonitor::<lambda(const ObjectModel*, ObjectExplorationContext&)>::_FUN(const ObjectModel*, ObjectExplorationContext&)	0	static
RepRapFirmware/src/PrintMonitor/PrintMonitor.cpp:77:21:static ExpressionValue PrintMonitor::<lambda(const ObjectModel*, ObjectExplorationContext&)>::_FUN(const ObjectModel*, ObjectExplorationContext&)	0	static
RepRapFirmware/src/PrintMonitor/PrintMonitor.cpp:54:3:static constexpr size_t PrintMonitor::<lambda(const ObjectModel*, const ObjectExplorationContext&)>::_FUN(const ObjectModel*, const ObjectExplorationContext&)	0	static
./RepRapFirmware/src/GCodes/GCodeFileInfo.h:14:8:GCodeFileInfo& GCodeFileInfo::operator=(const GCodeFileInfo&)	12	static
RepRapFirmware/src/PrintMonitor/PrintMonitor.cpp:102:17:static ExpressionValue PrintMonitor::<lambda(const ObjectModel*, ObjectExplorationContext&)>::_FUN(const ObjectModel*, ObjectExplorationContext&)	16	static
RepRapFirmware/src/PrintMonitor/PrintMonitor.cpp:125:1:PrintMonitor::PrintMonitor(Platform&, GCodes&)	16	static
RepRapFirmware/src/PrintMonitor/PrintMonitor.cpp:136:6:void PrintMonitor::Reset()	16	static
RepRapFirmware/src/PrintMonitor/PrintMonitor.cpp:129:6:void PrintMonitor::Init()	8	static
RepRapFirmware/src/PrintMonitor/PrintMonitor.cpp:151:6:void PrintMonitor::PrintingFileInfoUpdated()	0	static
RepRapFirmware/src/PrintMonitor/PrintMonitor.cpp:163:6:bool PrintMonitor::GetPrintingFileInfo(GCodeFileInfo&)	8	static
RepRapFirmware/src/PrintMonitor/PrintMonitor.cpp:180:6:void PrintMonitor::SetPrintingFileInfo(const char*, GCodeFileInfo&)	24	static
RepRapFirmware/src/PrintMonitor/PrintMonitor.cpp:198:6:void PrintMonitor::SetSlicerTimeLeft(float)	8	static
RepRapFirmware/src/PrintMonitor/PrintMonitor.cpp:188:13:GCodeResult PrintMonitor::ProcessM73(GCodeBuffer&, const StringRef&)	16	static
RepRapFirmware/src/PrintMonitor/PrintMonitor.cpp:298:7:float PrintMonitor::GetWarmUpDuration() const	16	static
RepRapFirmware/src/PrintMonitor/PrintMonitor.cpp:86:23:static ExpressionValue PrintMonitor::<lambda(const ObjectModel*, ObjectExplorationContext&)>::_FUN(const ObjectModel*, ObjectExplorationContext&)	8	static
RepRapFirmware/src/PrintMonitor/PrintMonitor.cpp:304:7:float PrintMonitor::GetPauseDuration() const	16	static
RepRapFirmware/src/PrintMonitor/PrintMonitor.cpp:83:22:static ExpressionValue PrintMonitor::<lambda(const ObjectModel*, ObjectExplorationContext&)>::_FUN(const ObjectModel*, ObjectExplorationContext&)	8	static
RepRapFirmware/src/PrintMonitor/PrintMonitor.cpp:310:6:void PrintMonitor::StartingPrint(const char*)	24	static
RepRapFirmware/src/PrintMonitor/PrintMonitor.cpp:342:6:void PrintMonitor::StoppedPrint()	8	static
RepRapFirmware/src/PrintMonitor/PrintMonitor.cpp:352:6:void PrintMonitor::SetLayerNumber(uint32_t)	16	static
RepRapFirmware/src/PrintMonitor/PrintMonitor.cpp:335:6:void PrintMonitor::StartedPrint()	8	static
RepRapFirmware/src/PrintMonitor/PrintMonitor.cpp:364:6:void PrintMonitor::SetLayerZ(float)	0	static
RepRapFirmware/src/PrintMonitor/PrintMonitor.cpp:370:6:void PrintMonitor::LayerChange()	16	static
RepRapFirmware/src/PrintMonitor/PrintMonitor.cpp:377:7:float PrintMonitor::FractionOfFilePrinted() const	16	static
RepRapFirmware/src/PrintMonitor/PrintMonitor.cpp:204:6:void PrintMonitor::Spin()	40	static
RepRapFirmware/src/PrintMonitor/PrintMonitor.cpp:389:7:float PrintMonitor::EstimateTimeLeft(PrintEstimationMethod) const	24	static
RepRapFirmware/src/PrintMonitor/PrintMonitor.cpp:453:17:ExpressionValue PrintMonitor::EstimateTimeLeftAsExpression(PrintEstimationMethod) const	8	static
RepRapFirmware/src/PrintMonitor/PrintMonitor.cpp:111:17:static ExpressionValue PrintMonitor::<lambda(const ObjectModel*, ObjectExplorationContext&)>::_FUN(const ObjectModel*, ObjectExplorationContext&)	8	static
RepRapFirmware/src/PrintMonitor/PrintMonitor.cpp:110:15:static ExpressionValue PrintMonitor::<lambda(const ObjectModel*, ObjectExplorationContext&)>::_FUN(const ObjectModel*, ObjectExplorationContext&)	8	static
RepRapFirmware/src/PrintMonitor/PrintMonitor.cpp:109:18:static ExpressionValue PrintMonitor::<lambda(const ObjectModel*, ObjectExplorationContext&)>::_FUN(const ObjectModel*, ObjectExplorationContext&)	8	static
RepRapFirmware/src/PrintMonitor/PrintMonitor.cpp:462:7:float PrintMonitor::GetPrintDuration() const	16	static
RepRapFirmware/src/PrintMonitor/PrintMonitor.cpp:118:9:int32_t PrintMonitor::GetPrintOrSimulatedDuration() const	8	static
RepRapFirmware/src/PrintMonitor/PrintMonitor.cpp:74:18:static ExpressionValue PrintMonitor::<lambda(const ObjectModel*, ObjectExplorationContext&)>::_FUN(const ObjectModel*, ObjectExplorationContext&)	8	static
RepRapFirmware/src/PrintMonitor/PrintMonitor.cpp:476:7:float PrintMonitor::GetCurrentLayerTime() const	24	static
RepRapFirmware/src/PrintMonitor/PrintMonitor.cpp:82:19:static ExpressionValue PrintMonitor::<lambda(const ObjectModel*, ObjectExplorationContext&)>::_FUN(const ObjectModel*, ObjectExplorationContext&)	8	static
RepRapFirmware/src/PrintMonitor/PrintMonitor.cpp:479:1:cpp)	0	static
