RRFLibraries/src/General/function_ref.h:66:45:) [with Callable = SafeVsnprintf(char*, size_t, c_string, va_list)::<lambda(char)>; RetType = bool; Params = {char}]	8	static
RRFLibraries/src/General/SafeVsnprintf.cpp:96:1:FormattedPrinter::FormattedPrinter(const PutcFunc_t&)	0	static
RRFLibraries/src/General/SafeVsnprintf.cpp:102:6:void FormattedPrinter::Init()	0	static
RRFLibraries/src/General/SafeVsnprintf.cpp:109:6:bool FormattedPrinter::PutChar(char)	16	static
RRFLibraries/src/General/SafeVsnprintf.cpp:122:6:bool FormattedPrinter::PutString(c_string)	24	static
RRFLibraries/src/General/SafeVsnprintf.cpp:206:6:bool FormattedPrinter::PutJson(c_string)	16	static
RRFLibraries/src/General/SafeVsnprintf.cpp:259:6:bool FormattedPrinter::PutStringWithSign(char*, bool)	16	static
RRFLibraries/src/General/SafeVsnprintf.cpp:285:6:bool FormattedPrinter::DoPrefix()	8	static
RRFLibraries/src/General/SafeVsnprintf.cpp:303:6:bool FormattedPrinter::PrintLL(long long int)	56	static
RRFLibraries/src/General/SafeVsnprintf.cpp:343:6:bool FormattedPrinter::PrintI(int)	32	static
RRFLibraries/src/General/SafeVsnprintf.cpp:421:6:bool FormattedPrinter::PrintFloat(double, char)	120	static
RRFLibraries/src/General/SafeVsnprintf.cpp:552:5:int FormattedPrinter::Print(c_string, va_list)	24	static
RRFLibraries/src/General/SafeVsnprintf.cpp:766:5:int vuprintf(PutcFunc_t, c_string, va_list)	56	static
RRFLibraries/src/General/SafeVsnprintf.cpp:772:5:)	56	static
RRFLibraries/src/General/SafeVsnprintf.cpp:782:5:int SafeVsnprintf(char*, size_t, c_string, va_list)	56	static
RRFLibraries/src/General/SafeVsnprintf.cpp:801:5:)	16	static
