RepRapFirmware/src/Platform/ArrayHandle.cpp:12:7:void* operator new(std::size_t, ExpressionValue*)	0	static
RepRapFirmware/src/Platform/ArrayHandle.cpp:23:6:void ArrayHandle::Allocate(size_t)	24	static
RepRapFirmware/src/Platform/ArrayHandle.cpp:47:6:void ArrayHandle::AssignElement(size_t, ExpressionValue&)	16	static
RepRapFirmware/src/Platform/ArrayHandle.cpp:104:8:size_t ArrayHandle::GetNumElements() const	8	static
RepRapFirmware/src/Platform/ArrayHandle.cpp:126:6:bool ArrayHandle::GetElement(size_t, ExpressionValue&) const	16	static
RepRapFirmware/src/Platform/ArrayHandle.cpp:152:10:TypeCode ArrayHandle::GetElementType(size_t) const	16	static
RepRapFirmware/src/Platform/ArrayHandle.cpp:172:6:void ArrayHandle::Delete()	24	static
RepRapFirmware/src/Platform/ArrayHandle.cpp:191:20:const ArrayHandle& ArrayHandle::IncreaseRefCount() const	0	static
RepRapFirmware/src/Platform/ArrayHandle.cpp:202:18:static Heap::IndexSlot* ArrayHandle::MakeUnique(volatile ArrayHandle*)	24	static
RepRapFirmware/src/Platform/ArrayHandle.cpp:72:6:static void ArrayHandle::InternalAssignIndexed(volatile ArrayHandle*, const ExpressionValue&, size_t, const uint32_t*)	24	static
RepRapFirmware/src/Platform/ArrayHandle.cpp:65:6:void ArrayHandle::AssignIndexed(const ExpressionValue&, size_t, const uint32_t*)	24	static
RepRapFirmware/src/Platform/ArrayHandle.cpp:241:1:AutoArrayHandle::AutoArrayHandle(const AutoArrayHandle&)	8	static
RepRapFirmware/src/Platform/ArrayHandle.cpp:247:1:AutoArrayHandle::AutoArrayHandle(AutoArrayHandle&&)	0	static
RepRapFirmware/src/Platform/ArrayHandle.cpp:253:18:AutoArrayHandle& AutoArrayHandle::operator=(const AutoArrayHandle&)	16	static
RepRapFirmware/src/Platform/ArrayHandle.cpp:264:1:AutoArrayHandle::~AutoArrayHandle()	8	static
RepRapFirmware/src/Platform/ArrayHandle.cpp:267:1:cpp)	0	static
