./RRFLibraries/src/RTOSIface/RTOSIface.h:358:14:bool RTOSIface::LeaveTaskCriticalSection()	8	static
./RepRapFirmware/src/ObjectModel/Variable.h:52:7:void VariableSet::InsertNewParameter(const char*, ExpressionValue)	24	static
RepRapFirmware/src/Platform/Event.cpp:37:17:static bool Event::AddEventV(EventType, uint16_t, CanAddress, uint8_t, const char*, va_list)	40	static
RepRapFirmware/src/Platform/Event.cpp:26:17:)	32	static
RepRapFirmware/src/Platform/Event.cpp:66:17:static void Event::Add(const CanMessageEvent&, CanAddress, size_t)	136	static
RepRapFirmware/src/Platform/Event.cpp:77:17:static bool Event::StartProcessing()	8	static
RepRapFirmware/src/Platform/Event.cpp:91:17:static void Event::GetMacroFileName(const StringRef&)	8	static
RepRapFirmware/src/Platform/Event.cpp:103:17:static void Event::GetParameters(VariableSet&)	24	static
RepRapFirmware/src/Platform/Event.cpp:115:30:static PrintPausedReason Event::GetDefaultPauseReason()	0	static
RepRapFirmware/src/Platform/Event.cpp:139:17:static void Event::FinishedProcessing()	8	static
RepRapFirmware/src/Platform/Event.cpp:153:24:static MessageType Event::GetTextDescription(const StringRef&)	32	static
RepRapFirmware/src/Platform/Event.cpp:241:17:static void Event::Diagnostics(MessageType, Platform&)	16	static
RepRapFirmware/src/Platform/Event.cpp:244:1:cpp)	0	static
