./RepRapFirmware/src/Storage/FileData.h:63:7:bool FileData::Close()	8	static
RepRapFirmware/src/Platform/Logger.cpp:28:1:Logger::Logger(LogLevel)	0	static
RepRapFirmware/src/Platform/Logger.cpp:91:6:void Logger::SetLogLevel(LogLevel)	0	static
RepRapFirmware/src/Platform/Logger.cpp:180:6:void Logger::Flush(bool)	16	static
RepRapFirmware/src/Platform/Logger.cpp:204:6:bool Logger::WriteDateTimeAndLogLevelPrefix(time_t, MessageLogLevel)	136	static
RepRapFirmware/src/Platform/Logger.cpp:123:6:void Logger::LogMessage(time_t, OutputBuffer*, MessageType)	40	static
RepRapFirmware/src/Platform/Logger.cpp:152:6:void Logger::InternalLogMessage(time_t, const char*, MessageLogLevel)	32	static
RepRapFirmware/src/Platform/Logger.cpp:58:6:void Logger::LogFirmwareInfo(time_t)	120	static
RepRapFirmware/src/Platform/Logger.cpp:79:6:void Logger::Stop(time_t)	32	static
RepRapFirmware/src/Platform/Logger.cpp:108:6:void Logger::LogMessage(time_t, const char*, MessageType)	32	static
./RRFLibraries/src/General/String.h:98:26:) [with unsigned int Len = 50]	20	static
RepRapFirmware/src/Platform/Logger.cpp:32:13:GCodeResult Logger::Start(time_t, const StringRef&, const StringRef&)	96	static
RepRapFirmware/src/Platform/Logger.cpp:222:1:cpp)	0	static
