./RepRapFirmware/src/ObjectModel/ObjectModel.h:319:54:virtual const ObjectModelArrayTableEntry* ObjectModel::GetObjectModelArrayEntry(unsigned int) const	0	static
./RepRapFirmware/src/ObjectModel/ObjectModel.h:324:35:virtual ReadWriteLock* ObjectModel::GetObjectLock(unsigned int) const	0	static
RepRapFirmware/src/Platform/MessageBox.cpp:20:22:static ExpressionValue MessageBox::<lambda(const ObjectModel*, ObjectExplorationContext&)>::_FUN(const ObjectModel*, ObjectExplorationContext&)	0	static
RepRapFirmware/src/Platform/MessageBox.cpp:24:18:static ExpressionValue MessageBox::<lambda(const ObjectModel*, ObjectExplorationContext&)>::_FUN(const ObjectModel*, ObjectExplorationContext&)	0	static
RepRapFirmware/src/Platform/MessageBox.cpp:26:16:static ExpressionValue MessageBox::<lambda(const ObjectModel*, ObjectExplorationContext&)>::_FUN(const ObjectModel*, ObjectExplorationContext&)	0	static
RepRapFirmware/src/Platform/MessageBox.cpp:27:15:static ExpressionValue MessageBox::<lambda(const ObjectModel*, ObjectExplorationContext&)>::_FUN(const ObjectModel*, ObjectExplorationContext&)	0	static
RepRapFirmware/src/Platform/MessageBox.cpp:28:18:static ExpressionValue MessageBox::<lambda(const ObjectModel*, ObjectExplorationContext&)>::_FUN(const ObjectModel*, ObjectExplorationContext&)	0	static
RepRapFirmware/src/Platform/MessageBox.cpp:29:17:static ExpressionValue MessageBox::<lambda(const ObjectModel*, ObjectExplorationContext&)>::_FUN(const ObjectModel*, ObjectExplorationContext&)	0	static
RepRapFirmware/src/Platform/MessageBox.cpp:38:1:virtual const ObjectModelClassDescriptor* MessageBox::GetObjectModelClassDescriptor() const	0	static
RepRapFirmware/src/Platform/MessageBox.h:27:7:MessageBox::~MessageBox()	16	static
RepRapFirmware/src/Platform/MessageBox.cpp:25:15:static ExpressionValue MessageBox::<lambda(const ObjectModel*, ObjectExplorationContext&)>::_FUN(const ObjectModel*, ObjectExplorationContext&)	8	static
RepRapFirmware/src/Platform/MessageBox.cpp:23:15:static ExpressionValue MessageBox::<lambda(const ObjectModel*, ObjectExplorationContext&)>::_FUN(const ObjectModel*, ObjectExplorationContext&)	8	static
RepRapFirmware/src/Platform/MessageBox.cpp:22:18:static ExpressionValue MessageBox::<lambda(const ObjectModel*, ObjectExplorationContext&)>::_FUN(const ObjectModel*, ObjectExplorationContext&)	8	static
RepRapFirmware/src/Platform/MessageBox.cpp:21:18:static ExpressionValue MessageBox::<lambda(const ObjectModel*, ObjectExplorationContext&)>::_FUN(const ObjectModel*, ObjectExplorationContext&)	8	static
RepRapFirmware/src/Platform/MessageBox.cpp:19:22:static ExpressionValue MessageBox::<lambda(const ObjectModel*, ObjectExplorationContext&)>::_FUN(const ObjectModel*, ObjectExplorationContext&)	0	static
RepRapFirmware/src/Platform/MessageBox.h:27:7:virtual MessageBox::~MessageBox()	8	static
RepRapFirmware/src/Platform/MessageBox.cpp:114:7:float MessageBox::GetTimeLeft() const	16	static
RepRapFirmware/src/Platform/MessageBox.cpp:120:17:static bool MessageBox::Acknowledge(uint32_t, bool&)	24	static
RepRapFirmware/src/Platform/MessageBox.cpp:171:6:void MessageBox::TimeOut()	40	static
RepRapFirmware/src/Platform/MessageBox.cpp:151:17:static bool MessageBox::CheckTimeout()	16	static
RepRapFirmware/src/Platform/MessageBox.cpp:48:21:static uint32_t MessageBox::Create(const char*, const char*, int, float, AxesBitmap, MessageBoxLimits*)	64	static
RepRapFirmware/src/Platform/MessageBox.cpp:181:48:static ReadLockedPointer<const MessageBox> MessageBox::GetLockedCurrent()	16	static
RepRapFirmware/src/Platform/MessageBox.cpp:192:6:void MessageBoxLimits::GetIntegerLimits(GCodeBuffer&, bool)	160	static
RepRapFirmware/src/Platform/MessageBox.cpp:232:6:void MessageBoxLimits::GetFloatLimits(GCodeBuffer&)	40	static
RepRapFirmware/src/Platform/MessageBox.cpp:259:1:cpp)	0	static
