./RepRapFirmware/src/ObjectModel/ObjectModel.h:324:35:virtual ReadWriteLock* ObjectModel::GetObjectLock(unsigned int) const	0	static
RepRapFirmware/src/Platform/Platform.cpp:224:3:static constexpr size_t Platform::<lambda(const ObjectModel*, const ObjectExplorationContext&)>::_FUN(const ObjectModel*, const ObjectExplorationContext&)	0	static
RepRapFirmware/src/Platform/Platform.cpp:231:3:static constexpr size_t Platform::<lambda(const ObjectModel*, const ObjectExplorationContext&)>::_FUN(const ObjectModel*, const ObjectExplorationContext&)	0	static
RepRapFirmware/src/Platform/Platform.cpp:232:3:static ExpressionValue Platform::<lambda(const ObjectModel*, ObjectExplorationContext&)>::_FUN(const ObjectModel*, ObjectExplorationContext&)	8	static
RepRapFirmware/src/Platform/Platform.cpp:236:1:virtual const ObjectModelArrayTableEntry* Platform::GetObjectModelArrayEntry(unsigned int) const	0	static
RepRapFirmware/src/Platform/Platform.cpp:256:17:static ExpressionValue Platform::<lambda(const ObjectModel*, ObjectExplorationContext&)>::_FUN(const ObjectModel*, ObjectExplorationContext&)	0	static
RepRapFirmware/src/Platform/Platform.cpp:257:21:static ExpressionValue Platform::<lambda(const ObjectModel*, ObjectExplorationContext&)>::_FUN(const ObjectModel*, ObjectExplorationContext&)	0	static
RepRapFirmware/src/Platform/Platform.cpp:258:24:static ExpressionValue Platform::<lambda(const ObjectModel*, ObjectExplorationContext&)>::_FUN(const ObjectModel*, ObjectExplorationContext&)	0	static
RepRapFirmware/src/Platform/Platform.cpp:259:21:static ExpressionValue Platform::<lambda(const ObjectModel*, ObjectExplorationContext&)>::_FUN(const ObjectModel*, ObjectExplorationContext&)	0	static
RepRapFirmware/src/Platform/Platform.cpp:260:23:static ExpressionValue Platform::<lambda(const ObjectModel*, ObjectExplorationContext&)>::_FUN(const ObjectModel*, ObjectExplorationContext&)	0	static
RepRapFirmware/src/Platform/Platform.cpp:263:23:static ExpressionValue Platform::<lambda(const ObjectModel*, ObjectExplorationContext&)>::_FUN(const ObjectModel*, ObjectExplorationContext&)	0	static
RepRapFirmware/src/Platform/Platform.cpp:266:22:static ExpressionValue Platform::<lambda(const ObjectModel*, ObjectExplorationContext&)>::_FUN(const ObjectModel*, ObjectExplorationContext&)	0	static
RepRapFirmware/src/Platform/Platform.cpp:268:20:static ExpressionValue Platform::<lambda(const ObjectModel*, ObjectExplorationContext&)>::_FUN(const ObjectModel*, ObjectExplorationContext&)	0	static
RepRapFirmware/src/Platform/Platform.cpp:269:19:static ExpressionValue Platform::<lambda(const ObjectModel*, ObjectExplorationContext&)>::_FUN(const ObjectModel*, ObjectExplorationContext&)	0	static
RepRapFirmware/src/Platform/Platform.cpp:271:17:static ExpressionValue Platform::<lambda(const ObjectModel*, ObjectExplorationContext&)>::_FUN(const ObjectModel*, ObjectExplorationContext&)	8	static
RepRapFirmware/src/Platform/Platform.cpp:277:29:static ExpressionValue Platform::<lambda(const ObjectModel*, ObjectExplorationContext&)>::_FUN(const ObjectModel*, ObjectExplorationContext&)	0	static
RepRapFirmware/src/Platform/Platform.cpp:278:29:static ExpressionValue Platform::<lambda(const ObjectModel*, ObjectExplorationContext&)>::_FUN(const ObjectModel*, ObjectExplorationContext&)	0	static
RepRapFirmware/src/Platform/Platform.cpp:283:29:static ExpressionValue Platform::<lambda(const ObjectModel*, ObjectExplorationContext&)>::_FUN(const ObjectModel*, ObjectExplorationContext&)	0	static
RepRapFirmware/src/Platform/Platform.cpp:291:14:static ExpressionValue Platform::<lambda(const ObjectModel*, ObjectExplorationContext&)>::_FUN(const ObjectModel*, ObjectExplorationContext&)	8	static
RepRapFirmware/src/Platform/Platform.cpp:305:17:static ExpressionValue Platform::<lambda(const ObjectModel*, ObjectExplorationContext&)>::_FUN(const ObjectModel*, ObjectExplorationContext&)	0	static
RepRapFirmware/src/Platform/Platform.cpp:315:17:static ExpressionValue Platform::<lambda(const ObjectModel*, ObjectExplorationContext&)>::_FUN(const ObjectModel*, ObjectExplorationContext&)	0	static
RepRapFirmware/src/Platform/Platform.cpp:322:22:static ExpressionValue Platform::<lambda(const ObjectModel*, ObjectExplorationContext&)>::_FUN(const ObjectModel*, ObjectExplorationContext&)	8	static
RepRapFirmware/src/Platform/Platform.cpp:334:24:static ExpressionValue Platform::<lambda(const ObjectModel*, ObjectExplorationContext&)>::_FUN(const ObjectModel*, ObjectExplorationContext&)	0	static
RepRapFirmware/src/Platform/Platform.cpp:344:22:static ExpressionValue Platform::<lambda(const ObjectModel*, ObjectExplorationContext&)>::_FUN(const ObjectModel*, ObjectExplorationContext&)	8	static
RepRapFirmware/src/Platform/Platform.cpp:345:19:static ExpressionValue Platform::<lambda(const ObjectModel*, ObjectExplorationContext&)>::_FUN(const ObjectModel*, ObjectExplorationContext&)	8	static
RepRapFirmware/src/Platform/Platform.cpp:425:1:virtual const ObjectModelClassDescriptor* Platform::GetObjectModelClassDescriptor() const	0	static
./RRFLibraries/src/General/function_ref.h:66:45:) [with Callable = Platform::IterateLocalDrivers(size_t, function_ref_noexcept<void(unsigned char) noexcept>)::<lambda(DriverId)>; RetType = void; Params = {DriverId}]	8	static
./RRFLibraries/src/General/function_ref.h:66:45:) [with Callable = Platform::IterateRemoteDrivers(size_t, function_ref_noexcept<void(DriverId) noexcept>)::<lambda(uint8_t)>; RetType = void; Params = {unsigned char}]	0	static
RepRapFirmware/src/Platform/Platform.cpp:251:20:static ExpressionValue Platform::<lambda(const ObjectModel*, ObjectExplorationContext&)>::_FUN(const ObjectModel*, ObjectExplorationContext&)	8	static
RepRapFirmware/src/Platform/Platform.cpp:217:3:static constexpr size_t Platform::<lambda(const ObjectModel*, const ObjectExplorationContext&)>::_FUN(const ObjectModel*, const ObjectExplorationContext&)	8	static
RepRapFirmware/src/Platform/Platform.cpp:359:20:static ExpressionValue Platform::<lambda(const ObjectModel*, ObjectExplorationContext&)>::_FUN(const ObjectModel*, ObjectExplorationContext&)	16	static
RepRapFirmware/src/Platform/Platform.cpp:358:13:static ExpressionValue Platform::<lambda(const ObjectModel*, ObjectExplorationContext&)>::_FUN(const ObjectModel*, ObjectExplorationContext&)	16	static
RepRapFirmware/src/Platform/Platform.cpp:357:13:static ExpressionValue Platform::<lambda(const ObjectModel*, ObjectExplorationContext&)>::_FUN(const ObjectModel*, ObjectExplorationContext&)	16	static
RepRapFirmware/src/Platform/Platform.cpp:331:20:static ExpressionValue Platform::<lambda(const ObjectModel*, ObjectExplorationContext&)>::_FUN(const ObjectModel*, ObjectExplorationContext&)	16	static
RepRapFirmware/src/Platform/Platform.cpp:313:18:static ExpressionValue Platform::<lambda(const ObjectModel*, ObjectExplorationContext&)>::_FUN(const ObjectModel*, ObjectExplorationContext&)	16	static
RepRapFirmware/src/Platform/Platform.cpp:320:14:static ExpressionValue Platform::<lambda(const ObjectModel*, ObjectExplorationContext&)>::_FUN(const ObjectModel*, ObjectExplorationContext&)	16	static
RepRapFirmware/src/Platform/Platform.cpp:323:14:static ExpressionValue Platform::<lambda(const ObjectModel*, ObjectExplorationContext&)>::_FUN(const ObjectModel*, ObjectExplorationContext&)	16	static
RepRapFirmware/src/Platform/Platform.cpp:324:19:static ExpressionValue Platform::<lambda(const ObjectModel*, ObjectExplorationContext&)>::_FUN(const ObjectModel*, ObjectExplorationContext&)	16	static
RepRapFirmware/src/Platform/Platform.cpp:321:19:static ExpressionValue Platform::<lambda(const ObjectModel*, ObjectExplorationContext&)>::_FUN(const ObjectModel*, ObjectExplorationContext&)	16	static
RepRapFirmware/src/Platform/Platform.cpp:261:17:static ExpressionValue Platform::<lambda(const ObjectModel*, ObjectExplorationContext&)>::_FUN(const ObjectModel*, ObjectExplorationContext&)	8	static
RepRapFirmware/src/Platform/Platform.cpp:2030:17:uint32_t TimedSqrt(uint64_t, uint32_t&)	16	static
./RRFLibraries/src/General/function_ref.h:66:45:) [with Callable = Platform::UpdateRemoteStepsPerMmAndMicrostepping(AxesBitmap, const StringRef&)::<lambda(unsigned int, unsigned int)>::<lambda(DriverId)>; RetType = void; Params = {DriverId}]	40	static
./RRFLibraries/src/General/function_ref.h:66:45:) [with Callable = Platform::ConfigureStallDetection(GCodeBuffer&, const StringRef&, OutputBuffer*&)::<lambda(unsigned int, unsigned int)>; RetType = void; Params = {unsigned int, unsigned int}]	0	static
./RRFLibraries/src/General/function_ref.h:66:45:) [with Callable = Platform::EutProcessM915(const CanMessageGeneric&, const StringRef&)::<lambda(unsigned int, unsigned int)>; RetType = void; Params = {unsigned int, unsigned int}]	0	static
./RRFLibraries/src/General/function_ref.h:66:45:) [with Callable = Platform::ConfigureStallDetection(GCodeBuffer&, const StringRef&, OutputBuffer*&)::<lambda(unsigned int, unsigned int)>; RetType = void; Params = {unsigned int, unsigned int}]	0	static
./RRFLibraries/src/General/function_ref.h:66:45:) [with Callable = Platform::ConfigureStallDetection(GCodeBuffer&, const StringRef&, OutputBuffer*&)::<lambda(unsigned int, unsigned int)>; RetType = void; Params = {unsigned int, unsigned int}]	0	static
./RRFLibraries/src/General/function_ref.h:66:45:) [with Callable = Platform::EutProcessM915(const CanMessageGeneric&, const StringRef&)::<lambda(unsigned int, unsigned int)>; RetType = void; Params = {unsigned int, unsigned int}]	0	static
./RepRapFirmware/src/Hardware/STM32/Pins_STM32.h:438:28:uint32_t StepPins::CalcDriverBitmap(size_t)	0	static
RepRapFirmware/src/Platform/Platform.cpp:374:16:static ExpressionValue Platform::<lambda(const ObjectModel*, ObjectExplorationContext&)>::_FUN(const ObjectModel*, ObjectExplorationContext&)	16	static
RepRapFirmware/src/Platform/Platform.cpp:373:21:static ExpressionValue Platform::<lambda(const ObjectModel*, ObjectExplorationContext&)>::_FUN(const ObjectModel*, ObjectExplorationContext&)	16	static
RepRapFirmware/src/Platform/Platform.cpp:370:16:static ExpressionValue Platform::<lambda(const ObjectModel*, ObjectExplorationContext&)>::_FUN(const ObjectModel*, ObjectExplorationContext&)	16	static
RepRapFirmware/src/Platform/Platform.cpp:369:21:static ExpressionValue Platform::<lambda(const ObjectModel*, ObjectExplorationContext&)>::_FUN(const ObjectModel*, ObjectExplorationContext&)	16	static
RepRapFirmware/src/Platform/Platform.cpp:354:20:static ExpressionValue Platform::<lambda(const ObjectModel*, ObjectExplorationContext&)>::_FUN(const ObjectModel*, ObjectExplorationContext&)	16	static
RepRapFirmware/src/Platform/Platform.cpp:353:16:static ExpressionValue Platform::<lambda(const ObjectModel*, ObjectExplorationContext&)>::_FUN(const ObjectModel*, ObjectExplorationContext&)	16	static
RepRapFirmware/src/Platform/Platform.cpp:352:20:static ExpressionValue Platform::<lambda(const ObjectModel*, ObjectExplorationContext&)>::_FUN(const ObjectModel*, ObjectExplorationContext&)	16	static
RepRapFirmware/src/Platform/Platform.cpp:351:23:static ExpressionValue Platform::<lambda(const ObjectModel*, ObjectExplorationContext&)>::_FUN(const ObjectModel*, ObjectExplorationContext&)	16	static
RepRapFirmware/src/Platform/Platform.cpp:350:18:static ExpressionValue Platform::<lambda(const ObjectModel*, ObjectExplorationContext&)>::_FUN(const ObjectModel*, ObjectExplorationContext&)	16	static
RepRapFirmware/src/Platform/Platform.cpp:343:15:static ExpressionValue Platform::<lambda(const ObjectModel*, ObjectExplorationContext&)>::_FUN(const ObjectModel*, ObjectExplorationContext&)	16	static
RepRapFirmware/src/Platform/Platform.cpp:342:24:static ExpressionValue Platform::<lambda(const ObjectModel*, ObjectExplorationContext&)>::_FUN(const ObjectModel*, ObjectExplorationContext&)	16	static
RepRapFirmware/src/Platform/Platform.cpp:341:18:static ExpressionValue Platform::<lambda(const ObjectModel*, ObjectExplorationContext&)>::_FUN(const ObjectModel*, ObjectExplorationContext&)	8	static
RepRapFirmware/src/Platform/Platform.cpp:340:17:static ExpressionValue Platform::<lambda(const ObjectModel*, ObjectExplorationContext&)>::_FUN(const ObjectModel*, ObjectExplorationContext&)	16	static
RepRapFirmware/src/Platform/Platform.cpp:339:17:static ExpressionValue Platform::<lambda(const ObjectModel*, ObjectExplorationContext&)>::_FUN(const ObjectModel*, ObjectExplorationContext&)	16	static
RepRapFirmware/src/Platform/Platform.cpp:338:17:static ExpressionValue Platform::<lambda(const ObjectModel*, ObjectExplorationContext&)>::_FUN(const ObjectModel*, ObjectExplorationContext&)	16	static
RepRapFirmware/src/Platform/Platform.cpp:337:21:static ExpressionValue Platform::<lambda(const ObjectModel*, ObjectExplorationContext&)>::_FUN(const ObjectModel*, ObjectExplorationContext&)	16	static
RepRapFirmware/src/Platform/Platform.cpp:333:17:static ExpressionValue Platform::<lambda(const ObjectModel*, ObjectExplorationContext&)>::_FUN(const ObjectModel*, ObjectExplorationContext&)	8	static
RepRapFirmware/src/Platform/Platform.cpp:332:21:static ExpressionValue Platform::<lambda(const ObjectModel*, ObjectExplorationContext&)>::_FUN(const ObjectModel*, ObjectExplorationContext&)	24	static
RepRapFirmware/src/Platform/Platform.cpp:330:16:static ExpressionValue Platform::<lambda(const ObjectModel*, ObjectExplorationContext&)>::_FUN(const ObjectModel*, ObjectExplorationContext&)	16	static
RepRapFirmware/src/Platform/Platform.cpp:329:27:static ExpressionValue Platform::<lambda(const ObjectModel*, ObjectExplorationContext&)>::_FUN(const ObjectModel*, ObjectExplorationContext&)	16	static
RepRapFirmware/src/Platform/Platform.cpp:327:26:static ExpressionValue Platform::<lambda(const ObjectModel*, ObjectExplorationContext&)>::_FUN(const ObjectModel*, ObjectExplorationContext&)	16	static
RepRapFirmware/src/Platform/Platform.cpp:348:26:static ExpressionValue Platform::<lambda(const ObjectModel*, ObjectExplorationContext&)>::_FUN(const ObjectModel*, ObjectExplorationContext&)	8	static
RepRapFirmware/src/Platform/Platform.cpp:319:23:static ExpressionValue Platform::<lambda(const ObjectModel*, ObjectExplorationContext&)>::_FUN(const ObjectModel*, ObjectExplorationContext&)	16	static
RepRapFirmware/src/Platform/Platform.cpp:318:17:static ExpressionValue Platform::<lambda(const ObjectModel*, ObjectExplorationContext&)>::_FUN(const ObjectModel*, ObjectExplorationContext&)	16	static
RepRapFirmware/src/Platform/Platform.cpp:317:15:static ExpressionValue Platform::<lambda(const ObjectModel*, ObjectExplorationContext&)>::_FUN(const ObjectModel*, ObjectExplorationContext&)	16	static
RepRapFirmware/src/Platform/Platform.cpp:316:16:static ExpressionValue Platform::<lambda(const ObjectModel*, ObjectExplorationContext&)>::_FUN(const ObjectModel*, ObjectExplorationContext&)	16	static
RepRapFirmware/src/Platform/Platform.cpp:314:17:static ExpressionValue Platform::<lambda(const ObjectModel*, ObjectExplorationContext&)>::_FUN(const ObjectModel*, ObjectExplorationContext&)	16	static
RepRapFirmware/src/Platform/Platform.cpp:312:18:static ExpressionValue Platform::<lambda(const ObjectModel*, ObjectExplorationContext&)>::_FUN(const ObjectModel*, ObjectExplorationContext&)	16	static
RepRapFirmware/src/Platform/Platform.cpp:311:21:static ExpressionValue Platform::<lambda(const ObjectModel*, ObjectExplorationContext&)>::_FUN(const ObjectModel*, ObjectExplorationContext&)	16	static
RepRapFirmware/src/Platform/Platform.cpp:285:18:static ExpressionValue Platform::<lambda(const ObjectModel*, ObjectExplorationContext&)>::_FUN(const ObjectModel*, ObjectExplorationContext&)	16	static
RepRapFirmware/src/Platform/Platform.cpp:254:22:static ExpressionValue Platform::<lambda(const ObjectModel*, ObjectExplorationContext&)>::_FUN(const ObjectModel*, ObjectExplorationContext&)	0	static
RepRapFirmware/src/Platform/Platform.cpp:225:3:static ExpressionValue Platform::<lambda(const ObjectModel*, ObjectExplorationContext&)>::_FUN(const ObjectModel*, ObjectExplorationContext&)	24	static
RepRapFirmware/src/Platform/Platform.cpp:218:3:static ExpressionValue Platform::<lambda(const ObjectModel*, ObjectExplorationContext&)>::_FUN(const ObjectModel*, ObjectExplorationContext&)	24	static
./RRFLibraries/src/General/Bitmap.h:312:24:void Bitmap<T>::Iterate(function_ref_noexcept<void(unsigned int, unsigned int) noexcept>) const [with T = long unsigned int]	32	static
./RRFLibraries/src/General/function_ref.h:66:45:) [with Callable = Platform::EutProcessM915(const CanMessageGeneric&, const StringRef&)::<lambda(unsigned int, unsigned int)>; RetType = void; Params = {unsigned int, unsigned int}]	16	static
./RRFLibraries/src/General/function_ref.h:66:45:) [with Callable = Platform::EutProcessM915(const CanMessageGeneric&, const StringRef&)::<lambda(unsigned int, unsigned int)>; RetType = void; Params = {unsigned int, unsigned int}]	0	static
./RRFLibraries/src/General/function_ref.h:66:45:) [with Callable = Platform::ConfigureStallDetection(GCodeBuffer&, const StringRef&, OutputBuffer*&)::<lambda(unsigned int, unsigned int)>; RetType = void; Params = {unsigned int, unsigned int}]	16	static
./RRFLibraries/src/General/function_ref.h:66:45:) [with Callable = Platform::ConfigureStallDetection(GCodeBuffer&, const StringRef&, OutputBuffer*&)::<lambda(unsigned int, unsigned int)>; RetType = void; Params = {unsigned int, unsigned int}]	0	static
./RRFLibraries/src/General/function_ref.h:66:45:) [with Callable = Platform::ConfigureStallDetection(GCodeBuffer&, const StringRef&, OutputBuffer*&)::<lambda(DriverId)>; RetType = void; Params = {DriverId}]	16	static
./RRFLibraries/src/General/function_ref.h:66:45:) [with Callable = Platform::ConfigureStallDetection(GCodeBuffer&, const StringRef&, OutputBuffer*&)::<lambda(uint8_t)>; RetType = void; Params = {unsigned char}]	0	static
./RRFLibraries/src/General/function_ref.h:66:45:) [with Callable = Platform::SetDriversIdle()::<lambda(DriverId)>; RetType = void; Params = {DriverId}]	16	static
./RRFLibraries/src/General/function_ref.h:66:45:) [with Callable = Platform::DisableDrivers(size_t)::<lambda(DriverId)>; RetType = void; Params = {DriverId}]	16	static
./RRFLibraries/src/General/function_ref.h:66:45:) [with Callable = Platform::EnableDrivers(size_t, bool)::<lambda(DriverId)>; RetType = void; Params = {DriverId}]	16	static
CANlib/src/RRF3Common.h:146:1:const char* LogLevel::ToString() const	0	static
./RRFLibraries/src/General/Bitmap.h:312:24:void Bitmap<T>::Iterate(function_ref_noexcept<void(unsigned int, unsigned int) noexcept>) const [with T = short unsigned int]	32	static
./RepRapFirmware/src/RepRapFirmware.h:229:2:DriverId::DriverId()	8	static
RepRapFirmware/src/Platform/Platform.h:1041:13:void Platform::SetDriverDirection(uint8_t, bool)	0	static
./RRFLibraries/src/General/function_ref.h:66:45:) [with Callable = Platform::SetDirection(size_t, bool)::<lambda(uint8_t)>; RetType = void; Params = {unsigned char}]	8	static
./RepRapFirmware/src/CAN/CanDriversData.h:42:2:CanDriversList::CanDriversList()	16	static
RepRapFirmware/src/Platform/Platform.cpp:184:15:DriversBitmap AxisDriversConfig::GetDriversBitmap() const	32	static
RepRapFirmware/src/Platform/Platform.cpp:427:8:size_t Platform::GetNumGpInputsToReport() const	16	static
RepRapFirmware/src/Platform/Platform.cpp:437:8:size_t Platform::GetNumGpOutputsToReport() const	16	static
./RepRapFirmware/src/Tools/Spindle.h:18:7:Spindle::~Spindle()	8	static
RepRapFirmware/src/Platform/Platform.h:237:7:Platform::~Platform()	24	static
RepRapFirmware/src/Platform/Platform.h:237:7:virtual Platform::~Platform()	8	static
./RepRapFirmware/src/Tools/Spindle.h:18:7:virtual Spindle::~Spindle()	8	static
RepRapFirmware/src/Platform/Platform.cpp:480:6:static bool Platform::HasDebugBuffer()	0	static
RepRapFirmware/src/Platform/Platform.cpp:486:6:static bool Platform::IsrDebugPutc(char)	8	static
RepRapFirmware/src/Platform/Platform.cpp:498:6:static bool Platform::SetDebugBufferSize(uint32_t)	16	static
RepRapFirmware/src/Platform/Platform.cpp:996:6:void Platform::ResetVoltageMonitors()	0	static
RepRapFirmware/src/Platform/Platform.cpp:1015:6:void Platform::SendPanelDueMessage(size_t, const char*)	0	static
RepRapFirmware/src/Platform/Platform.cpp:1617:6:bool Platform::HasVinPower() const	0	static
RepRapFirmware/src/Platform/Platform.cpp:1630:6:void Platform::DisableAutoSave()	0	static
RepRapFirmware/src/Platform/Platform.cpp:1635:6:bool Platform::IsPowerOk() const	0	static
RepRapFirmware/src/Platform/Platform.cpp:1646:6:void Platform::EnableAutoSave(float, float)	0	static
RepRapFirmware/src/Platform/Platform.cpp:1653:6:bool Platform::GetAutoSaveSettings(float&, float&)	0	static
RepRapFirmware/src/Platform/Platform.cpp:1667:7:float Platform::GetCpuTemperature() const	0	static
RepRapFirmware/src/Platform/Platform.cpp:1714:6:void Platform::InitialiseInterrupts()	0	static
RepRapFirmware/src/Platform/Platform.cpp:1825:24:static const char* Platform::GetResetReasonText()	48	static
RepRapFirmware/src/Platform/Platform.cpp:2585:5:int Platform::GetAveragingFilterIndex(const IoPort&) const	16	static
RepRapFirmware/src/Platform/Platform.cpp:2647:6:void Platform::IterateDrivers(size_t, function_ref_noexcept<void(unsigned char) noexcept>, function_ref_noexcept<void(DriverId) noexcept>)	64	static
./RRFLibraries/src/General/function_ref.h:66:45:) [with Callable = Platform::UpdateRemoteStepsPerMmAndMicrostepping(AxesBitmap, const StringRef&)::<lambda(unsigned int, unsigned int)>; RetType = void; Params = {unsigned int, unsigned int}]	64	static
RepRapFirmware/src/Platform/Platform.cpp:2702:6:void Platform::SetDirection(size_t, bool)	64	static
RepRapFirmware/src/Platform/Platform.cpp:2799:6:void Platform::InternalDisableDriver(size_t)	0	static
RepRapFirmware/src/Platform/Platform.cpp:2782:6:void Platform::DisableOneLocalDriver(size_t)	16	static
./RRFLibraries/src/General/function_ref.h:66:45:) [with Callable = Platform::DisableDrivers(size_t)::<lambda(uint8_t)>; RetType = void; Params = {unsigned char}]	0	static
RepRapFirmware/src/Platform/Platform.cpp:2820:6:void Platform::EnableDrivers(size_t, bool)	104	static
RepRapFirmware/src/Platform/Platform.cpp:2842:6:void Platform::DisableDrivers(size_t)	96	static
RepRapFirmware/src/Platform/Platform.cpp:2874:6:void Platform::DisableAllDrivers()	16	static
RepRapFirmware/src/Platform/Platform.cpp:2882:6:void Platform::EngageBrake(size_t)	0	static
RepRapFirmware/src/Platform/Platform.cpp:2892:6:void Platform::DisengageBrake(size_t)	0	static
RepRapFirmware/src/Platform/Platform.cpp:2903:22:StandardDriverStatus Platform::GetLocalDriverStatus(size_t) const	0	static
RepRapFirmware/src/Platform/Platform.cpp:384:17:static ExpressionValue Platform::<lambda(const ObjectModel*, ObjectExplorationContext&)>::_FUN(const ObjectModel*, ObjectExplorationContext&)	16	static
RepRapFirmware/src/Platform/Platform.cpp:2914:6:void Platform::SetDriversIdle()	120	static
RepRapFirmware/src/Platform/Platform.cpp:2947:13:GCodeResult Platform::ConfigureDriverBrakePort(GCodeBuffer&, const StringRef&, size_t)	40	static
RepRapFirmware/src/Platform/Platform.cpp:3001:13:GCodeResult Platform::SetMotorCurrent(size_t, float, int, const StringRef&)	248	static
./RRFLibraries/src/General/function_ref.h:66:45:) [with Callable = Platform::EutSetMotorCurrents(const CanMessageMultipleDrivesRequest<float>&, size_t, const StringRef&)::<lambda(unsigned int, unsigned int)>; RetType = void; Params = {unsigned int, unsigned int}]	16	static
RepRapFirmware/src/Platform/Platform.cpp:3150:6:void Platform::UpdateMotorCurrent(size_t, float)	0	static
RepRapFirmware/src/Platform/Platform.cpp:2732:6:void Platform::EnableOneLocalDriver(size_t, float)	24	static
./RRFLibraries/src/General/function_ref.h:66:45:) [with Callable = Platform::EnableDrivers(size_t, bool)::<lambda(uint8_t)>; RetType = void; Params = {unsigned char}]	0	static
RepRapFirmware/src/Platform/Platform.cpp:2862:6:void Platform::EmergencyDisableDrivers()	24	static
./RRFLibraries/src/General/function_ref.h:66:45:) [with Callable = Platform::SetDriversIdle()::<lambda(uint8_t)>; RetType = void; Params = {unsigned char}]	0	static
./RRFLibraries/src/General/function_ref.h:66:45:) [with Callable = Platform::SetMotorCurrent(size_t, float, int, const StringRef&)::<lambda(uint8_t)>; RetType = void; Params = {unsigned char}]	8	static
./RRFLibraries/src/General/function_ref.h:66:45:) [with Callable = Platform::SetIdleCurrentFactor(float)::<lambda(uint8_t)>; RetType = void; Params = {unsigned char}]	0	static
./RRFLibraries/src/General/function_ref.h:66:45:) [with Callable = Platform::EutHandleSetDriverStates(const CanMessageMultipleDrivesRequest<DriverStateControl>&, const StringRef&)::<lambda(unsigned int, unsigned int)>; RetType = void; Params = {unsigned int, unsigned int}]	16	static
RepRapFirmware/src/Platform/Platform.cpp:3166:5:int Platform::GetMotorCurrent(size_t, int) const	0	static
RepRapFirmware/src/Platform/Platform.cpp:325:23:static ExpressionValue Platform::<lambda(const ObjectModel*, ObjectExplorationContext&)>::_FUN(const ObjectModel*, ObjectExplorationContext&)	16	static
RepRapFirmware/src/Platform/Platform.cpp:346:23:static ExpressionValue Platform::<lambda(const ObjectModel*, ObjectExplorationContext&)>::_FUN(const ObjectModel*, ObjectExplorationContext&)	8	static
RepRapFirmware/src/Platform/Platform.cpp:3193:6:void Platform::SetIdleCurrentFactor(float)	240	static
RepRapFirmware/src/Platform/Platform.cpp:3220:6:void Platform::SetDriveStepsPerUnit(size_t, float, uint32_t)	0	static
./RRFLibraries/src/General/function_ref.h:66:45:) [with Callable = Platform::EutSetStepsPerMmAndMicrostepping(const CanMessageMultipleDrivesRequest<StepsPerUnitAndMicrostepping>&, size_t, const StringRef&)::<lambda(unsigned int, unsigned int)>; RetType = void; Params = {unsigned int, unsigned int}]	40	static
RepRapFirmware/src/Platform/Platform.cpp:3235:6:bool Platform::SetDriverMicrostepping(size_t, unsigned int, int)	4	static
./RRFLibraries/src/General/function_ref.h:66:45:) [with Callable = Platform::SetMicrostepping(size_t, int, bool, const StringRef&)::<lambda(uint8_t)>; RetType = void; Params = {unsigned char}]	16	static
RepRapFirmware/src/Platform/Platform.cpp:3260:6:bool Platform::SetMicrostepping(size_t, int, bool, const StringRef&)	72	static
RepRapFirmware/src/Platform/Platform.cpp:3284:14:unsigned int Platform::GetMicrostepping(size_t, bool&) const	0	static
RepRapFirmware/src/Platform/Platform.cpp:3290:6:void Platform::SetEnableValue(size_t, int8_t)	16	static
RepRapFirmware/src/Platform/Platform.cpp:3327:6:void Platform::SetAxisDriversConfig(size_t, size_t, const DriverId*)	48	static
RepRapFirmware/src/Platform/Platform.cpp:3348:6:void Platform::SetAxisType(size_t, AxisWrapType, bool)	8	static
RepRapFirmware/src/Platform/Platform.cpp:3376:6:void Platform::SetExtruderDriver(size_t, DriverId)	24	static
RepRapFirmware/src/Platform/Platform.cpp:3392:6:void Platform::SetDriverStepTiming(size_t, const float*)	32	static
RepRapFirmware/src/Platform/Platform.cpp:3424:6:bool Platform::GetDriverStepTiming(size_t, float*) const	16	static
RepRapFirmware/src/Platform/Platform.cpp:3445:6:void Platform::AppendUsbReply(OutputBuffer*)	24	static
RepRapFirmware/src/Platform/Platform.cpp:3462:6:bool Platform::IsAuxEnabled(size_t) const	0	static
RepRapFirmware/src/Platform/Platform.cpp:3471:6:void Platform::EnableAux(size_t)	0	static
RepRapFirmware/src/Platform/Platform.cpp:3481:6:bool Platform::IsAuxRaw(size_t) const	0	static
RepRapFirmware/src/Platform/Platform.cpp:3490:6:void Platform::SetAuxRaw(size_t, bool)	0	static
RepRapFirmware/src/Platform/Platform.cpp:3501:6:void Platform::InitPanelDueUpdater()	16	static
RepRapFirmware/src/Platform/Platform.cpp:3510:6:void Platform::AppendAuxReply(size_t, const char*, bool)	4	static
RepRapFirmware/src/Platform/Platform.cpp:3525:6:void Platform::AppendAuxReply(size_t, OutputBuffer*, bool)	16	static
RepRapFirmware/src/Platform/Platform.cpp:3623:6:void Platform::Message(MessageType, OutputBuffer*)	48	static
RepRapFirmware/src/Platform/Platform.cpp:3772:6:void Platform::DebugMessage(const char*, va_list)	40	static
RepRapFirmware/src/Platform/Platform.cpp:3845:29:const char* Platform::GetLogFileName() const	0	static
RepRapFirmware/src/Platform/Platform.cpp:3852:24:const char* Platform::GetLogLevel() const	0	static
RepRapFirmware/src/Platform/Platform.cpp:3863:6:void Platform::StopLogging()	0	static
RepRapFirmware/src/Platform/Platform.cpp:1026:6:void Platform::Exit()	8	static
RepRapFirmware/src/Platform/Platform.cpp:3798:13:GCodeResult Platform::ConfigureLogging(GCodeBuffer&, const StringRef&)	176	static
RepRapFirmware/src/Platform/Platform.cpp:3873:6:bool Platform::GetAtxPowerState() const	0	static
RepRapFirmware/src/Platform/Platform.cpp:3883:13:GCodeResult Platform::HandleM80(GCodeBuffer&, const StringRef&)	32	static
RepRapFirmware/src/Platform/Platform.cpp:3952:6:void Platform::AtxPowerOff()	24	static
RepRapFirmware/src/Platform/Platform.cpp:3916:13:GCodeResult Platform::HandleM81(GCodeBuffer&, const StringRef&)	32	static
RepRapFirmware/src/Platform/Platform.cpp:3981:6:void Platform::SetNonlinearExtrusion(size_t, float, float, float)	0	static
RepRapFirmware/src/Platform/Platform.cpp:3993:6:void Platform::SetBaudRate(size_t, uint32_t)	0	static
RepRapFirmware/src/Platform/Platform.cpp:4001:10:uint32_t Platform::GetBaudRate(size_t) const	0	static
RepRapFirmware/src/Platform/Platform.cpp:4006:6:void Platform::SetCommsProperties(size_t, uint32_t)	0	static
RepRapFirmware/src/Platform/Platform.cpp:4014:10:uint32_t Platform::GetCommsProperties(size_t) const	0	static
RepRapFirmware/src/Platform/Platform.cpp:4020:6:void Platform::ResetChannel(size_t)	16	static
RepRapFirmware/src/Platform/Platform.cpp:4087:6:void Platform::SetBoardType()	0	static
RepRapFirmware/src/Platform/Platform.cpp:4162:24:const char* Platform::GetElectronicsString() const	0	static
RepRapFirmware/src/Platform/Platform.cpp:4206:24:const char* Platform::GetBoardString() const	0	static
RepRapFirmware/src/Platform/Platform.cpp:4284:6:bool Platform::Delete(const char*, const char*) const	160	static
RepRapFirmware/src/Platform/Platform.cpp:4301:12:FileStore* Platform::OpenFile(const char*, const char*, OpenMode, uint32_t) const	152	static
RepRapFirmware/src/Platform/Platform.cpp:4309:6:bool Platform::FileExists(const char*, const char*) const	144	static
RepRapFirmware/src/Platform/Platform.cpp:4316:24:const char* Platform::InternalGetSysDir() const	0	static
RepRapFirmware/src/Platform/Platform.cpp:4345:31:ReadLockedPointer<const char> Platform::GetSysDir() const	16	static
RepRapFirmware/src/Platform/Platform.cpp:4335:6:bool Platform::MakeSysFileName(const StringRef&, const char*) const	24	static
RepRapFirmware/src/Platform/Platform.cpp:4290:6:bool Platform::DeleteSysFile(const char*) const	160	static
RepRapFirmware/src/Platform/Platform.cpp:4321:6:bool Platform::SysFileExists(const char*) const	144	static
RepRapFirmware/src/Platform/Platform.cpp:4327:12:FileStore* Platform::OpenSysFile(const char*, OpenMode) const	152	static
RepRapFirmware/src/Platform/Platform.cpp:4340:6:void Platform::AppendSysDir(const StringRef&) const	16	static
RepRapFirmware/src/Platform/Platform.cpp:4355:13:GCodeResult Platform::SetSysDir(const char*, const StringRef&)	168	static
RepRapFirmware/src/Platform/Platform.cpp:4387:6:void Platform::SetLaserPwm(Pwm_t)	0	static
RepRapFirmware/src/Platform/Platform.cpp:4394:7:float Platform::GetLaserPwm() const	0	static
RepRapFirmware/src/Platform/Platform.cpp:4399:6:bool Platform::AssignLaserPin(GCodeBuffer&, const StringRef&)	24	static
RepRapFirmware/src/Platform/Platform.cpp:4420:6:void Platform::ReleaseLaserPin()	8	static
RepRapFirmware/src/Platform/Platform.cpp:4426:6:void Platform::SetLaserPwmFrequency(PwmFrequency)	0	static
RepRapFirmware/src/Platform/Platform.cpp:4434:6:void Platform::SetAxisMaximum(size_t, float, bool)	0	static
RepRapFirmware/src/Platform/Platform.cpp:4444:6:void Platform::SetAxisMinimum(size_t, float, bool)	0	static
RepRapFirmware/src/Platform/Platform.cpp:4463:11:MinCurMax Platform::GetMcuTemperatures() const	40	static
RepRapFirmware/src/Platform/Platform.cpp:300:14:static ExpressionValue Platform::<lambda(const ObjectModel*, ObjectExplorationContext&)>::_FUN(const ObjectModel*, ObjectExplorationContext&)	24	static
RepRapFirmware/src/Platform/Platform.cpp:299:14:static ExpressionValue Platform::<lambda(const ObjectModel*, ObjectExplorationContext&)>::_FUN(const ObjectModel*, ObjectExplorationContext&)	24	static
RepRapFirmware/src/Platform/Platform.cpp:298:17:static ExpressionValue Platform::<lambda(const ObjectModel*, ObjectExplorationContext&)>::_FUN(const ObjectModel*, ObjectExplorationContext&)	24	static
RepRapFirmware/src/Platform/Platform.cpp:4477:11:MinCurMax Platform::GetPowerVoltages() const	32	static
RepRapFirmware/src/Platform/Platform.cpp:307:14:static ExpressionValue Platform::<lambda(const ObjectModel*, ObjectExplorationContext&)>::_FUN(const ObjectModel*, ObjectExplorationContext&)	24	static
RepRapFirmware/src/Platform/Platform.cpp:306:14:static ExpressionValue Platform::<lambda(const ObjectModel*, ObjectExplorationContext&)>::_FUN(const ObjectModel*, ObjectExplorationContext&)	24	static
RepRapFirmware/src/Platform/Platform.cpp:4486:7:float Platform::GetCurrentPowerVoltage() const	0	static
RepRapFirmware/src/Platform/Platform.cpp:4514:7:float Platform::GetTmcDriversTemperature(unsigned int) const	0	static
RepRapFirmware/src/Platform/Platform.cpp:4543:13:GCodeResult Platform::ConfigureStallDetection(GCodeBuffer&, const StringRef&, OutputBuffer*&)	176	static
RepRapFirmware/src/Platform/Platform.cpp:4764:13:GCodeResult Platform::ConfigurePort(GCodeBuffer&, const StringRef&)	40	static
RepRapFirmware/src/Platform/Platform.cpp:4879:6:void Platform::UpdateBacklashSteps()	0	static
RepRapFirmware/src/Platform/Platform.cpp:4842:13:GCodeResult Platform::ConfigureBacklashCompensation(GCodeBuffer&, const StringRef&)	56	static
RepRapFirmware/src/Platform/Platform.cpp:4888:9:int32_t Platform::ApplyBacklashCompensation(size_t, int32_t)	12	static
RepRapFirmware/src/Platform/Platform.cpp:4925:6:void Platform::HandleRemoteGpInChange(CanAddress, uint8_t, uint8_t, bool)	0	static
RepRapFirmware/src/Platform/Platform.cpp:4933:13:GCodeResult Platform::UpdateRemoteStepsPerMmAndMicrostepping(AxesBitmap, const StringRef&)	208	static
RepRapFirmware/src/Platform/Platform.cpp:4950:6:void Platform::OnProcessingCanMessage()	8	static
RepRapFirmware/src/Platform/Platform.cpp:4956:13:GCodeResult Platform::UpdateRemoteInputShaping(unsigned int, const float*, const float*, const StringRef&) const	56	static
RepRapFirmware/src/Platform/Platform.cpp:4996:13:GCodeResult Platform::GetSetAncillaryPwm(GCodeBuffer&, const StringRef&)	32	static
RepRapFirmware/src/Platform/Platform.cpp:5026:10:uint32_t Platform::Random()	8	static
RepRapFirmware/src/Platform/Platform.cpp:5033:6:void Platform::SetDiagLed(bool) const	0	static
RepRapFirmware/src/Platform/Platform.cpp:5100:13:GCodeResult Platform::EutHandleM950Gpio(const CanMessageGeneric&, const StringRef&)	32	static
RepRapFirmware/src/Platform/Platform.cpp:5119:13:GCodeResult Platform::EutHandleGpioWrite(const CanMessageWriteGpio&, const StringRef&)	8	static
RepRapFirmware/src/Platform/Platform.cpp:5131:13:GCodeResult Platform::EutSetMotorCurrents(const CanMessageMultipleDrivesRequest<float>&, size_t, const StringRef&)	56	static
RepRapFirmware/src/Platform/Platform.cpp:5162:13:GCodeResult Platform::EutSetStepsPerMmAndMicrostepping(const CanMessageMultipleDrivesRequest<StepsPerUnitAndMicrostepping>&, size_t, const StringRef&)	56	static
RepRapFirmware/src/Platform/Platform.cpp:5202:13:GCodeResult Platform::EutHandleSetDriverStates(const CanMessageMultipleDrivesRequest<DriverStateControl>&, const StringRef&)	24	static
RepRapFirmware/src/Platform/Platform.cpp:5233:13:GCodeResult Platform::EutProcessM569(const CanMessageGeneric&, const StringRef&)	120	static
RepRapFirmware/src/Platform/Platform.cpp:5448:13:GCodeResult Platform::EutProcessM569Point2(const CanMessageGeneric&, const StringRef&)	32	static
RepRapFirmware/src/Platform/Platform.cpp:5489:13:GCodeResult Platform::EutProcessM569Point7(const CanMessageGeneric&, const StringRef&)	72	static
RepRapFirmware/src/Platform/Platform.cpp:5552:13:GCodeResult Platform::EutProcessM915(const CanMessageGeneric&, const StringRef&)	64	static
RepRapFirmware/src/Platform/Platform.cpp:5628:6:void Platform::SendDriversStatus(CanMessageBuffer&)	16	static
RepRapFirmware/src/Platform/Platform.cpp:5659:6:void Platform::Tick()	24	static
RepRapFirmware/src/Platform/AveragingFilter.h:21:7:void AveragingFilter<numAveraged>::Init(uint16_t) volatile [with unsigned int numAveraged = 16]	0	static
RepRapFirmware/src/Platform/Platform.cpp:509:6:void Platform::Init()	72	static
./RRFLibraries/src/General/String.h:98:26:) [with unsigned int Len = 100]	20	static
RepRapFirmware/src/Platform/Platform.cpp:2628:6:static bool Platform::WriteAxisLimits(FileStore*, AxesBitmap, const float*, int)	144	static
RepRapFirmware/src/Platform/Platform.cpp:2600:6:bool Platform::WritePlatformParameters(FileStore*, bool) const	24	static
./RRFLibraries/src/General/String.h:107:26:) [with unsigned int Len = 100]	20	static
./RRFLibraries/src/General/function_ref.h:66:45:) [with Callable = Platform::WriteAxisLimits(FileStore*, AxesBitmap, const float*, int)::<lambda(unsigned int, unsigned int)>; RetType = void; Params = {unsigned int, unsigned int}]	24	static
./RRFLibraries/src/General/function_ref.h:66:45:) [with Callable = Platform::ReportDrivers(MessageType, DriversBitmap&, const char*, bool&)::<lambda(unsigned int, unsigned int)>; RetType = void; Params = {unsigned int, unsigned int}]	8	static
./RRFLibraries/src/General/String.h:98:26:) [with unsigned int Len = 256]	20	static
./RepRapFirmware/src/CAN/CanDriversData.h:61:24:void CanDriversData<T>::AddEntry(DriverId, T) [with T = float]	40	static
./RRFLibraries/src/General/function_ref.h:66:45:) [with Callable = Platform::SetMotorCurrent(size_t, float, int, const StringRef&)::<lambda(DriverId)>; RetType = void; Params = {DriverId}]	24	static
./RRFLibraries/src/General/function_ref.h:66:45:) [with Callable = Platform::SetIdleCurrentFactor(float)::<lambda(DriverId)>; RetType = void; Params = {DriverId}]	24	static
RepRapFirmware/src/Platform/AveragingFilter.h:21:7:void AveragingFilter<numAveraged>::Init(uint16_t) volatile [with unsigned int numAveraged = 8]	0	static
RepRapFirmware/src/Platform/Platform.cpp:4454:6:void Platform::InitZProbeFilters()	8	static
RepRapFirmware/src/Platform/Platform.cpp:451:1:Platform::Platform()	32	static
RepRapFirmware/src/Platform/Platform.cpp:5815:1:cpp)	0	static
./RRFLibraries/src/General/function_ref.h:66:45:) [with Callable = Platform::DebugMessage(const char*, va_list)::<lambda(char)>; RetType = bool; Params = {char}]	16	static
RepRapFirmware/src/Platform/Platform.cpp:1074:6:bool Platform::FlushMessages()	40	static
RepRapFirmware/src/Platform/Platform.cpp:3546:6:void Platform::RawMessage(MessageType, const char*)	40	static
RepRapFirmware/src/Platform/Platform.cpp:3690:6:void Platform::MessageV(MessageType, const char*, va_list)	304	static
RepRapFirmware/src/Platform/Platform.cpp:3723:6:)	16	static
RepRapFirmware/src/Platform/Platform.cpp:1009:6:void Platform::PanelDueBeep(int, int)	16	static
RepRapFirmware/src/Platform/Platform.cpp:2046:13:GCodeResult Platform::DiagnosticTest(GCodeBuffer&, const StringRef&, OutputBuffer*&, unsigned int)	136	static
RepRapFirmware/src/Platform/Platform.cpp:4747:6:bool Platform::SetDateTime(time_t)	72	static
RepRapFirmware/src/Platform/Platform.cpp:1600:6:void Platform::ReportDrivers(MessageType, DriversBitmap&, const char*, bool&)	144	static
RepRapFirmware/src/Platform/Platform.cpp:3731:6:void Platform::Message(MessageType, const char*)	296	static
RepRapFirmware/src/Platform/Platform.cpp:1127:6:void Platform::Spin()	160	static
RepRapFirmware/src/Platform/Platform.cpp:1861:6:void Platform::Diagnostics(MessageType)	624	static
