RepRapFirmware/src/Platform/Tasks.cpp:260:30:void MainTask(void*)	8	static
./RRFLibraries/src/RTOSIface/RTOSIface.h:262:41:Task<50>::~Task()	8	static
./RRFLibraries/src/RTOSIface/RTOSIface.h:262:41:Task<1370>::~Task()	8	static
./CoreN2G/src/syscalls.h:53:19:void* _sbrk(ptrdiff_t)	8	static
./CoreN2G/src/syscalls.h:73:7:void* CoreAllocPermanent(size_t, std::align_val_t)	16	static
./CoreN2G/src/syscalls.h:95:16:int link(char*, char*)	0	static
./CoreN2G/src/syscalls.h:104:16:int _close(int)	0	static
./CoreN2G/src/syscalls.h:113:16:int _fstat(int, stat*)	0	static
./CoreN2G/src/syscalls.h:124:16:int _isatty(int)	0	static
./CoreN2G/src/syscalls.h:133:16:int _lseek(int, int, int)	0	static
./CoreN2G/src/syscalls.h:142:17:void _exit(int)	0	static
./CoreN2G/src/syscalls.h:147:17:void exit(int)	0	static
./CoreN2G/src/syscalls.h:152:17:void abort()	0	static
./CoreN2G/src/syscalls.h:157:16:int __register_exitproc(int, void (*)(), void*, void*)	0	static
./CoreN2G/src/syscalls.h:166:17:void _kill(int, int)	0	static
./CoreN2G/src/syscalls.h:174:16:int _getpid()	0	static
./CoreN2G/src/syscalls.h:179:16:int _read(int, char*, int)	0	static
./CoreN2G/src/syscalls.h:185:16:int _write(int, char*, int)	0	static
RepRapFirmware/src/Platform/Tasks.cpp:61:17:void vApplicationGetIdleTaskMemory(StaticTask_t**, StackType_t**, uint32_t*)	0	static
RepRapFirmware/src/Platform/Tasks.cpp:88:17:void GetMallocMutex()	8	static
RepRapFirmware/src/Platform/Tasks.cpp:96:17:void ReleaseMallocMutex()	8	static
RepRapFirmware/src/Platform/Tasks.cpp:110:7:void* Tasks::GetNVMBuffer(const uint32_t*)	0	static
RepRapFirmware/src/Platform/Tasks.cpp:131:19:void AppMain()	24	static
RepRapFirmware/src/Platform/Tasks.cpp:281:11:ptrdiff_t Tasks::GetNeverUsedRam()	0	static
RepRapFirmware/src/Platform/Tasks.cpp:286:13:const char* Tasks::GetHeapTop()	0	static
RepRapFirmware/src/Platform/Tasks.cpp:293:7:void* Tasks::AllocPermanent(size_t, std::align_val_t)	16	static
RepRapFirmware/src/Platform/Tasks.cpp:304:21:uint64_t TaskGetRunTimeTicks()	0	static
RepRapFirmware/src/Platform/Tasks.cpp:316:21:uint64_t TaskResetRunTimeCounter()	8	static
RepRapFirmware/src/Platform/Tasks.cpp:438:12:TaskBase* Tasks::GetMainTask()	0	static
RepRapFirmware/src/Platform/Tasks.cpp:443:6:void Tasks::TerminateMainTask()	0	static
RepRapFirmware/src/Platform/Tasks.cpp:448:8:Mutex* Tasks::GetI2CMutex()	0	static
RepRapFirmware/src/Platform/Tasks.cpp:454:17:void vApplicationTickHook()	8	static
RepRapFirmware/src/Platform/Tasks.cpp:461:17:void __tzset()	0	static
RepRapFirmware/src/Platform/Tasks.cpp:462:17:void __tz_lock()	0	static
RepRapFirmware/src/Platform/Tasks.cpp:463:17:void __tz_unlock()	0	static
RepRapFirmware/src/Platform/Tasks.cpp:464:17:void _tzset_unlocked()	0	static
RepRapFirmware/src/Platform/Tasks.cpp:469:7:void* MessageBufferAlloc(size_t, std::align_val_t)	0	static
RepRapFirmware/src/Platform/Tasks.cpp:474:6:void MessageBufferDelete(void*, std::align_val_t)	0	static
./RRFLibraries/src/General/String.h:98:26:) [with unsigned int Len = 50]	20	static
./RRFLibraries/src/General/String.h:107:26:) [with unsigned int Len = 50]	20	static
RepRapFirmware/src/Platform/Tasks.cpp:327:6:void Tasks::Diagnostics(MessageType)	176	static
RepRapFirmware/src/Platform/Tasks.cpp:474:72:cpp)	8	static
