CoreN2G/src/CoreIO.cpp:43:6:void SetPinMode(Pin, PinMode, uint32_t)	8	static
CoreN2G/src/CoreIO.cpp:90:6:void SetPullup(Pin, bool)	0	static
CoreN2G/src/CoreIO.cpp:100:6:void EnablePullup(Pin)	0	static
CoreN2G/src/CoreIO.cpp:107:6:void DisablePullup(Pin)	0	static
CoreN2G/src/CoreIO.cpp:413:17:void pinMode(Pin, PinMode)	0	static
CoreN2G/src/CoreIO.cpp:419:17:bool digitalRead(Pin)	0	static
CoreN2G/src/CoreIO.cpp:425:17:void digitalWrite(Pin, bool)	0	static
CoreN2G/src/CoreIO.cpp:443:10:uint32_t millis()	0	static
CoreN2G/src/CoreIO.cpp:448:10:uint64_t millis64()	0	static
CoreN2G/src/CoreIO.cpp:456:6:void delay(uint32_t)	0	static
CoreN2G/src/CoreIO.cpp:466:6:void CoreSysTick()	8	static
CoreN2G/src/CoreIO.cpp:480:6:void MicrosecondsTimer::Reset()	16	static
CoreN2G/src/CoreIO.cpp:475:1:MicrosecondsTimer::MicrosecondsTimer()	8	static
CoreN2G/src/CoreIO.cpp:496:10:uint32_t MicrosecondsTimer::Read()	16	static
CoreN2G/src/CoreIO.cpp:523:6:void MillisTimer::Start()	0	static
CoreN2G/src/CoreIO.cpp:530:6:bool MillisTimer::CheckNoStop(uint32_t) const	8	static
CoreN2G/src/CoreIO.cpp:536:6:bool MillisTimer::CheckAndStop(uint32_t)	8	static
CoreN2G/src/CoreIO.cpp:547:76:void memcpyu32(uint32_t*, const uint32_t*, size_t)	16	static
CoreN2G/src/CoreIO.cpp:571:76:void memmoveu32(uint32_t*, const uint32_t*, size_t)	12	static
CoreN2G/src/CoreIO.cpp:605:6:bool memequ32(const uint32_t*, const uint32_t*, size_t)	12	static
CoreN2G/src/CoreIO.cpp:622:6:bool memeqf(const float*, const float*, size_t)	0	static
CoreN2G/src/CoreIO.cpp:654:6:void CoreInit()	0	static
CoreN2G/src/CoreIO.cpp:669:6:void WatchdogInit()	0	static
CoreN2G/src/CoreIO.cpp:700:6:void WatchdogReset()	0	static
CoreN2G/src/CoreIO.cpp:729:6:void ResetProcessor()	0	static
CoreN2G/src/CoreIO.cpp:864:21:AnalogChannelNumber PinToAdcChannel(Pin)	0	static
CoreN2G/src/CoreIO.cpp:889:21:uint32_t random32()	0	static
