FreeRTOS/src/portable/GCC/ARM_CM4F/port.c:266:6:SVC_Handler	0	static
FreeRTOS/src/portable/GCC/ARM_CM4F/port.c:285:13:prvPortStartFirstTask	0	static
FreeRTOS/src/portable/GCC/ARM_CM4F/port.c:515:6:PendSV_Handler	0	static
FreeRTOS/src/portable/GCC/ARM_CM4F/port.c:846:13:vPortEnableVFP	0	static
FreeRTOS/src/portable/GCC/ARM_CM4F/port.c:240:13:prvTaskExitError	16	static
FreeRTOS/src/portable/GCC/ARM_CM4F/port.c:208:15:pxPortInitialiseStack	0	static
FreeRTOS/src/portable/GCC/ARM_CM4F/port.c:478:6:vPortEndScheduler	8	static
FreeRTOS/src/portable/GCC/ARM_CM4F/port.c:486:6:vPortEnterCritical	8	static
FreeRTOS/src/portable/GCC/ARM_CM4F/port.c:503:6:vPortExitCritical	8	static
FreeRTOS/src/portable/GCC/ARM_CM4F/port.c:572:6:SysTick_Handler	8	static
FreeRTOS/src/portable/GCC/ARM_CM4F/port.c:824:32:vPortSetupTimerInterrupt	0	static
FreeRTOS/src/portable/GCC/ARM_CM4F/port.c:316:12:xPortStartScheduler	24	static
FreeRTOS/src/portable/GCC/ARM_CM4F/port.c:863:10:vPortValidateInterruptPriority	8	static
