./RepRapFirmware/src/ObjectModel/ObjectModel.h:319:54:virtual const ObjectModelArrayTableEntry* ObjectModel::GetObjectModelArrayEntry(unsigned int) const	0	static
./RepRapFirmware/src/ObjectModel/ObjectModel.h:324:35:virtual ReadWriteLock* ObjectModel::GetObjectLock(unsigned int) const	0	static
RepRapFirmware/src/Movement/BedProbing/RandomProbePointSet.cpp:24:23:static ExpressionValue RandomProbePointSet::<lambda(const ObjectModel*, ObjectExplorationContext&)>::_FUN(const ObjectModel*, ObjectExplorationContext&)	0	static
RepRapFirmware/src/Movement/BedProbing/RandomProbePointSet.cpp:29:1:virtual const ObjectModelClassDescriptor* RandomProbePointSet::GetObjectModelClassDescriptor() const	0	static
RepRapFirmware/src/Movement/BedProbing/RandomProbePointSet.h:14:7:RandomProbePointSet::~RandomProbePointSet()	0	static
RepRapFirmware/src/Movement/BedProbing/RandomProbePointSet.h:14:7:virtual RandomProbePointSet::~RandomProbePointSet()	8	static
RepRapFirmware/src/Movement/BedProbing/RandomProbePointSet.cpp:33:1:RandomProbePointSet::RandomProbePointSet()	16	static
RepRapFirmware/src/Movement/BedProbing/RandomProbePointSet.cpp:43:6:void RandomProbePointSet::SetXYBedProbePoint(size_t, float, float)	0	static
RepRapFirmware/src/Movement/BedProbing/RandomProbePointSet.cpp:51:6:void RandomProbePointSet::SetZBedProbePoint(size_t, float, bool, bool)	8	static
RepRapFirmware/src/Movement/BedProbing/RandomProbePointSet.cpp:75:8:size_t RandomProbePointSet::NumberOfProbePoints() const	0	static
RepRapFirmware/src/Movement/BedProbing/RandomProbePointSet.cpp:88:6:void RandomProbePointSet::ClearProbeHeights()	0	static
RepRapFirmware/src/Movement/BedProbing/RandomProbePointSet.cpp:97:6:bool RandomProbePointSet::GoodProbePoints(size_t) const	0	static
RepRapFirmware/src/Movement/BedProbing/RandomProbePointSet.cpp:110:6:void RandomProbePointSet::ReportProbeHeights(size_t, const StringRef&) const	48	static
RepRapFirmware/src/Movement/BedProbing/RandomProbePointSet.cpp:138:6:void RandomProbePointSet::DebugPrint(size_t) const	40	static
RepRapFirmware/src/Movement/BedProbing/RandomProbePointSet.cpp:151:1:cpp)	0	static
