CoreN2G/src/STM32/MCP2517FD/CanFdSpiApi.c:131:8:DRV_CANFDSPI_Reset	0	static
CoreN2G/src/STM32/MCP2517FD/CanFdSpiApi.c:150:8:DRV_CANFDSPI_ReadByte	16	static
CoreN2G/src/STM32/MCP2517FD/CanFdSpiApi.c:168:8:DRV_CANFDSPI_WriteByte	4	static
CoreN2G/src/STM32/MCP2517FD/CanFdSpiApi.c:183:8:DRV_CANFDSPI_ReadWord	16	static
CoreN2G/src/STM32/MCP2517FD/CanFdSpiApi.c:209:8:DRV_CANFDSPI_WriteWord	4	static
CoreN2G/src/STM32/MCP2517FD/CanFdSpiApi.c:230:8:DRV_CANFDSPI_ReadHalfWord	16	static
CoreN2G/src/STM32/MCP2517FD/CanFdSpiApi.c:256:8:DRV_CANFDSPI_WriteHalfWord	4	static
CoreN2G/src/STM32/MCP2517FD/CanFdSpiApi.c:326:8:DRV_CANFDSPI_ReadByteArray	24	static
CoreN2G/src/STM32/MCP2517FD/CanFdSpiApi.c:415:8:DRV_CANFDSPI_WriteByteArray	12	static
CoreN2G/src/STM32/MCP2517FD/CanFdSpiApi.c:477:8:DRV_CANFDSPI_ReadWordArray	32	static
CoreN2G/src/STM32/MCP2517FD/CanFdSpiApi.c:517:8:DRV_CANFDSPI_WriteWordArray	24	static
CoreN2G/src/STM32/MCP2517FD/CanFdSpiApi.c:553:8:DRV_CANFDSPI_Configure	8	static
CoreN2G/src/STM32/MCP2517FD/CanFdSpiApi.c:581:8:DRV_CANFDSPI_ConfigureObjectReset	0	static
CoreN2G/src/STM32/MCP2517FD/CanFdSpiApi.c:606:8:DRV_CANFDSPI_OperationModeSelect	24	static
CoreN2G/src/STM32/MCP2517FD/CanFdSpiApi.c:631:20:DRV_CANFDSPI_OperationModeGet	16	static
CoreN2G/src/STM32/MCP2517FD/CanFdSpiApi.c:680:8:DRV_CANFDSPI_LowPowerModeEnable	0	static
CoreN2G/src/STM32/MCP2517FD/CanFdSpiApi.c:708:8:DRV_CANFDSPI_LowPowerModeDisable	0	static
CoreN2G/src/STM32/MCP2517FD/CanFdSpiApi.c:741:8:DRV_CANFDSPI_TransmitChannelConfigure	8	static
CoreN2G/src/STM32/MCP2517FD/CanFdSpiApi.c:765:8:DRV_CANFDSPI_TransmitChannelConfigureObjectReset	0	static
CoreN2G/src/STM32/MCP2517FD/CanFdSpiApi.c:779:8:DRV_CANFDSPI_TransmitQueueConfigure	0	static
CoreN2G/src/STM32/MCP2517FD/CanFdSpiApi.c:801:8:DRV_CANFDSPI_TransmitQueueConfigureObjectReset	0	static
CoreN2G/src/STM32/MCP2517FD/CanFdSpiApi.c:903:8:DRV_CANFDSPI_TransmitChannelFlush	0	static
CoreN2G/src/STM32/MCP2517FD/CanFdSpiApi.c:923:8:DRV_CANFDSPI_TransmitChannelStatusGet	16	static
CoreN2G/src/STM32/MCP2517FD/CanFdSpiApi.c:963:8:DRV_CANFDSPI_TransmitChannelUpdate	8	static
CoreN2G/src/STM32/MCP2517FD/CanFdSpiApi.c:988:8:DRV_CANFDSPI_TransmitRequestSet	0	static
CoreN2G/src/STM32/MCP2517FD/CanFdSpiApi.c:1001:8:DRV_CANFDSPI_TransmitRequestGet	0	static
CoreN2G/src/STM32/MCP2517FD/CanFdSpiApi.c:1011:8:DRV_CANFDSPI_TransmitChannelAbort	0	static
CoreN2G/src/STM32/MCP2517FD/CanFdSpiApi.c:1031:8:DRV_CANFDSPI_TransmitAbortAll	16	static
CoreN2G/src/STM32/MCP2517FD/CanFdSpiApi.c:1054:8:DRV_CANFDSPI_TransmitBandWidthSharingSet	24	static
CoreN2G/src/STM32/MCP2517FD/CanFdSpiApi.c:1084:8:DRV_CANFDSPI_FilterObjectConfigure	0	static
CoreN2G/src/STM32/MCP2517FD/CanFdSpiApi.c:1101:8:DRV_CANFDSPI_FilterMaskConfigure	0	static
CoreN2G/src/STM32/MCP2517FD/CanFdSpiApi.c:1118:8:DRV_CANFDSPI_FilterToFifoLink	0	static
CoreN2G/src/STM32/MCP2517FD/CanFdSpiApi.c:1141:8:DRV_CANFDSPI_FilterEnable	24	static
CoreN2G/src/STM32/MCP2517FD/CanFdSpiApi.c:1167:8:DRV_CANFDSPI_FilterDisable	24	static
CoreN2G/src/STM32/MCP2517FD/CanFdSpiApi.c:1193:8:DRV_CANFDSPI_DeviceNetFilterCountSet	24	static
CoreN2G/src/STM32/MCP2517FD/CanFdSpiApi.c:1218:8:DRV_CANFDSPI_ReceiveChannelConfigure	4	static
CoreN2G/src/STM32/MCP2517FD/CanFdSpiApi.c:1244:8:DRV_CANFDSPI_ReceiveChannelConfigureObjectReset	0	static
CoreN2G/src/STM32/MCP2517FD/CanFdSpiApi.c:1256:8:DRV_CANFDSPI_ReceiveChannelStatusGet	16	static
CoreN2G/src/STM32/MCP2517FD/CanFdSpiApi.c:1385:8:DRV_CANFDSPI_ReceiveChannelReset	0	static
CoreN2G/src/STM32/MCP2517FD/CanFdSpiApi.c:957:8:DRV_CANFDSPI_TransmitChannelReset	0	static
CoreN2G/src/STM32/MCP2517FD/CanFdSpiApi.c:1402:8:DRV_CANFDSPI_ReceiveChannelUpdate	0	static
CoreN2G/src/STM32/MCP2517FD/CanFdSpiApi.c:1278:8:DRV_CANFDSPI_ReceiveMessageGet	120	static
CoreN2G/src/STM32/MCP2517FD/CanFdSpiApi.c:1424:8:DRV_CANFDSPI_TefStatusGet	16	static
CoreN2G/src/STM32/MCP2517FD/CanFdSpiApi.c:1529:8:DRV_CANFDSPI_TefReset	0	static
CoreN2G/src/STM32/MCP2517FD/CanFdSpiApi.c:1546:8:DRV_CANFDSPI_TefUpdate	0	static
CoreN2G/src/STM32/MCP2517FD/CanFdSpiApi.c:1446:8:DRV_CANFDSPI_TefMessageGet	40	static
CoreN2G/src/STM32/MCP2517FD/CanFdSpiApi.c:1563:8:DRV_CANFDSPI_TefConfigure	0	static
CoreN2G/src/STM32/MCP2517FD/CanFdSpiApi.c:1579:8:DRV_CANFDSPI_TefConfigureObjectReset	0	static
CoreN2G/src/STM32/MCP2517FD/CanFdSpiApi.c:1595:8:DRV_CANFDSPI_ModuleEventGet	16	static
CoreN2G/src/STM32/MCP2517FD/CanFdSpiApi.c:1615:8:DRV_CANFDSPI_ModuleEventEnable	24	static
CoreN2G/src/STM32/MCP2517FD/CanFdSpiApi.c:1643:8:DRV_CANFDSPI_ModuleEventDisable	24	static
CoreN2G/src/STM32/MCP2517FD/CanFdSpiApi.c:1671:8:DRV_CANFDSPI_ModuleEventClear	8	static
CoreN2G/src/STM32/MCP2517FD/CanFdSpiApi.c:1698:8:DRV_CANFDSPI_ModuleEventRxCodeGet	16	static
CoreN2G/src/STM32/MCP2517FD/CanFdSpiApi.c:1724:8:DRV_CANFDSPI_ModuleEventTxCodeGet	16	static
CoreN2G/src/STM32/MCP2517FD/CanFdSpiApi.c:1750:8:DRV_CANFDSPI_ModuleEventFilterHitGet	16	static
CoreN2G/src/STM32/MCP2517FD/CanFdSpiApi.c:1771:8:DRV_CANFDSPI_ModuleEventIcodeGet	16	static
CoreN2G/src/STM32/MCP2517FD/CanFdSpiApi.c:1800:8:DRV_CANFDSPI_TransmitChannelEventGet	16	static
CoreN2G/src/STM32/MCP2517FD/CanFdSpiApi.c:1822:8:DRV_CANFDSPI_TransmitEventGet	0	static
CoreN2G/src/STM32/MCP2517FD/CanFdSpiApi.c:1831:8:DRV_CANFDSPI_TransmitEventAttemptGet	0	static
CoreN2G/src/STM32/MCP2517FD/CanFdSpiApi.c:1841:8:DRV_CANFDSPI_TransmitChannelIndexGet	16	static
CoreN2G/src/STM32/MCP2517FD/CanFdSpiApi.c:1863:8:DRV_CANFDSPI_TransmitChannelEventEnable	24	static
CoreN2G/src/STM32/MCP2517FD/CanFdSpiApi.c:1891:8:DRV_CANFDSPI_TransmitChannelEventDisable	24	static
CoreN2G/src/STM32/MCP2517FD/CanFdSpiApi.c:1919:8:DRV_CANFDSPI_TransmitChannelEventAttemptClear	24	static
CoreN2G/src/STM32/MCP2517FD/CanFdSpiApi.c:1952:8:DRV_CANFDSPI_ReceiveChannelEventGet	16	static
CoreN2G/src/STM32/MCP2517FD/CanFdSpiApi.c:1976:8:DRV_CANFDSPI_ReceiveEventGet	0	static
CoreN2G/src/STM32/MCP2517FD/CanFdSpiApi.c:1985:8:DRV_CANFDSPI_ReceiveEventOverflowGet	0	static
CoreN2G/src/STM32/MCP2517FD/CanFdSpiApi.c:1995:8:DRV_CANFDSPI_ReceiveChannelIndexGet	0	static
CoreN2G/src/STM32/MCP2517FD/CanFdSpiApi.c:2001:8:DRV_CANFDSPI_ReceiveChannelEventEnable	24	static
CoreN2G/src/STM32/MCP2517FD/CanFdSpiApi.c:2031:8:DRV_CANFDSPI_ReceiveChannelEventDisable	24	static
CoreN2G/src/STM32/MCP2517FD/CanFdSpiApi.c:2061:8:DRV_CANFDSPI_ReceiveChannelEventOverflowClear	24	static
CoreN2G/src/STM32/MCP2517FD/CanFdSpiApi.c:2096:8:DRV_CANFDSPI_TefEventGet	16	static
CoreN2G/src/STM32/MCP2517FD/CanFdSpiApi.c:2118:8:DRV_CANFDSPI_TefEventEnable	24	static
CoreN2G/src/STM32/MCP2517FD/CanFdSpiApi.c:2146:8:DRV_CANFDSPI_TefEventDisable	24	static
CoreN2G/src/STM32/MCP2517FD/CanFdSpiApi.c:2174:8:DRV_CANFDSPI_TefEventOverflowClear	16	static
CoreN2G/src/STM32/MCP2517FD/CanFdSpiApi.c:2206:8:DRV_CANFDSPI_ErrorCountTransmitGet	0	static
CoreN2G/src/STM32/MCP2517FD/CanFdSpiApi.c:2220:8:DRV_CANFDSPI_ErrorCountReceiveGet	0	static
CoreN2G/src/STM32/MCP2517FD/CanFdSpiApi.c:2234:8:DRV_CANFDSPI_ErrorStateGet	16	static
CoreN2G/src/STM32/MCP2517FD/CanFdSpiApi.c:2255:8:DRV_CANFDSPI_ErrorCountStateGet	24	static
CoreN2G/src/STM32/MCP2517FD/CanFdSpiApi.c:2279:8:DRV_CANFDSPI_BusDiagnosticsGet	16	static
CoreN2G/src/STM32/MCP2517FD/CanFdSpiApi.c:2303:8:DRV_CANFDSPI_BusDiagnosticsClear	16	static
CoreN2G/src/STM32/MCP2517FD/CanFdSpiApi.c:2324:8:DRV_CANFDSPI_EccEnable	16	static
CoreN2G/src/STM32/MCP2517FD/CanFdSpiApi.c:2347:8:DRV_CANFDSPI_EccDisable	16	static
CoreN2G/src/STM32/MCP2517FD/CanFdSpiApi.c:2370:8:DRV_CANFDSPI_EccEventGet	16	static
CoreN2G/src/STM32/MCP2517FD/CanFdSpiApi.c:2391:8:DRV_CANFDSPI_EccParitySet	0	static
CoreN2G/src/STM32/MCP2517FD/CanFdSpiApi.c:2402:8:DRV_CANFDSPI_EccParityGet	0	static
CoreN2G/src/STM32/MCP2517FD/CanFdSpiApi.c:2413:8:DRV_CANFDSPI_EccErrorAddressGet	16	static
CoreN2G/src/STM32/MCP2517FD/CanFdSpiApi.c:2431:8:DRV_CANFDSPI_EccEventEnable	24	static
CoreN2G/src/STM32/MCP2517FD/CanFdSpiApi.c:2458:8:DRV_CANFDSPI_EccEventDisable	24	static
CoreN2G/src/STM32/MCP2517FD/CanFdSpiApi.c:2485:8:DRV_CANFDSPI_EccEventClear	24	static
CoreN2G/src/STM32/MCP2517FD/CanFdSpiApi.c:2517:8:DRV_CANFDSPI_CrcEventEnable	24	static
CoreN2G/src/STM32/MCP2517FD/CanFdSpiApi.c:2544:8:DRV_CANFDSPI_CrcEventDisable	24	static
CoreN2G/src/STM32/MCP2517FD/CanFdSpiApi.c:2571:8:DRV_CANFDSPI_CrcEventClear	24	static
CoreN2G/src/STM32/MCP2517FD/CanFdSpiApi.c:2598:8:DRV_CANFDSPI_CrcEventGet	16	static
CoreN2G/src/STM32/MCP2517FD/CanFdSpiApi.c:2618:8:DRV_CANFDSPI_CrcValueGet	0	static
CoreN2G/src/STM32/MCP2517FD/CanFdSpiApi.c:2628:8:DRV_CANFDSPI_RamInit	64	static
CoreN2G/src/STM32/MCP2517FD/CanFdSpiApi.c:2657:8:DRV_CANFDSPI_TimeStampEnable	16	static
CoreN2G/src/STM32/MCP2517FD/CanFdSpiApi.c:2680:8:DRV_CANFDSPI_TimeStampDisable	16	static
CoreN2G/src/STM32/MCP2517FD/CanFdSpiApi.c:2703:8:DRV_CANFDSPI_TimeStampGet	0	static
CoreN2G/src/STM32/MCP2517FD/CanFdSpiApi.c:2713:8:DRV_CANFDSPI_TimeStampSet	0	static
CoreN2G/src/STM32/MCP2517FD/CanFdSpiApi.c:2723:8:DRV_CANFDSPI_TimeStampModeConfigure	24	static
CoreN2G/src/STM32/MCP2517FD/CanFdSpiApi.c:2748:8:DRV_CANFDSPI_TimeStampPrescalerSet	0	static
CoreN2G/src/STM32/MCP2517FD/CanFdSpiApi.c:2764:8:DRV_CANFDSPI_OscillatorEnable	16	static
CoreN2G/src/STM32/MCP2517FD/CanFdSpiApi.c:2787:8:DRV_CANFDSPI_OscillatorControlSet	0	static
CoreN2G/src/STM32/MCP2517FD/CanFdSpiApi.c:2809:8:DRV_CANFDSPI_OscillatorControlObjectReset	0	static
CoreN2G/src/STM32/MCP2517FD/CanFdSpiApi.c:2822:8:DRV_CANFDSPI_OscillatorStatusGet	16	static
CoreN2G/src/STM32/MCP2517FD/CanFdSpiApi.c:2880:8:DRV_CANFDSPI_BitTimeConfigureNominal40MHz	0	static
CoreN2G/src/STM32/MCP2517FD/CanFdSpiApi.c:2952:8:DRV_CANFDSPI_BitTimeConfigureData40MHz	16	static
CoreN2G/src/STM32/MCP2517FD/CanFdSpiApi.c:3155:8:DRV_CANFDSPI_BitTimeConfigureNominal20MHz	8	static
CoreN2G/src/STM32/MCP2517FD/CanFdSpiApi.c:3229:8:DRV_CANFDSPI_BitTimeConfigureData20MHz	16	static
CoreN2G/src/STM32/MCP2517FD/CanFdSpiApi.c:3392:8:DRV_CANFDSPI_BitTimeConfigureNominal10MHz	8	static
CoreN2G/src/STM32/MCP2517FD/CanFdSpiApi.c:3459:8:DRV_CANFDSPI_BitTimeConfigureData10MHz	16	static
CoreN2G/src/STM32/MCP2517FD/CanFdSpiApi.c:2846:8:DRV_CANFDSPI_BitTimeConfigure	16	static
CoreN2G/src/STM32/MCP2517FD/CanFdSpiApi.c:3585:8:DRV_CANFDSPI_GpioModeConfigure	24	static
CoreN2G/src/STM32/MCP2517FD/CanFdSpiApi.c:3614:8:DRV_CANFDSPI_GpioDirectionConfigure	24	static
CoreN2G/src/STM32/MCP2517FD/CanFdSpiApi.c:3643:8:DRV_CANFDSPI_GpioStandbyControlEnable	16	static
CoreN2G/src/STM32/MCP2517FD/CanFdSpiApi.c:3670:8:DRV_CANFDSPI_GpioStandbyControlDisable	16	static
CoreN2G/src/STM32/MCP2517FD/CanFdSpiApi.c:3697:8:DRV_CANFDSPI_GpioInterruptPinsOpenDrainConfigure	24	static
CoreN2G/src/STM32/MCP2517FD/CanFdSpiApi.c:3725:8:DRV_CANFDSPI_GpioTransmitPinOpenDrainConfigure	24	static
CoreN2G/src/STM32/MCP2517FD/CanFdSpiApi.c:3753:8:DRV_CANFDSPI_GpioPinSet	24	static
CoreN2G/src/STM32/MCP2517FD/CanFdSpiApi.c:3791:8:DRV_CANFDSPI_GpioPinRead	24	static
CoreN2G/src/STM32/MCP2517FD/CanFdSpiApi.c:3823:8:DRV_CANFDSPI_GpioClockOutputConfigure	24	static
CoreN2G/src/STM32/MCP2517FD/CanFdSpiApi.c:3856:10:DRV_CANFDSPI_DlcToDataBytes	0	static
CoreN2G/src/STM32/MCP2517FD/CanFdSpiApi.c:814:8:DRV_CANFDSPI_TransmitChannelLoad	120	static
CoreN2G/src/STM32/MCP2517FD/CanFdSpiApi.c:3894:8:DRV_CANFDSPI_FifoIndexGet	16	static
CoreN2G/src/STM32/MCP2517FD/CanFdSpiApi.c:3916:10:DRV_CANFDSPI_CalculateCRC16	12	static
CoreN2G/src/STM32/MCP2517FD/CanFdSpiApi.c:277:8:DRV_CANFDSPI_WriteByteSafe	16	static
CoreN2G/src/STM32/MCP2517FD/CanFdSpiApi.c:299:8:DRV_CANFDSPI_WriteWordSafe	16	static
CoreN2G/src/STM32/MCP2517FD/CanFdSpiApi.c:357:8:DRV_CANFDSPI_ReadByteArrayWithCRC	32	static
CoreN2G/src/STM32/MCP2517FD/CanFdSpiApi.c:441:8:DRV_CANFDSPI_WriteByteArrayWithCRC	24	static
CoreN2G/src/STM32/MCP2517FD/CanFdSpiApi.c:3929:9:DRV_CANFDSPI_DataBytesToDlc	0	static
