RRFLibraries/src/RTOSIface/RTOSIface.h:358:14:bool RTOSIface::LeaveTaskCriticalSection()	0	static
RRFLibraries/src/RTOSIface/RTOSIface.h:216:7:void TaskBase::Give(uint32_t)	16	static
RRFLibraries/src/RTOSIface/RTOSIface.cpp:25:6:void Mutex::Create(c_string)	16	static
RRFLibraries/src/RTOSIface/RTOSIface.cpp:33:1:Mutex::~Mutex()	8	static
RRFLibraries/src/RTOSIface/RTOSIface.cpp:49:6:bool Mutex::Take(uint32_t)	8	static
RRFLibraries/src/RTOSIface/RTOSIface.cpp:56:6:bool Mutex::Release()	8	static
RRFLibraries/src/RTOSIface/RTOSIface.cpp:61:22:TaskBase* Mutex::GetHolder() const	0	static
RRFLibraries/src/RTOSIface/RTOSIface.cpp:94:1:MutexLocker::MutexLocker(Mutex*, uint32_t)	8	static
RRFLibraries/src/RTOSIface/RTOSIface.cpp:105:1:MutexLocker::MutexLocker(Mutex&, uint32_t)	8	static
RRFLibraries/src/RTOSIface/RTOSIface.cpp:117:6:void MutexLocker::Release()	8	static
RRFLibraries/src/RTOSIface/RTOSIface.cpp:134:6:bool MutexLocker::ReAcquire(uint32_t)	8	static
RRFLibraries/src/RTOSIface/RTOSIface.cpp:149:1:BinarySemaphore::BinarySemaphore()	16	static
RRFLibraries/src/RTOSIface/RTOSIface.cpp:154:6:bool BinarySemaphore::Take(uint32_t)	8	static
RRFLibraries/src/RTOSIface/RTOSIface.cpp:159:6:bool BinarySemaphore::Give()	8	static
RRFLibraries/src/RTOSIface/RTOSIface.cpp:165:6:void TaskBase::AddToList()	8	static
RRFLibraries/src/RTOSIface/RTOSIface.cpp:176:6:void TaskBase::TerminateAndUnlink()	8	static
RRFLibraries/src/RTOSIface/RTOSIface.cpp:201:6:void TaskBase::GiveFromISR(uint32_t)	16	static
RRFLibraries/src/RTOSIface/RTOSIface.cpp:321:6:void ReadWriteLock::ReleaseReader()	32	static
RRFLibraries/src/RTOSIface/RTOSIface.cpp:454:6:void ReadWriteLock::ReleaseWriter()	24	static
RRFLibraries/src/RTOSIface/RTOSIface.cpp:489:6:void ReadWriteLock::DowngradeWriter()	16	static
RRFLibraries/src/RTOSIface/RTOSIface.cpp:512:6:bool ReadWriteLock::IsWriteLocked() const	0	static
RRFLibraries/src/RTOSIface/RTOSIface.cpp:517:6:void ReadWriteLock::CheckHasWriteLock()	16	static
RRFLibraries/src/RTOSIface/RTOSIface.cpp:526:6:void ReadWriteLock::CheckHasReadLock()	16	static
RRFLibraries/src/RTOSIface/RTOSIface.cpp:539:6:void ReadWriteLock::CheckHasReadOrWriteLock()	16	static
RRFLibraries/src/RTOSIface/../General/FreelistManager.h:34:28:static void* FreelistManager::Freelist<Sz>::AllocateItem() [with unsigned int Sz = 16]	8	static
RRFLibraries/src/RTOSIface/RTOSIface.cpp:233:6:void ReadWriteLock::LockForReading()	24	static
RRFLibraries/src/RTOSIface/RTOSIface.cpp:279:6:bool ReadWriteLock::ConditionalLockForReading()	16	static
RRFLibraries/src/RTOSIface/RTOSIface.cpp:386:6:void ReadWriteLock::LockForWriting()	24	static
RRFLibraries/src/RTOSIface/RTOSIface.cpp:435:6:bool ReadWriteLock::ConditionalLockForWriting()	16	static
