CoreN2G/src/STM32/system/Drivers/STM32F4xx_HAL_Driver/Src/stm32f4xx_ll_utils.c:477:20:UTILS_SetFlashLatency	0	static
CoreN2G/src/STM32/system/Drivers/STM32F4xx_HAL_Driver/Src/stm32f4xx_ll_utils.c:631:20:UTILS_PLL_IsBusy	0	static
CoreN2G/src/STM32/system/Drivers/STM32F4xx_HAL_Driver/Src/stm32f4xx_ll_utils.c:670:20:UTILS_EnablePLLAndSwitchSystem	24	static
CoreN2G/src/STM32/system/Drivers/STM32F4xx_HAL_Driver/Src/stm32f4xx_ll_utils.c:259:6:LL_Init1msTick	0	static
CoreN2G/src/STM32/system/Drivers/STM32F4xx_HAL_Driver/Src/stm32f4xx_ll_utils.c:275:6:LL_mDelay	8	static
CoreN2G/src/STM32/system/Drivers/STM32F4xx_HAL_Driver/Src/stm32f4xx_ll_utils.c:325:6:LL_SetSystemCoreClock	0	static
CoreN2G/src/STM32/system/Drivers/STM32F4xx_HAL_Driver/Src/stm32f4xx_ll_utils.c:347:13:LL_PLL_ConfigSystemClock_HSI	24	static
CoreN2G/src/STM32/system/Drivers/STM32F4xx_HAL_Driver/Src/stm32f4xx_ll_utils.c:404:13:LL_PLL_ConfigSystemClock_HSE	24	static
