CoreN2G/src/STM32/system/Drivers/STM32F4xx_HAL_Driver/Src/stm32f4xx_hal_spi.c:3192:13:SPI_Noop	0	static
CoreN2G/src/STM32/system/Drivers/STM32F4xx_HAL_Driver/Src/stm32f4xx_hal_spi.c:3979:13:SPI_AbortRx_ISR	8	static
CoreN2G/src/STM32/system/Drivers/STM32F4xx_HAL_Driver/Src/stm32f4xx_hal_spi.c:4013:13:SPI_AbortTx_ISR	0	static
CoreN2G/src/STM32/system/Drivers/STM32F4xx_HAL_Driver/Src/stm32f4xx_hal_spi.c:3618:26:SPI_WaitFlagStateUntilTimeout.constprop	24	static
CoreN2G/src/STM32/system/Drivers/STM32F4xx_HAL_Driver/Src/stm32f4xx_hal_spi.c:3668:26:SPI_EndRxTransaction	16	static
CoreN2G/src/STM32/system/Drivers/STM32F4xx_HAL_Driver/Src/stm32f4xx_hal_spi.c:3718:26:SPI_EndRxTxTransaction	24	static
CoreN2G/src/STM32/system/Drivers/STM32F4xx_HAL_Driver/Src/stm32f4xx_hal_spi.c:462:13:HAL_SPI_MspInit	0	static
CoreN2G/src/STM32/system/Drivers/STM32F4xx_HAL_Driver/Src/stm32f4xx_hal_spi.c:316:19:HAL_SPI_Init	8	static
CoreN2G/src/STM32/system/Drivers/STM32F4xx_HAL_Driver/Src/stm32f4xx_hal_spi.c:478:13:HAL_SPI_MspDeInit	0	static
CoreN2G/src/STM32/system/Drivers/STM32F4xx_HAL_Driver/Src/stm32f4xx_hal_spi.c:418:19:HAL_SPI_DeInit	8	static
CoreN2G/src/STM32/system/Drivers/STM32F4xx_HAL_Driver/Src/stm32f4xx_hal_spi.c:749:19:HAL_SPI_Transmit	32	static
CoreN2G/src/STM32/system/Drivers/STM32F4xx_HAL_Driver/Src/stm32f4xx_hal_spi.c:1115:19:HAL_SPI_TransmitReceive	40	static
CoreN2G/src/STM32/system/Drivers/STM32F4xx_HAL_Driver/Src/stm32f4xx_hal_spi.c:915:19:HAL_SPI_Receive	40	static
CoreN2G/src/STM32/system/Drivers/STM32F4xx_HAL_Driver/Src/stm32f4xx_hal_spi.c:1347:19:HAL_SPI_Transmit_IT	16	static
CoreN2G/src/STM32/system/Drivers/STM32F4xx_HAL_Driver/Src/stm32f4xx_hal_spi.c:1558:19:HAL_SPI_TransmitReceive_IT	24	static
CoreN2G/src/STM32/system/Drivers/STM32F4xx_HAL_Driver/Src/stm32f4xx_hal_spi.c:1460:19:HAL_SPI_Receive_IT	8	static
CoreN2G/src/STM32/system/Drivers/STM32F4xx_HAL_Driver/Src/stm32f4xx_hal_spi.c:1682:19:HAL_SPI_Transmit_DMA	24	static
CoreN2G/src/STM32/system/Drivers/STM32F4xx_HAL_Driver/Src/stm32f4xx_hal_spi.c:1909:19:HAL_SPI_TransmitReceive_DMA	24	static
CoreN2G/src/STM32/system/Drivers/STM32F4xx_HAL_Driver/Src/stm32f4xx_hal_spi.c:1790:19:HAL_SPI_Receive_DMA	24	static
CoreN2G/src/STM32/system/Drivers/STM32F4xx_HAL_Driver/Src/stm32f4xx_hal_spi.c:2074:19:HAL_SPI_Abort	24	static
CoreN2G/src/STM32/system/Drivers/STM32F4xx_HAL_Driver/Src/stm32f4xx_hal_spi.c:2383:19:HAL_SPI_DMAPause	0	static
CoreN2G/src/STM32/system/Drivers/STM32F4xx_HAL_Driver/Src/stm32f4xx_hal_spi.c:2403:19:HAL_SPI_DMAResume	0	static
CoreN2G/src/STM32/system/Drivers/STM32F4xx_HAL_Driver/Src/stm32f4xx_hal_spi.c:2423:19:HAL_SPI_DMAStop	16	static
CoreN2G/src/STM32/system/Drivers/STM32F4xx_HAL_Driver/Src/stm32f4xx_hal_spi.c:2564:6:HAL_SPI_IT_IRQHandler	0	static
CoreN2G/src/STM32/system/Drivers/STM32F4xx_HAL_Driver/Src/stm32f4xx_hal_spi.c:2577:13:HAL_SPI_TxCpltCallback	0	static
CoreN2G/src/STM32/system/Drivers/STM32F4xx_HAL_Driver/Src/stm32f4xx_hal_spi.c:2593:13:HAL_SPI_RxCpltCallback	0	static
CoreN2G/src/STM32/system/Drivers/STM32F4xx_HAL_Driver/Src/stm32f4xx_hal_spi.c:2609:13:HAL_SPI_TxRxCpltCallback	0	static
CoreN2G/src/STM32/system/Drivers/STM32F4xx_HAL_Driver/Src/stm32f4xx_hal_spi.c:2625:13:HAL_SPI_TxHalfCpltCallback	0	static
CoreN2G/src/STM32/system/Drivers/STM32F4xx_HAL_Driver/Src/stm32f4xx_hal_spi.c:2970:13:SPI_DMAHalfTransmitCplt	8	static
CoreN2G/src/STM32/system/Drivers/STM32F4xx_HAL_Driver/Src/stm32f4xx_hal_spi.c:2641:13:HAL_SPI_RxHalfCpltCallback	0	static
CoreN2G/src/STM32/system/Drivers/STM32F4xx_HAL_Driver/Src/stm32f4xx_hal_spi.c:2988:13:SPI_DMAHalfReceiveCplt	8	static
CoreN2G/src/STM32/system/Drivers/STM32F4xx_HAL_Driver/Src/stm32f4xx_hal_spi.c:2657:13:HAL_SPI_TxRxHalfCpltCallback	0	static
CoreN2G/src/STM32/system/Drivers/STM32F4xx_HAL_Driver/Src/stm32f4xx_hal_spi.c:3006:13:SPI_DMAHalfTransmitReceiveCplt	8	static
CoreN2G/src/STM32/system/Drivers/STM32F4xx_HAL_Driver/Src/stm32f4xx_hal_spi.c:2673:13:HAL_SPI_ErrorCallback	0	static
CoreN2G/src/STM32/system/Drivers/STM32F4xx_HAL_Driver/Src/stm32f4xx_hal_spi.c:3854:13:SPI_CloseRx_ISR	16	static
CoreN2G/src/STM32/system/Drivers/STM32F4xx_HAL_Driver/Src/stm32f4xx_hal_spi.c:3454:13:SPI_RxISR_8BIT	0	static
CoreN2G/src/STM32/system/Drivers/STM32F4xx_HAL_Driver/Src/stm32f4xx_hal_spi.c:3506:13:SPI_RxISR_16BIT	0	static
CoreN2G/src/STM32/system/Drivers/STM32F4xx_HAL_Driver/Src/stm32f4xx_hal_spi.c:3024:13:SPI_DMAError	8	static
CoreN2G/src/STM32/system/Drivers/STM32F4xx_HAL_Driver/Src/stm32f4xx_hal_spi.c:2763:13:SPI_DMATransmitCplt	24	static
CoreN2G/src/STM32/system/Drivers/STM32F4xx_HAL_Driver/Src/stm32f4xx_hal_spi.c:2820:13:SPI_DMAReceiveCplt	16	static
CoreN2G/src/STM32/system/Drivers/STM32F4xx_HAL_Driver/Src/stm32f4xx_hal_spi.c:2895:13:SPI_DMATransmitReceiveCplt	16	static
CoreN2G/src/STM32/system/Drivers/STM32F4xx_HAL_Driver/Src/stm32f4xx_hal_spi.c:2463:6:HAL_SPI_IRQHandler	40	static
CoreN2G/src/STM32/system/Drivers/STM32F4xx_HAL_Driver/Src/stm32f4xx_hal_spi.c:3047:13:SPI_DMAAbortOnError	8	static
CoreN2G/src/STM32/system/Drivers/STM32F4xx_HAL_Driver/Src/stm32f4xx_hal_spi.c:3917:13:SPI_CloseTx_ISR.constprop	16	static
CoreN2G/src/STM32/system/Drivers/STM32F4xx_HAL_Driver/Src/stm32f4xx_hal_spi.c:3575:13:SPI_TxISR_16BIT	4	static
CoreN2G/src/STM32/system/Drivers/STM32F4xx_HAL_Driver/Src/stm32f4xx_hal_spi.c:3539:13:SPI_TxISR_8BIT	0	static
CoreN2G/src/STM32/system/Drivers/STM32F4xx_HAL_Driver/Src/stm32f4xx_hal_spi.c:3758:13:SPI_CloseRxTx_ISR.constprop	16	static
CoreN2G/src/STM32/system/Drivers/STM32F4xx_HAL_Driver/Src/stm32f4xx_hal_spi.c:3320:13:SPI_2linesRxISR_16BIT	4	static
CoreN2G/src/STM32/system/Drivers/STM32F4xx_HAL_Driver/Src/stm32f4xx_hal_spi.c:3203:13:SPI_2linesRxISR_8BIT	0	static
CoreN2G/src/STM32/system/Drivers/STM32F4xx_HAL_Driver/Src/stm32f4xx_hal_spi.c:2691:13:HAL_SPI_AbortCpltCallback	0	static
CoreN2G/src/STM32/system/Drivers/STM32F4xx_HAL_Driver/Src/stm32f4xx_hal_spi.c:2221:19:HAL_SPI_Abort_IT	32	static
CoreN2G/src/STM32/system/Drivers/STM32F4xx_HAL_Driver/Src/stm32f4xx_hal_spi.c:3135:13:SPI_DMARxAbortCallback	16	static
CoreN2G/src/STM32/system/Drivers/STM32F4xx_HAL_Driver/Src/stm32f4xx_hal_spi.c:3069:13:SPI_DMATxAbortCallback	24	static
CoreN2G/src/STM32/system/Drivers/STM32F4xx_HAL_Driver/Src/stm32f4xx_hal_spi.c:2726:22:HAL_SPI_GetState	0	static
CoreN2G/src/STM32/system/Drivers/STM32F4xx_HAL_Driver/Src/stm32f4xx_hal_spi.c:2738:10:HAL_SPI_GetError	0	static
