CoreN2G/src/STM32/system/Drivers/STM32F4xx_HAL_Driver/Src/stm32f4xx_hal_sd.c:2582:13:SD_DMATransmitCplt	0	static
CoreN2G/src/STM32/system/Drivers/STM32F4xx_HAL_Driver/Src/stm32f4xx_hal_sd.c:3227:17:SD_FindSCR.constprop	56	static
CoreN2G/src/STM32/system/Drivers/STM32F4xx_HAL_Driver/Src/stm32f4xx_hal_sd.c:504:13:HAL_SD_MspInit	0	static
CoreN2G/src/STM32/system/Drivers/STM32F4xx_HAL_Driver/Src/stm32f4xx_hal_sd.c:519:13:HAL_SD_MspDeInit	0	static
CoreN2G/src/STM32/system/Drivers/STM32F4xx_HAL_Driver/Src/stm32f4xx_hal_sd.c:463:19:HAL_SD_DeInit	8	static
CoreN2G/src/STM32/system/Drivers/STM32F4xx_HAL_Driver/Src/stm32f4xx_hal_sd.c:560:19:HAL_SD_ReadBlocks	64	static
CoreN2G/src/STM32/system/Drivers/STM32F4xx_HAL_Driver/Src/stm32f4xx_hal_sd.c:758:19:HAL_SD_WriteBlocks	56	static
CoreN2G/src/STM32/system/Drivers/STM32F4xx_HAL_Driver/Src/stm32f4xx_hal_sd.c:941:19:HAL_SD_ReadBlocks_IT	48	static
CoreN2G/src/STM32/system/Drivers/STM32F4xx_HAL_Driver/Src/stm32f4xx_hal_sd.c:1047:19:HAL_SD_WriteBlocks_IT	48	static
CoreN2G/src/STM32/system/Drivers/STM32F4xx_HAL_Driver/Src/stm32f4xx_hal_sd.c:1154:19:HAL_SD_ReadBlocks_DMA	56	static
CoreN2G/src/STM32/system/Drivers/STM32F4xx_HAL_Driver/Src/stm32f4xx_hal_sd.c:1272:19:HAL_SD_WriteBlocks_DMA	48	static
CoreN2G/src/STM32/system/Drivers/STM32F4xx_HAL_Driver/Src/stm32f4xx_hal_sd.c:1386:19:HAL_SD_Erase	24	static
CoreN2G/src/STM32/system/Drivers/STM32F4xx_HAL_Driver/Src/stm32f4xx_hal_sd.c:1740:21:HAL_SD_GetState	0	static
CoreN2G/src/STM32/system/Drivers/STM32F4xx_HAL_Driver/Src/stm32f4xx_hal_sd.c:1751:10:HAL_SD_GetError	0	static
CoreN2G/src/STM32/system/Drivers/STM32F4xx_HAL_Driver/Src/stm32f4xx_hal_sd.c:1761:14:HAL_SD_TxCpltCallback	0	static
CoreN2G/src/STM32/system/Drivers/STM32F4xx_HAL_Driver/Src/stm32f4xx_hal_sd.c:1776:13:HAL_SD_RxCpltCallback	0	static
CoreN2G/src/STM32/system/Drivers/STM32F4xx_HAL_Driver/Src/stm32f4xx_hal_sd.c:1791:13:HAL_SD_ErrorCallback	0	static
CoreN2G/src/STM32/system/Drivers/STM32F4xx_HAL_Driver/Src/stm32f4xx_hal_sd.c:2595:13:SD_DMAReceiveCplt	8	static
CoreN2G/src/STM32/system/Drivers/STM32F4xx_HAL_Driver/Src/stm32f4xx_hal_sd.c:1806:13:HAL_SD_AbortCallback	0	static
CoreN2G/src/STM32/system/Drivers/STM32F4xx_HAL_Driver/Src/stm32f4xx_hal_sd.c:2017:19:HAL_SD_GetCardCID	8	static
CoreN2G/src/STM32/system/Drivers/STM32F4xx_HAL_Driver/Src/stm32f4xx_hal_sd.c:2098:19:HAL_SD_GetCardCSD	16	static
CoreN2G/src/STM32/system/Drivers/STM32F4xx_HAL_Driver/Src/stm32f4xx_hal_sd.c:408:19:HAL_SD_InitCard	120	static
CoreN2G/src/STM32/system/Drivers/STM32F4xx_HAL_Driver/Src/stm32f4xx_hal_sd.c:343:19:HAL_SD_Init	8	static
CoreN2G/src/STM32/system/Drivers/STM32F4xx_HAL_Driver/Src/stm32f4xx_hal_sd.c:2245:19:HAL_SD_GetCardStatus	120	static
CoreN2G/src/STM32/system/Drivers/STM32F4xx_HAL_Driver/Src/stm32f4xx_hal_sd.c:2333:19:HAL_SD_GetCardInfo	0	static
CoreN2G/src/STM32/system/Drivers/STM32F4xx_HAL_Driver/Src/stm32f4xx_hal_sd.c:2358:19:HAL_SD_ConfigWideBusOperation	64	static
CoreN2G/src/STM32/system/Drivers/STM32F4xx_HAL_Driver/Src/stm32f4xx_hal_sd.c:2430:25:HAL_SD_GetCardState	8	static
CoreN2G/src/STM32/system/Drivers/STM32F4xx_HAL_Driver/Src/stm32f4xx_hal_sd.c:2667:13:SD_DMAError	8	static
CoreN2G/src/STM32/system/Drivers/STM32F4xx_HAL_Driver/Src/stm32f4xx_hal_sd.c:2704:13:SD_DMATxAbort	16	static
CoreN2G/src/STM32/system/Drivers/STM32F4xx_HAL_Driver/Src/stm32f4xx_hal_sd.c:2750:13:SD_DMARxAbort	16	static
CoreN2G/src/STM32/system/Drivers/STM32F4xx_HAL_Driver/Src/stm32f4xx_hal_sd.c:1486:6:HAL_SD_IRQHandler	16	static
CoreN2G/src/STM32/system/Drivers/STM32F4xx_HAL_Driver/Src/stm32f4xx_hal_sd.c:2453:19:HAL_SD_Abort	8	static
CoreN2G/src/STM32/system/Drivers/STM32F4xx_HAL_Driver/Src/stm32f4xx_hal_sd.c:2501:19:HAL_SD_Abort_IT	8	static
