./RepRapFirmware/src/ObjectModel/ObjectModel.h:319:54:virtual const ObjectModelArrayTableEntry* ObjectModel::GetObjectModelArrayEntry(unsigned int) const	0	static
./RepRapFirmware/src/ObjectModel/ObjectModel.h:324:35:virtual ReadWriteLock* ObjectModel::GetObjectLock(unsigned int) const	0	static
RepRapFirmware/src/FilamentMonitors/Duet3DFilamentMonitor.cpp:41:22:static ExpressionValue Duet3DFilamentMonitor::<lambda(const ObjectModel*, ObjectExplorationContext&)>::_FUN(const ObjectModel*, ObjectExplorationContext&)	0	static
RepRapFirmware/src/FilamentMonitors/Duet3DFilamentMonitor.cpp:42:23:static ExpressionValue Duet3DFilamentMonitor::<lambda(const ObjectModel*, ObjectExplorationContext&)>::_FUN(const ObjectModel*, ObjectExplorationContext&)	0	static
RepRapFirmware/src/FilamentMonitors/Duet3DFilamentMonitor.cpp:43:22:static ExpressionValue Duet3DFilamentMonitor::<lambda(const ObjectModel*, ObjectExplorationContext&)>::_FUN(const ObjectModel*, ObjectExplorationContext&)	0	static
RepRapFirmware/src/FilamentMonitors/Duet3DFilamentMonitor.cpp:44:22:static ExpressionValue Duet3DFilamentMonitor::<lambda(const ObjectModel*, ObjectExplorationContext&)>::_FUN(const ObjectModel*, ObjectExplorationContext&)	0	static
RepRapFirmware/src/FilamentMonitors/Duet3DFilamentMonitor.cpp:45:23:static ExpressionValue Duet3DFilamentMonitor::<lambda(const ObjectModel*, ObjectExplorationContext&)>::_FUN(const ObjectModel*, ObjectExplorationContext&)	0	static
RepRapFirmware/src/FilamentMonitors/Duet3DFilamentMonitor.cpp:54:1:virtual const ObjectModelClassDescriptor* Duet3DFilamentMonitor::GetObjectModelClassDescriptor() const	0	static
RepRapFirmware/src/FilamentMonitors/Duet3DFilamentMonitor.cpp:276:6:virtual void Duet3DFilamentMonitor::UpdateLiveData(const FilamentMonitorDataNew&)	8	static
RepRapFirmware/src/FilamentMonitors/Duet3DFilamentMonitor.cpp:71:6:virtual bool Duet3DFilamentMonitor::Interrupt()	24	static
RepRapFirmware/src/FilamentMonitors/Duet3DFilamentMonitor.cpp:294:6:virtual void Duet3DFilamentMonitor::GetLiveData(FilamentMonitorDataNew&) const	16	static
RepRapFirmware/src/FilamentMonitors/Duet3DFilamentMonitor.cpp:63:6:void Duet3DFilamentMonitor::InitReceiveBuffer()	0	static
RepRapFirmware/src/FilamentMonitors/Duet3DFilamentMonitor.cpp:57:1:Duet3DFilamentMonitor::Duet3DFilamentMonitor(unsigned int, unsigned int, DriverId)	16	static
RepRapFirmware/src/FilamentMonitors/Duet3DFilamentMonitor.cpp:117:35:Duet3DFilamentMonitor::PollResult Duet3DFilamentMonitor::PollReceiveBuffer(uint16_t&)	32	static
RepRapFirmware/src/FilamentMonitors/Duet3DFilamentMonitor.cpp:263:6:bool Duet3DFilamentMonitor::IsReceiving() const	0	static
RepRapFirmware/src/FilamentMonitors/Duet3DFilamentMonitor.cpp:269:6:bool Duet3DFilamentMonitor::IsWaitingForStartBit() const	0	static
RepRapFirmware/src/FilamentMonitors/Duet3DFilamentMonitor.cpp:305:1:cpp)	0	static
