./RepRapFirmware/src/ObjectModel/ObjectModel.h:319:54:virtual const ObjectModelArrayTableEntry* ObjectModel::GetObjectModelArrayEntry(unsigned int) const	0	static
./RepRapFirmware/src/ObjectModel/ObjectModel.h:324:35:virtual ReadWriteLock* ObjectModel::GetObjectLock(unsigned int) const	0	static
RepRapFirmware/src/FilamentMonitors/FilamentMonitor.cpp:51:20:static ExpressionValue FilamentMonitor::<lambda(const ObjectModel*, ObjectExplorationContext&)>::_FUN(const ObjectModel*, ObjectExplorationContext&)	0	static
RepRapFirmware/src/FilamentMonitors/FilamentMonitor.cpp:52:17:static ExpressionValue FilamentMonitor::<lambda(const ObjectModel*, ObjectExplorationContext&)>::_FUN(const ObjectModel*, ObjectExplorationContext&)	0	static
RepRapFirmware/src/FilamentMonitors/FilamentMonitor.cpp:59:1:virtual const ObjectModelClassDescriptor* FilamentMonitor::GetObjectModelClassDescriptor() const	0	static
RepRapFirmware/src/FilamentMonitors/FilamentMonitor.cpp:96:6:virtual void FilamentMonitor::Disable()	0	static
RepRapFirmware/src/FilamentMonitors/FilamentMonitor.cpp:290:17:static void FilamentMonitor::InterruptEntry(CallbackParameter)	8	static
RepRapFirmware/src/FilamentMonitors/FilamentMonitor.cpp:54:15:static ExpressionValue FilamentMonitor::<lambda(const ObjectModel*, ObjectExplorationContext&)>::_FUN(const ObjectModel*, ObjectExplorationContext&)	8	static
CANlib/src/RRF3Common.h:136:1:const char* FilamentSensorStatus::ToString() const	0	static
RepRapFirmware/src/FilamentMonitors/FilamentMonitor.cpp:53:17:static ExpressionValue FilamentMonitor::<lambda(const ObjectModel*, ObjectExplorationContext&)>::_FUN(const ObjectModel*, ObjectExplorationContext&)	8	static
RepRapFirmware/src/FilamentMonitors/FilamentMonitor.cpp:62:8:static size_t FilamentMonitor::GetNumMonitorsToReport()	0	static
RepRapFirmware/src/FilamentMonitors/FilamentMonitor.cpp:75:1:FilamentMonitor::FilamentMonitor(unsigned int, unsigned int, DriverId)	24	static
RepRapFirmware/src/FilamentMonitors/FilamentMonitor.cpp:84:1:FilamentMonitor::~FilamentMonitor()	24	static
RepRapFirmware/src/FilamentMonitors/FilamentMonitor.cpp:84:1:virtual FilamentMonitor::~FilamentMonitor()	8	static
RepRapFirmware/src/FilamentMonitors/FilamentMonitor.cpp:104:13:GCodeResult FilamentMonitor::CommonConfigure(GCodeBuffer&, const StringRef&, InterruptMode, bool&)	40	static
RepRapFirmware/src/FilamentMonitors/FilamentMonitor.cpp:142:6:bool FilamentMonitor::IsValid(size_t) const	0	static
RepRapFirmware/src/FilamentMonitors/FilamentMonitor.cpp:149:17:static void FilamentMonitor::InitStatic()	0	static
RepRapFirmware/src/FilamentMonitors/FilamentMonitor.cpp:225:29:static FilamentMonitor* FilamentMonitor::Create(unsigned int, unsigned int, GCodeBuffer&, const StringRef&)	96	static
RepRapFirmware/src/FilamentMonitors/FilamentMonitor.cpp:305:17:static void FilamentMonitor::Spin()	160	static
RepRapFirmware/src/FilamentMonitors/FilamentMonitor.cpp:444:17:static void FilamentMonitor::UpdateRemoteFilamentStatus(CanAddress, CanMessageFilamentMonitorsStatusNew&)	56	static
RepRapFirmware/src/FilamentMonitors/FilamentMonitor.cpp:491:17:static void FilamentMonitor::Diagnostics(MessageType)	40	static
RepRapFirmware/src/FilamentMonitors/FilamentMonitor.cpp:537:13:GCodeResult FilamentMonitor::CommonConfigure(const CanMessageGenericParser&, const StringRef&, InterruptMode, bool&)	72	static
RepRapFirmware/src/FilamentMonitors/FilamentMonitor.cpp:618:24:static GCodeResult FilamentMonitor::Delete(const CanMessageDeleteFilamentMonitor&, const StringRef&)	16	static
RepRapFirmware/src/FilamentMonitors/FilamentMonitor.cpp:643:24:static GCodeResult FilamentMonitor::Configure(const CanMessageGeneric&, const StringRef&)	24	static
RepRapFirmware/src/FilamentMonitors/FilamentMonitor.cpp:680:17:static void FilamentMonitor::GetDiagnostics(const StringRef&)	32	static
./RepRapFirmware/src/RepRapFirmware.h:544:28:void DeleteObject(T*&) [with T = FilamentMonitor]	0	static
RepRapFirmware/src/FilamentMonitors/FilamentMonitor.cpp:155:24:static GCodeResult FilamentMonitor::Configure(GCodeBuffer&, const StringRef&, unsigned int)	40	static
RepRapFirmware/src/FilamentMonitors/FilamentMonitor.cpp:480:17:static void FilamentMonitor::Exit()	16	static
RepRapFirmware/src/FilamentMonitors/FilamentMonitor.cpp:514:17:static bool FilamentMonitor::CheckDriveAssignments(const StringRef&)	24	static
RepRapFirmware/src/FilamentMonitors/FilamentMonitor.cpp:568:24:static GCodeResult FilamentMonitor::Create(const CanMessageCreateFilamentMonitor&, const StringRef&)	32	static
RepRapFirmware/src/FilamentMonitors/FilamentMonitor.cpp:666:17:static void FilamentMonitor::DeleteAll()	16	static
RepRapFirmware/src/FilamentMonitors/FilamentMonitor.cpp:702:1:cpp)	0	static
