./RepRapFirmware/src/ObjectModel/ObjectModel.h:319:54:virtual const ObjectModelArrayTableEntry* ObjectModel::GetObjectModelArrayEntry(unsigned int) const	0	static
./RepRapFirmware/src/ObjectModel/ObjectModel.h:324:35:virtual ReadWriteLock* ObjectModel::GetObjectLock(unsigned int) const	0	static
RepRapFirmware/src/FilamentMonitors/LaserFilamentMonitor.h:30:25:virtual const char* LaserFilamentMonitor::GetTypeText() const	0	static
RepRapFirmware/src/FilamentMonitors/LaserFilamentMonitor.cpp:45:20:static ExpressionValue LaserFilamentMonitor::<lambda(const ObjectModel*, ObjectExplorationContext&)>::_FUN(const ObjectModel*, ObjectExplorationContext&)	8	static
RepRapFirmware/src/FilamentMonitors/LaserFilamentMonitor.cpp:55:22:static ExpressionValue LaserFilamentMonitor::<lambda(const ObjectModel*, ObjectExplorationContext&)>::_FUN(const ObjectModel*, ObjectExplorationContext&)	0	static
RepRapFirmware/src/FilamentMonitors/LaserFilamentMonitor.cpp:58:18:static ExpressionValue LaserFilamentMonitor::<lambda(const ObjectModel*, ObjectExplorationContext&)>::_FUN(const ObjectModel*, ObjectExplorationContext&)	0	static
RepRapFirmware/src/FilamentMonitors/LaserFilamentMonitor.cpp:59:25:static ExpressionValue LaserFilamentMonitor::<lambda(const ObjectModel*, ObjectExplorationContext&)>::_FUN(const ObjectModel*, ObjectExplorationContext&)	0	static
RepRapFirmware/src/FilamentMonitors/LaserFilamentMonitor.cpp:62:24:static ExpressionValue LaserFilamentMonitor::<lambda(const ObjectModel*, ObjectExplorationContext&)>::_FUN(const ObjectModel*, ObjectExplorationContext&)	0	static
RepRapFirmware/src/FilamentMonitors/LaserFilamentMonitor.cpp:77:1:virtual const ObjectModelClassDescriptor* LaserFilamentMonitor::GetObjectModelClassDescriptor() const	0	static
RepRapFirmware/src/FilamentMonitors/LaserFilamentMonitor.h:13:7:LaserFilamentMonitor::~LaserFilamentMonitor()	8	static
RepRapFirmware/src/FilamentMonitors/LaserFilamentMonitor.h:13:7:virtual LaserFilamentMonitor::~LaserFilamentMonitor()	8	static
RepRapFirmware/src/FilamentMonitors/FilamentMonitor.h:153:17:static int32_t FilamentMonitor::ConvertToPercent(float)	0	static
RepRapFirmware/src/FilamentMonitors/LaserFilamentMonitor.cpp:61:20:static ExpressionValue LaserFilamentMonitor::<lambda(const ObjectModel*, ObjectExplorationContext&)>::_FUN(const ObjectModel*, ObjectExplorationContext&)	8	static
RepRapFirmware/src/FilamentMonitors/LaserFilamentMonitor.cpp:60:20:static ExpressionValue LaserFilamentMonitor::<lambda(const ObjectModel*, ObjectExplorationContext&)>::_FUN(const ObjectModel*, ObjectExplorationContext&)	8	static
RepRapFirmware/src/FilamentMonitors/LaserFilamentMonitor.cpp:53:20:static ExpressionValue LaserFilamentMonitor::<lambda(const ObjectModel*, ObjectExplorationContext&)>::_FUN(const ObjectModel*, ObjectExplorationContext&)	8	static
RepRapFirmware/src/FilamentMonitors/LaserFilamentMonitor.cpp:52:20:static ExpressionValue LaserFilamentMonitor::<lambda(const ObjectModel*, ObjectExplorationContext&)>::_FUN(const ObjectModel*, ObjectExplorationContext&)	8	static
RepRapFirmware/src/FilamentMonitors/LaserFilamentMonitor.cpp:54:20:static ExpressionValue LaserFilamentMonitor::<lambda(const ObjectModel*, ObjectExplorationContext&)>::_FUN(const ObjectModel*, ObjectExplorationContext&)	8	static
RepRapFirmware/src/FilamentMonitors/LaserFilamentMonitor.cpp:105:6:void LaserFilamentMonitor::Reset()	0	static
RepRapFirmware/src/FilamentMonitors/LaserFilamentMonitor.cpp:91:6:void LaserFilamentMonitor::Init()	8	static
RepRapFirmware/src/FilamentMonitors/LaserFilamentMonitor.cpp:81:1:LaserFilamentMonitor::LaserFilamentMonitor(unsigned int, unsigned int, DriverId)	24	static
RepRapFirmware/src/FilamentMonitors/LaserFilamentMonitor.cpp:114:6:bool LaserFilamentMonitor::HaveCalibrationData() const	0	static
RepRapFirmware/src/FilamentMonitors/LaserFilamentMonitor.cpp:125:13:virtual GCodeResult LaserFilamentMonitor::Configure(GCodeBuffer&, const StringRef&, bool&)	80	static
RepRapFirmware/src/FilamentMonitors/LaserFilamentMonitor.cpp:515:13:virtual GCodeResult LaserFilamentMonitor::Configure(const CanMessageGenericParser&, const StringRef&)	80	static
RepRapFirmware/src/FilamentMonitors/LaserFilamentMonitor.cpp:40:20:static ExpressionValue LaserFilamentMonitor::<lambda(const ObjectModel*, ObjectExplorationContext&)>::_FUN(const ObjectModel*, ObjectExplorationContext&)	8	static
RepRapFirmware/src/FilamentMonitors/LaserFilamentMonitor.cpp:119:7:float LaserFilamentMonitor::MeasuredSensitivity() const	0	static
RepRapFirmware/src/FilamentMonitors/LaserFilamentMonitor.cpp:229:7:float LaserFilamentMonitor::GetCurrentPosition() const	0	static
RepRapFirmware/src/FilamentMonitors/LaserFilamentMonitor.cpp:616:6:virtual void LaserFilamentMonitor::Diagnostics(const StringRef&)	32	static
RepRapFirmware/src/FilamentMonitors/LaserFilamentMonitor.cpp:241:6:void LaserFilamentMonitor::HandleIncomingData()	24	static
RepRapFirmware/src/FilamentMonitors/LaserFilamentMonitor.cpp:477:22:virtual FilamentSensorStatus LaserFilamentMonitor::Clear()	16	static
RepRapFirmware/src/FilamentMonitors/LaserFilamentMonitor.cpp:391:22:FilamentSensorStatus LaserFilamentMonitor::CheckFilament(float, float, bool)	56	static
RepRapFirmware/src/FilamentMonitors/LaserFilamentMonitor.cpp:345:22:virtual FilamentSensorStatus LaserFilamentMonitor::Check(bool, bool, uint32_t, float)	24	static
./RRFLibraries/src/General/String.h:98:26:) [with unsigned int Len = 256]	20	static
./RRFLibraries/src/General/String.h:107:26:) [with unsigned int Len = 256]	20	static
RepRapFirmware/src/FilamentMonitors/LaserFilamentMonitor.cpp:491:6:virtual void LaserFilamentMonitor::Diagnostics(MessageType, unsigned int)	304	static
RepRapFirmware/src/FilamentMonitors/LaserFilamentMonitor.cpp:633:1:cpp)	0	static
