./RepRapFirmware/src/ObjectModel/ObjectModel.h:319:54:virtual const ObjectModelArrayTableEntry* ObjectModel::GetObjectModelArrayEntry(unsigned int) const	0	static
./RepRapFirmware/src/ObjectModel/ObjectModel.h:324:35:virtual ReadWriteLock* ObjectModel::GetObjectLock(unsigned int) const	0	static
RepRapFirmware/src/FilamentMonitors/PulsedFilamentMonitor.h:36:25:virtual const char* PulsedFilamentMonitor::GetTypeText() const	0	static
RepRapFirmware/src/FilamentMonitors/PulsedFilamentMonitor.cpp:42:19:static ExpressionValue PulsedFilamentMonitor::<lambda(const ObjectModel*, ObjectExplorationContext&)>::_FUN(const ObjectModel*, ObjectExplorationContext&)	8	static
RepRapFirmware/src/FilamentMonitors/PulsedFilamentMonitor.cpp:45:19:static ExpressionValue PulsedFilamentMonitor::<lambda(const ObjectModel*, ObjectExplorationContext&)>::_FUN(const ObjectModel*, ObjectExplorationContext&)	0	static
RepRapFirmware/src/FilamentMonitors/PulsedFilamentMonitor.cpp:48:21:static ExpressionValue PulsedFilamentMonitor::<lambda(const ObjectModel*, ObjectExplorationContext&)>::_FUN(const ObjectModel*, ObjectExplorationContext&)	0	static
RepRapFirmware/src/FilamentMonitors/PulsedFilamentMonitor.cpp:51:19:static ExpressionValue PulsedFilamentMonitor::<lambda(const ObjectModel*, ObjectExplorationContext&)>::_FUN(const ObjectModel*, ObjectExplorationContext&)	0	static
RepRapFirmware/src/FilamentMonitors/PulsedFilamentMonitor.cpp:54:22:static ExpressionValue PulsedFilamentMonitor::<lambda(const ObjectModel*, ObjectExplorationContext&)>::_FUN(const ObjectModel*, ObjectExplorationContext&)	0	static
RepRapFirmware/src/FilamentMonitors/PulsedFilamentMonitor.cpp:59:1:virtual const ObjectModelClassDescriptor* PulsedFilamentMonitor::GetObjectModelClassDescriptor() const	0	static
RepRapFirmware/src/FilamentMonitors/PulsedFilamentMonitor.cpp:399:6:virtual void PulsedFilamentMonitor::GetLiveData(FilamentMonitorDataNew&) const	0	static
RepRapFirmware/src/FilamentMonitors/PulsedFilamentMonitor.cpp:416:6:virtual void PulsedFilamentMonitor::UpdateLiveData(const FilamentMonitorDataNew&)	0	static
RepRapFirmware/src/FilamentMonitors/PulsedFilamentMonitor.cpp:167:6:virtual bool PulsedFilamentMonitor::Interrupt()	8	static
RepRapFirmware/src/FilamentMonitors/PulsedFilamentMonitor.h:13:7:PulsedFilamentMonitor::~PulsedFilamentMonitor()	8	static
RepRapFirmware/src/FilamentMonitors/PulsedFilamentMonitor.h:13:7:virtual PulsedFilamentMonitor::~PulsedFilamentMonitor()	8	static
RepRapFirmware/src/FilamentMonitors/FilamentMonitor.h:153:17:static int32_t FilamentMonitor::ConvertToPercent(float)	0	static
RepRapFirmware/src/FilamentMonitors/PulsedFilamentMonitor.cpp:53:19:static ExpressionValue PulsedFilamentMonitor::<lambda(const ObjectModel*, ObjectExplorationContext&)>::_FUN(const ObjectModel*, ObjectExplorationContext&)	8	static
RepRapFirmware/src/FilamentMonitors/PulsedFilamentMonitor.cpp:52:19:static ExpressionValue PulsedFilamentMonitor::<lambda(const ObjectModel*, ObjectExplorationContext&)>::_FUN(const ObjectModel*, ObjectExplorationContext&)	8	static
RepRapFirmware/src/FilamentMonitors/PulsedFilamentMonitor.cpp:47:19:static ExpressionValue PulsedFilamentMonitor::<lambda(const ObjectModel*, ObjectExplorationContext&)>::_FUN(const ObjectModel*, ObjectExplorationContext&)	8	static
RepRapFirmware/src/FilamentMonitors/PulsedFilamentMonitor.cpp:46:19:static ExpressionValue PulsedFilamentMonitor::<lambda(const ObjectModel*, ObjectExplorationContext&)>::_FUN(const ObjectModel*, ObjectExplorationContext&)	8	static
RepRapFirmware/src/FilamentMonitors/PulsedFilamentMonitor.cpp:81:6:void PulsedFilamentMonitor::Reset()	0	static
RepRapFirmware/src/FilamentMonitors/PulsedFilamentMonitor.cpp:72:6:void PulsedFilamentMonitor::Init()	0	static
RepRapFirmware/src/FilamentMonitors/PulsedFilamentMonitor.cpp:63:1:PulsedFilamentMonitor::PulsedFilamentMonitor(unsigned int, unsigned int, DriverId)	16	static
RepRapFirmware/src/FilamentMonitors/PulsedFilamentMonitor.cpp:89:6:bool PulsedFilamentMonitor::DataReceived() const	0	static
RepRapFirmware/src/FilamentMonitors/PulsedFilamentMonitor.cpp:94:6:bool PulsedFilamentMonitor::HaveCalibrationData() const	0	static
RepRapFirmware/src/FilamentMonitors/PulsedFilamentMonitor.cpp:105:13:virtual GCodeResult PulsedFilamentMonitor::Configure(GCodeBuffer&, const StringRef&, bool&)	88	static
RepRapFirmware/src/FilamentMonitors/PulsedFilamentMonitor.cpp:332:13:virtual GCodeResult PulsedFilamentMonitor::Configure(const CanMessageGenericParser&, const StringRef&)	88	static
RepRapFirmware/src/FilamentMonitors/PulsedFilamentMonitor.cpp:37:19:static ExpressionValue PulsedFilamentMonitor::<lambda(const ObjectModel*, ObjectExplorationContext&)>::_FUN(const ObjectModel*, ObjectExplorationContext&)	8	static
RepRapFirmware/src/FilamentMonitors/PulsedFilamentMonitor.cpp:99:7:float PulsedFilamentMonitor::MeasuredSensitivity() const	0	static
RepRapFirmware/src/FilamentMonitors/PulsedFilamentMonitor.cpp:187:6:void PulsedFilamentMonitor::Poll()	0	static
RepRapFirmware/src/FilamentMonitors/PulsedFilamentMonitor.cpp:314:22:virtual FilamentSensorStatus PulsedFilamentMonitor::Clear()	8	static
RepRapFirmware/src/FilamentMonitors/PulsedFilamentMonitor.cpp:322:6:virtual void PulsedFilamentMonitor::Diagnostics(MessageType, unsigned int)	24	static
RepRapFirmware/src/FilamentMonitors/PulsedFilamentMonitor.cpp:405:6:virtual void PulsedFilamentMonitor::Diagnostics(const StringRef&)	16	static
RepRapFirmware/src/FilamentMonitors/PulsedFilamentMonitor.cpp:250:22:FilamentSensorStatus PulsedFilamentMonitor::CheckFilament(float, float, bool)	48	static
RepRapFirmware/src/FilamentMonitors/PulsedFilamentMonitor.cpp:215:22:virtual FilamentSensorStatus PulsedFilamentMonitor::Check(bool, bool, uint32_t, float)	24	static
RepRapFirmware/src/FilamentMonitors/PulsedFilamentMonitor.cpp:419:1:cpp)	0	static
