./RepRapFirmware/src/ObjectModel/ObjectModel.h:319:54:virtual const ObjectModelArrayTableEntry* ObjectModel::GetObjectModelArrayEntry(unsigned int) const	0	static
./RepRapFirmware/src/ObjectModel/ObjectModel.h:324:35:virtual ReadWriteLock* ObjectModel::GetObjectLock(unsigned int) const	0	static
RepRapFirmware/src/FilamentMonitors/RotatingMagnetFilamentMonitor.h:22:25:virtual const char* RotatingMagnetFilamentMonitor::GetTypeText() const	0	static
RepRapFirmware/src/FilamentMonitors/RotatingMagnetFilamentMonitor.cpp:45:20:static ExpressionValue RotatingMagnetFilamentMonitor::<lambda(const ObjectModel*, ObjectExplorationContext&)>::_FUN(const ObjectModel*, ObjectExplorationContext&)	8	static
RepRapFirmware/src/FilamentMonitors/RotatingMagnetFilamentMonitor.cpp:52:18:static ExpressionValue RotatingMagnetFilamentMonitor::<lambda(const ObjectModel*, ObjectExplorationContext&)>::_FUN(const ObjectModel*, ObjectExplorationContext&)	0	static
RepRapFirmware/src/FilamentMonitors/RotatingMagnetFilamentMonitor.cpp:55:22:static ExpressionValue RotatingMagnetFilamentMonitor::<lambda(const ObjectModel*, ObjectExplorationContext&)>::_FUN(const ObjectModel*, ObjectExplorationContext&)	0	static
RepRapFirmware/src/FilamentMonitors/RotatingMagnetFilamentMonitor.cpp:58:18:static ExpressionValue RotatingMagnetFilamentMonitor::<lambda(const ObjectModel*, ObjectExplorationContext&)>::_FUN(const ObjectModel*, ObjectExplorationContext&)	0	static
RepRapFirmware/src/FilamentMonitors/RotatingMagnetFilamentMonitor.cpp:59:18:static ExpressionValue RotatingMagnetFilamentMonitor::<lambda(const ObjectModel*, ObjectExplorationContext&)>::_FUN(const ObjectModel*, ObjectExplorationContext&)	0	static
RepRapFirmware/src/FilamentMonitors/RotatingMagnetFilamentMonitor.cpp:62:23:static ExpressionValue RotatingMagnetFilamentMonitor::<lambda(const ObjectModel*, ObjectExplorationContext&)>::_FUN(const ObjectModel*, ObjectExplorationContext&)	0	static
RepRapFirmware/src/FilamentMonitors/RotatingMagnetFilamentMonitor.cpp:77:1:virtual const ObjectModelClassDescriptor* RotatingMagnetFilamentMonitor::GetObjectModelClassDescriptor() const	0	static
RepRapFirmware/src/FilamentMonitors/RotatingMagnetFilamentMonitor.cpp:673:6:virtual void RotatingMagnetFilamentMonitor::Diagnostics(const StringRef&)	32	static
RepRapFirmware/src/FilamentMonitors/RotatingMagnetFilamentMonitor.h:13:7:RotatingMagnetFilamentMonitor::~RotatingMagnetFilamentMonitor()	8	static
RepRapFirmware/src/FilamentMonitors/RotatingMagnetFilamentMonitor.h:13:7:virtual RotatingMagnetFilamentMonitor::~RotatingMagnetFilamentMonitor()	8	static
RepRapFirmware/src/FilamentMonitors/FilamentMonitor.h:153:17:static int32_t FilamentMonitor::ConvertToPercent(float)	0	static
RepRapFirmware/src/FilamentMonitors/RotatingMagnetFilamentMonitor.cpp:61:20:static ExpressionValue RotatingMagnetFilamentMonitor::<lambda(const ObjectModel*, ObjectExplorationContext&)>::_FUN(const ObjectModel*, ObjectExplorationContext&)	8	static
RepRapFirmware/src/FilamentMonitors/RotatingMagnetFilamentMonitor.cpp:60:20:static ExpressionValue RotatingMagnetFilamentMonitor::<lambda(const ObjectModel*, ObjectExplorationContext&)>::_FUN(const ObjectModel*, ObjectExplorationContext&)	8	static
RepRapFirmware/src/FilamentMonitors/RotatingMagnetFilamentMonitor.cpp:54:20:static ExpressionValue RotatingMagnetFilamentMonitor::<lambda(const ObjectModel*, ObjectExplorationContext&)>::_FUN(const ObjectModel*, ObjectExplorationContext&)	8	static
RepRapFirmware/src/FilamentMonitors/RotatingMagnetFilamentMonitor.cpp:53:20:static ExpressionValue RotatingMagnetFilamentMonitor::<lambda(const ObjectModel*, ObjectExplorationContext&)>::_FUN(const ObjectModel*, ObjectExplorationContext&)	8	static
RepRapFirmware/src/FilamentMonitors/RotatingMagnetFilamentMonitor.cpp:107:6:void RotatingMagnetFilamentMonitor::Reset()	0	static
RepRapFirmware/src/FilamentMonitors/RotatingMagnetFilamentMonitor.cpp:91:6:void RotatingMagnetFilamentMonitor::Init()	8	static
RepRapFirmware/src/FilamentMonitors/RotatingMagnetFilamentMonitor.cpp:81:1:RotatingMagnetFilamentMonitor::RotatingMagnetFilamentMonitor(unsigned int, unsigned int, DriverId)	24	static
RepRapFirmware/src/FilamentMonitors/RotatingMagnetFilamentMonitor.cpp:116:6:bool RotatingMagnetFilamentMonitor::HaveCalibrationData() const	0	static
RepRapFirmware/src/FilamentMonitors/RotatingMagnetFilamentMonitor.cpp:127:13:virtual GCodeResult RotatingMagnetFilamentMonitor::Configure(GCodeBuffer&, const StringRef&, bool&)	104	static
RepRapFirmware/src/FilamentMonitors/RotatingMagnetFilamentMonitor.cpp:558:13:virtual GCodeResult RotatingMagnetFilamentMonitor::Configure(const CanMessageGenericParser&, const StringRef&)	104	static
RepRapFirmware/src/FilamentMonitors/RotatingMagnetFilamentMonitor.cpp:40:20:static ExpressionValue RotatingMagnetFilamentMonitor::<lambda(const ObjectModel*, ObjectExplorationContext&)>::_FUN(const ObjectModel*, ObjectExplorationContext&)	8	static
RepRapFirmware/src/FilamentMonitors/RotatingMagnetFilamentMonitor.cpp:121:7:float RotatingMagnetFilamentMonitor::MeasuredSensitivity() const	0	static
RepRapFirmware/src/FilamentMonitors/RotatingMagnetFilamentMonitor.cpp:244:6:void RotatingMagnetFilamentMonitor::HandleIncomingData()	24	static
RepRapFirmware/src/FilamentMonitors/RotatingMagnetFilamentMonitor.cpp:523:22:virtual FilamentSensorStatus RotatingMagnetFilamentMonitor::Clear()	16	static
RepRapFirmware/src/FilamentMonitors/RotatingMagnetFilamentMonitor.cpp:433:22:FilamentSensorStatus RotatingMagnetFilamentMonitor::CheckFilament(float, float, bool)	56	static
RepRapFirmware/src/FilamentMonitors/RotatingMagnetFilamentMonitor.cpp:387:22:virtual FilamentSensorStatus RotatingMagnetFilamentMonitor::Check(bool, bool, uint32_t, float)	24	static
./RRFLibraries/src/General/String.h:98:26:) [with unsigned int Len = 256]	20	static
./RRFLibraries/src/General/String.h:107:26:) [with unsigned int Len = 256]	20	static
RepRapFirmware/src/FilamentMonitors/RotatingMagnetFilamentMonitor.cpp:537:6:virtual void RotatingMagnetFilamentMonitor::Diagnostics(MessageType, unsigned int)	304	static
RepRapFirmware/src/FilamentMonitors/RotatingMagnetFilamentMonitor.cpp:686:1:cpp)	0	static
