./RepRapFirmware/src/ObjectModel/ObjectModel.h:319:54:virtual const ObjectModelArrayTableEntry* ObjectModel::GetObjectModelArrayEntry(unsigned int) const	0	static
./RepRapFirmware/src/ObjectModel/ObjectModel.h:324:35:virtual ReadWriteLock* ObjectModel::GetObjectLock(unsigned int) const	0	static
RepRapFirmware/src/FilamentMonitors/SimpleFilamentMonitor.h:34:25:virtual const char* SimpleFilamentMonitor::GetTypeText() const	0	static
RepRapFirmware/src/FilamentMonitors/SimpleFilamentMonitor.cpp:110:6:virtual void SimpleFilamentMonitor::GetLiveData(FilamentMonitorDataNew&) const	0	static
RepRapFirmware/src/FilamentMonitors/SimpleFilamentMonitor.cpp:126:6:virtual void SimpleFilamentMonitor::UpdateLiveData(const FilamentMonitorDataNew&)	0	static
RepRapFirmware/src/FilamentMonitors/SimpleFilamentMonitor.cpp:47:6:virtual bool SimpleFilamentMonitor::Interrupt()	8	static
RepRapFirmware/src/FilamentMonitors/SimpleFilamentMonitor.cpp:86:13:virtual GCodeResult SimpleFilamentMonitor::Configure(const CanMessageGenericParser&, const StringRef&)	40	static
RepRapFirmware/src/FilamentMonitors/SimpleFilamentMonitor.h:13:7:SimpleFilamentMonitor::~SimpleFilamentMonitor()	8	static
RepRapFirmware/src/FilamentMonitors/SimpleFilamentMonitor.h:13:7:virtual SimpleFilamentMonitor::~SimpleFilamentMonitor()	8	static
RepRapFirmware/src/FilamentMonitors/SimpleFilamentMonitor.cpp:23:13:virtual GCodeResult SimpleFilamentMonitor::Configure(GCodeBuffer&, const StringRef&, bool&)	40	static
RepRapFirmware/src/FilamentMonitors/SimpleFilamentMonitor.cpp:17:1:SimpleFilamentMonitor::SimpleFilamentMonitor(unsigned int, unsigned int, DriverId)	24	static
RepRapFirmware/src/FilamentMonitors/SimpleFilamentMonitor.cpp:55:6:void SimpleFilamentMonitor::Poll()	8	static
RepRapFirmware/src/FilamentMonitors/SimpleFilamentMonitor.cpp:63:22:virtual FilamentSensorStatus SimpleFilamentMonitor::Check(bool, bool, uint32_t, float)	16	static
RepRapFirmware/src/FilamentMonitors/SimpleFilamentMonitor.cpp:70:22:virtual FilamentSensorStatus SimpleFilamentMonitor::Clear()	16	static
RepRapFirmware/src/FilamentMonitors/SimpleFilamentMonitor.cpp:77:6:virtual void SimpleFilamentMonitor::Diagnostics(MessageType, unsigned int)	24	static
RepRapFirmware/src/FilamentMonitors/SimpleFilamentMonitor.cpp:116:6:virtual void SimpleFilamentMonitor::Diagnostics(const StringRef&)	16	static
RepRapFirmware/src/FilamentMonitors/SimpleFilamentMonitor.cpp:129:1:cpp)	0	static
