RepRapFirmware/src/Comms/AuxDevice.cpp:14:1:AuxDevice::AuxDevice()	0	static
RepRapFirmware/src/Comms/AuxDevice.cpp:18:6:void AuxDevice::Init(AsyncSerial*)	8	static
RepRapFirmware/src/Comms/AuxDevice.cpp:29:6:void AuxDevice::Enable(uint32_t)	8	static
RepRapFirmware/src/Comms/AuxDevice.cpp:38:6:void AuxDevice::Disable()	16	static
RepRapFirmware/src/Comms/AuxDevice.cpp:62:6:void AuxDevice::AppendAuxReply(const char*, bool)	32	static
RepRapFirmware/src/Comms/AuxDevice.cpp:85:6:void AuxDevice::AppendAuxReply(OutputBuffer*, bool)	40	static
RepRapFirmware/src/Comms/AuxDevice.cpp:118:6:bool AuxDevice::Flush()	40	static
RepRapFirmware/src/Comms/AuxDevice.cpp:48:6:void AuxDevice::SendPanelDueMessage(const char*)	24	static
RepRapFirmware/src/Comms/AuxDevice.cpp:152:6:void AuxDevice::Diagnostics(MessageType, unsigned int)	48	static
RepRapFirmware/src/Comms/AuxDevice.cpp:159:1:cpp)	0	static
