./RepRapFirmware/src/bossa/Device.h:80:13:Device::~Device()	8	static
./RepRapFirmware/src/bossa/Flasher.h:58:13:Flasher::~Flasher()	0	static
RepRapFirmware/src/Comms/PanelDueUpdater.cpp:19:2:AuxSerialPort::~AuxSerialPort()	0	static
RepRapFirmware/src/Comms/PanelDueUpdater.cpp:21:7:virtual bool AuxSerialPort::open(int, int, SerialPort::Parity, SerialPort::StopBit)	0	static
RepRapFirmware/src/Comms/PanelDueUpdater.cpp:25:7:virtual void AuxSerialPort::close()	0	static
RepRapFirmware/src/Comms/PanelDueUpdater.cpp:28:6:virtual int AuxSerialPort::write(const uint8_t*, int)	0	static
RepRapFirmware/src/Comms/PanelDueUpdater.cpp:30:6:virtual int AuxSerialPort::put(int)	0	static
RepRapFirmware/src/Comms/PanelDueUpdater.cpp:32:7:virtual bool AuxSerialPort::timeout(int)	0	static
RepRapFirmware/src/Comms/PanelDueUpdater.cpp:33:7:virtual void AuxSerialPort::flush()	0	static
RepRapFirmware/src/Comms/PanelDueUpdater.cpp:40:5:virtual int AuxSerialPort::get()	16	static
RepRapFirmware/src/Comms/PanelDueUpdater.cpp:69:10:DebugObserver::~DebugObserver()	0	static
RepRapFirmware/src/Comms/PanelDueUpdater.cpp:73:10:virtual void DebugObserver::Reset()	0	static
RepRapFirmware/src/Comms/PanelDueUpdater.cpp:50:5:virtual int AuxSerialPort::read(uint8_t*, int)	24	static
RepRapFirmware/src/Comms/PanelDueUpdater.cpp:78:6:)	12	static
RepRapFirmware/src/Comms/PanelDueUpdater.cpp:87:6:virtual void DebugObserver::onProgress(int, int)	0	static
./RepRapFirmware/src/bossa/Device.h:80:13:virtual Device::~Device()	8	static
./RepRapFirmware/src/bossa/Flasher.h:58:13:virtual Flasher::~Flasher()	8	static
RepRapFirmware/src/Comms/PanelDueUpdater.cpp:19:2:virtual AuxSerialPort::~AuxSerialPort()	8	static
RepRapFirmware/src/Comms/PanelDueUpdater.cpp:69:10:virtual DebugObserver::~DebugObserver()	8	static
RepRapFirmware/src/Comms/PanelDueUpdater.cpp:96:1:PanelDueUpdater::PanelDueUpdater()	0	static
RepRapFirmware/src/Comms/PanelDueUpdater.cpp:121:6:void PanelDueUpdater::Start(const StringRef&, uint32_t)	24	static
RepRapFirmware/src/Comms/PanelDueUpdater.cpp:332:14:AsyncSerial* PanelDueUpdater::GetAuxPort()	0	static
./RepRapFirmware/src/RepRapFirmware.h:544:28:void DeleteObject(T*&) [with T = Samba]	0	static
./RepRapFirmware/src/RepRapFirmware.h:544:28:void DeleteObject(T*&) [with T = SerialPort]	0	static
./RepRapFirmware/src/RepRapFirmware.h:544:28:void DeleteObject(T*&) [with T = Device]	0	static
./RepRapFirmware/src/RepRapFirmware.h:544:28:void DeleteObject(T*&) [with T = FlasherObserver]	0	static
./RepRapFirmware/src/RepRapFirmware.h:544:28:void DeleteObject(T*&) [with T = Flasher]	0	static
RepRapFirmware/src/Comms/PanelDueUpdater.cpp:112:1:PanelDueUpdater::~PanelDueUpdater()	8	static
RepRapFirmware/src/Comms/PanelDueUpdater.cpp:112:1:virtual PanelDueUpdater::~PanelDueUpdater()	8	static
RepRapFirmware/src/Comms/PanelDueUpdater.cpp:145:6:void PanelDueUpdater::Spin()	32	static
RepRapFirmware/src/Comms/PanelDueUpdater.cpp:340:1:cpp)	0	static
