CoreN2G/src/STM32/uart.c:757:33:UART_Receive_IT.isra	8	static
CoreN2G/src/STM32/uart.c:848:13:UART_IRQHandler	16	static
CoreN2G/src/STM32/uart.c:105:18:get_serial_obj	0	static
CoreN2G/src/STM32/uart.c:121:6:uart_init	56	static
CoreN2G/src/STM32/uart.c:377:6:uart_deinit	8	static
CoreN2G/src/STM32/uart.c:564:8:uart_write	24	static
CoreN2G/src/STM32/uart.c:580:6:uart_debug_init	0	static
CoreN2G/src/STM32/uart.c:600:8:uart_debug_write	8	static
CoreN2G/src/STM32/uart.c:651:9:serial_rx_active	8	static
CoreN2G/src/STM32/uart.c:662:9:serial_tx_active	8	static
CoreN2G/src/STM32/uart.c:674:6:uart_start_rx	8	static
CoreN2G/src/STM32/uart.c:693:6:uart_start_tx	8	static
CoreN2G/src/STM32/uart.c:704:6:uart_set_interrupt_priority	0	static
CoreN2G/src/STM32/uart.c:739:6:UART_ErrorCallback	8	static
CoreN2G/src/STM32/uart.c:996:6:USART1_IRQHandler	8	static
CoreN2G/src/STM32/uart.c:1009:6:USART2_IRQHandler	8	static
CoreN2G/src/STM32/uart.c:1022:6:USART3_IRQHandler	8	static
CoreN2G/src/STM32/uart.c:1072:6:UART4_IRQHandler	8	static
CoreN2G/src/STM32/uart.c:1105:6:UART5_IRQHandler	8	static
CoreN2G/src/STM32/uart.c:1118:6:USART6_IRQHandler	8	static
CoreN2G/src/STM32/uart.c:1195:6:HAL_UARTEx_WakeupCallback	0	static
