CoreN2G/src/STM32/USBSerial.h:38:20:virtual size_t USBSerial::canWrite()	0	static
CoreN2G/src/STM32/USBSerial.cpp:56:8:virtual size_t USBSerial::write(uint8_t)	16	static
CoreN2G/src/STM32/USBSerial.cpp:119:5:virtual int USBSerial::peek()	0	static
CoreN2G/src/STM32/USBSerial.h:29:7:USBSerial::~USBSerial()	0	static
CoreN2G/src/STM32/USBSerial.cpp:50:5:virtual int USBSerial::availableForWrite()	0	static
CoreN2G/src/STM32/USBSerial.cpp:62:8:virtual size_t USBSerial::write(const uint8_t*, size_t)	24	static
CoreN2G/src/STM32/USBSerial.cpp:85:5:virtual int USBSerial::available()	0	static
CoreN2G/src/STM32/USBSerial.cpp:91:5:virtual int USBSerial::read()	16	static
CoreN2G/src/STM32/USBSerial.cpp:101:8:virtual size_t USBSerial::readBytes(char*, size_t)	0	static
CoreN2G/src/STM32/USBSerial.cpp:125:6:virtual void USBSerial::flush()	8	static
CoreN2G/src/STM32/USBSerial.h:29:7:virtual USBSerial::~USBSerial()	8	static
CoreN2G/src/STM32/USBSerial.cpp:28:6:void USBSerial::begin()	0	static
CoreN2G/src/STM32/USBSerial.cpp:33:6:void USBSerial::begin(uint32_t)	0	static
CoreN2G/src/STM32/USBSerial.cpp:39:6:void USBSerial::begin(uint32_t, uint8_t)	0	static
CoreN2G/src/STM32/USBSerial.cpp:45:6:void USBSerial::end()	0	static
CoreN2G/src/STM32/USBSerial.cpp:132:10:uint32_t USBSerial::baud()	0	static
CoreN2G/src/STM32/USBSerial.cpp:137:9:uint8_t USBSerial::stopbits()	0	static
CoreN2G/src/STM32/USBSerial.cpp:142:9:uint8_t USBSerial::paritytype()	0	static
CoreN2G/src/STM32/USBSerial.cpp:147:9:uint8_t USBSerial::numbits()	0	static
CoreN2G/src/STM32/USBSerial.cpp:152:6:bool USBSerial::dtr()	0	static
CoreN2G/src/STM32/USBSerial.cpp:157:6:bool USBSerial::rts()	0	static
CoreN2G/src/STM32/USBSerial.cpp:162:1:USBSerial::operator bool()	8	static
CoreN2G/src/STM32/USBSerial.cpp:172:6:bool USBSerial::IsConnected()	0	static
