./RepRapFirmware/src/ObjectModel/ObjectModel.h:319:54:virtual const ObjectModelArrayTableEntry* ObjectModel::GetObjectModelArrayEntry(unsigned int) const	0	static
./RepRapFirmware/src/ObjectModel/ObjectModel.h:324:35:virtual ReadWriteLock* ObjectModel::GetObjectLock(unsigned int) const	0	static
RepRapFirmware/src/Heating/FOPDT.cpp:32:20:static ExpressionValue FopDt::<lambda(const ObjectModel*, ObjectExplorationContext&)>::_FUN(const ObjectModel*, ObjectExplorationContext&)	0	static
RepRapFirmware/src/Heating/FOPDT.cpp:33:20:static ExpressionValue FopDt::<lambda(const ObjectModel*, ObjectExplorationContext&)>::_FUN(const ObjectModel*, ObjectExplorationContext&)	0	static
RepRapFirmware/src/Heating/FOPDT.cpp:34:18:static ExpressionValue FopDt::<lambda(const ObjectModel*, ObjectExplorationContext&)>::_FUN(const ObjectModel*, ObjectExplorationContext&)	0	static
RepRapFirmware/src/Heating/FOPDT.cpp:35:17:static ExpressionValue FopDt::<lambda(const ObjectModel*, ObjectExplorationContext&)>::_FUN(const ObjectModel*, ObjectExplorationContext&)	0	static
RepRapFirmware/src/Heating/FOPDT.cpp:36:23:static ExpressionValue FopDt::<lambda(const ObjectModel*, ObjectExplorationContext&)>::_FUN(const ObjectModel*, ObjectExplorationContext&)	0	static
RepRapFirmware/src/Heating/FOPDT.cpp:37:20:static ExpressionValue FopDt::<lambda(const ObjectModel*, ObjectExplorationContext&)>::_FUN(const ObjectModel*, ObjectExplorationContext&)	0	static
RepRapFirmware/src/Heating/FOPDT.cpp:38:18:static ExpressionValue FopDt::<lambda(const ObjectModel*, ObjectExplorationContext&)>::_FUN(const ObjectModel*, ObjectExplorationContext&)	0	static
RepRapFirmware/src/Heating/FOPDT.cpp:39:17:static ExpressionValue FopDt::<lambda(const ObjectModel*, ObjectExplorationContext&)>::_FUN(const ObjectModel*, ObjectExplorationContext&)	0	static
RepRapFirmware/src/Heating/FOPDT.cpp:40:14:static ExpressionValue FopDt::<lambda(const ObjectModel*, ObjectExplorationContext&)>::_FUN(const ObjectModel*, ObjectExplorationContext&)	8	static
RepRapFirmware/src/Heating/FOPDT.cpp:41:23:static ExpressionValue FopDt::<lambda(const ObjectModel*, ObjectExplorationContext&)>::_FUN(const ObjectModel*, ObjectExplorationContext&)	0	static
RepRapFirmware/src/Heating/FOPDT.cpp:44:13:static ExpressionValue FopDt::<lambda(const ObjectModel*, ObjectExplorationContext&)>::_FUN(const ObjectModel*, ObjectExplorationContext&)	0	static
RepRapFirmware/src/Heating/FOPDT.cpp:45:13:static ExpressionValue FopDt::<lambda(const ObjectModel*, ObjectExplorationContext&)>::_FUN(const ObjectModel*, ObjectExplorationContext&)	0	static
RepRapFirmware/src/Heating/FOPDT.cpp:46:20:static ExpressionValue FopDt::<lambda(const ObjectModel*, ObjectExplorationContext&)>::_FUN(const ObjectModel*, ObjectExplorationContext&)	0	static
RepRapFirmware/src/Heating/FOPDT.cpp:47:13:static ExpressionValue FopDt::<lambda(const ObjectModel*, ObjectExplorationContext&)>::_FUN(const ObjectModel*, ObjectExplorationContext&)	0	static
RepRapFirmware/src/Heating/FOPDT.cpp:48:15:static ExpressionValue FopDt::<lambda(const ObjectModel*, ObjectExplorationContext&)>::_FUN(const ObjectModel*, ObjectExplorationContext&)	0	static
RepRapFirmware/src/Heating/FOPDT.cpp:53:1:virtual const ObjectModelClassDescriptor* FopDt::GetObjectModelClassDescriptor() const	0	static
RepRapFirmware/src/Heating/FOPDT.h:40:7:FopDt::~FopDt()	0	static
RepRapFirmware/src/Heating/FOPDT.h:40:7:virtual FopDt::~FopDt()	8	static
RepRapFirmware/src/Heating/FOPDT.cpp:177:19:M301PidParameters FopDt::GetM301PidParameters(bool) const	32	static
RepRapFirmware/src/Heating/FOPDT.cpp:189:6:void FopDt::SetM301PidParameters(const M301PidParameters&)	0	static
RepRapFirmware/src/Heating/FOPDT.cpp:194:6:void FopDt::SetRawPidParameters(float, float, float)	0	static
RepRapFirmware/src/Heating/FOPDT.cpp:203:6:void FopDt::AppendM307Command(unsigned int, const StringRef&, bool) const	80	static
RepRapFirmware/src/Heating/FOPDT.cpp:226:6:void FopDt::AppendM301Command(unsigned int, const StringRef&) const	64	static
RepRapFirmware/src/Heating/FOPDT.cpp:313:7:float FopDt::CorrectPwmForVoltage(float, float) const	0	static
RepRapFirmware/src/Heating/FOPDT.cpp:322:7:float FopDt::GetPwmCorrectionForFan(float, float) const	0	static
RepRapFirmware/src/Heating/FOPDT.cpp:328:7:float FopDt::GetCoolingRate(float, float) const	16	static
RepRapFirmware/src/Heating/FOPDT.cpp:295:6:0(float)	32	static
RepRapFirmware/src/Heating/FOPDT.cpp:295:6:void FopDt::CalcPidConstants(float)	0	static
RepRapFirmware/src/Heating/FOPDT.cpp:64:6:bool FopDt::SetParameters(float, float, float, float, float, float, float, bool, bool, const StringRef&)	16	static
RepRapFirmware/src/Heating/FOPDT.cpp:97:6:bool FopDt::SetParameters(const CanMessageHeaterModelNewNew&, const StringRef&)	16	static
RepRapFirmware/src/Heating/FOPDT.cpp:145:6:void FopDt::SetDefaultToolParameters()	16	static
RepRapFirmware/src/Heating/FOPDT.cpp:138:6:void FopDt::Reset()	8	static
RepRapFirmware/src/Heating/FOPDT.cpp:58:1:FopDt::FopDt()	8	static
RepRapFirmware/src/Heating/FOPDT.cpp:161:6:void FopDt::SetDefaultBedOrChamberParameters()	8	static
RepRapFirmware/src/Heating/FOPDT.cpp:337:7:float FopDt::GetNetHeatingRate(float, float, float) const	16	static
RepRapFirmware/src/Heating/FOPDT.cpp:343:7:float FopDt::EstimateRequiredPwm(float, float) const	8	static
RepRapFirmware/src/Heating/FOPDT.cpp:353:18:static float FopDt::EstimateMaxTemperatureRise(float, float, float)	8	static
RepRapFirmware/src/Heating/FOPDT.cpp:348:7:float FopDt::EstimateMaxTemperatureRise() const	0	static
RepRapFirmware/src/Heating/FOPDT.cpp:236:6:void FopDt::AppendModelParameters(unsigned int, const StringRef&, bool) const	64	static
RepRapFirmware/src/Heating/FOPDT.cpp:360:6:void FopDt::SetupCanMessage(unsigned int, CanMessageHeaterModelNewNew&) const	0	static
RepRapFirmware/src/Heating/FOPDT.cpp:379:1:cpp)	0	static
