./RepRapFirmware/src/ObjectModel/ObjectModel.h:324:35:virtual ReadWriteLock* ObjectModel::GetObjectLock(unsigned int) const	0	static
RepRapFirmware/src/Heating/Heat.cpp:88:3:static constexpr size_t Heat::<lambda(const ObjectModel*, const ObjectExplorationContext&)>::_FUN(const ObjectModel*, const ObjectExplorationContext&)	0	static
RepRapFirmware/src/Heating/Heat.cpp:105:1:virtual const ObjectModelArrayTableEntry* Heat::GetObjectModelArrayEntry(unsigned int) const	0	static
RepRapFirmware/src/Heating/Heat.cpp:111:21:static ExpressionValue Heat::<lambda(const ObjectModel*, ObjectExplorationContext&)>::_FUN(const ObjectModel*, ObjectExplorationContext&)	0	static
RepRapFirmware/src/Heating/Heat.cpp:112:24:static ExpressionValue Heat::<lambda(const ObjectModel*, ObjectExplorationContext&)>::_FUN(const ObjectModel*, ObjectExplorationContext&)	0	static
RepRapFirmware/src/Heating/Heat.cpp:113:30:static ExpressionValue Heat::<lambda(const ObjectModel*, ObjectExplorationContext&)>::_FUN(const ObjectModel*, ObjectExplorationContext&)	0	static
RepRapFirmware/src/Heating/Heat.cpp:114:30:static ExpressionValue Heat::<lambda(const ObjectModel*, ObjectExplorationContext&)>::_FUN(const ObjectModel*, ObjectExplorationContext&)	0	static
RepRapFirmware/src/Heating/Heat.cpp:115:18:static ExpressionValue Heat::<lambda(const ObjectModel*, ObjectExplorationContext&)>::_FUN(const ObjectModel*, ObjectExplorationContext&)	0	static
RepRapFirmware/src/Heating/Heat.cpp:120:1:virtual const ObjectModelClassDescriptor* Heat::GetObjectModelClassDescriptor() const	0	static
RepRapFirmware/src/Heating/Heat.h:40:7:Heat::~Heat()	0	static
RepRapFirmware/src/Heating/Heat.cpp:95:3:static ExpressionValue Heat::<lambda(const ObjectModel*, ObjectExplorationContext&)>::_FUN(const ObjectModel*, ObjectExplorationContext&)	16	static
RepRapFirmware/src/Heating/Heat.cpp:89:3:static ExpressionValue Heat::<lambda(const ObjectModel*, ObjectExplorationContext&)>::_FUN(const ObjectModel*, ObjectExplorationContext&)	16	static
RepRapFirmware/src/Heating/Heat.h:40:7:virtual Heat::~Heat()	8	static
./RRFLibraries/src/RTOSIface/RTOSIface.h:262:41:Task<470>::~Task()	8	static
RepRapFirmware/src/Heating/Heat.cpp:101:3:static ExpressionValue Heat::<lambda(const ObjectModel*, ObjectExplorationContext&)>::_FUN(const ObjectModel*, ObjectExplorationContext&)	16	static
RepRapFirmware/src/Heating/Heat.cpp:1388:20:GCodeResult UnknownHeater(unsigned int, const StringRef&)	16	static
RepRapFirmware/src/Heating/Heat.cpp:94:3:static constexpr size_t Heat::<lambda(const ObjectModel*, const ObjectExplorationContext&)>::_FUN(const ObjectModel*, const ObjectExplorationContext&)	0	static
./RRFLibraries/src/RTOSIface/RTOSIface.h:479:2:ReadLocker::~ReadLocker()	8	static
RepRapFirmware/src/Heating/Heat.cpp:64:12:static TaskBase* Heat::GetHeatTask()	0	static
RepRapFirmware/src/Heating/Heat.cpp:127:1:Heat::Heat()	8	static
RepRapFirmware/src/Heating/Heat.cpp:155:27:ReadLockedPointer<Heater> Heat::FindHeater(int) const	16	static
./RRFLibraries/src/General/function_ref.h:66:45:) [with Callable = Heat::ProcessRemoteHeatersReport(CanAddress, const CanMessageHeatersStatus&)::<lambda(unsigned int, unsigned int)>; RetType = void; Params = {unsigned int, unsigned int}]	24	static
RepRapFirmware/src/Heating/Heat.cpp:161:13:GCodeResult Heat::SetOrReportHeaterModel(GCodeBuffer&, const StringRef&)	32	static
RepRapFirmware/src/Heating/Heat.cpp:175:13:GCodeResult Heat::SetPidParameters(unsigned int, GCodeBuffer&, const StringRef&)	72	static
RepRapFirmware/src/Heating/Heat.cpp:217:6:bool Heat::IsHeaterEnabled(size_t) const	16	static
RepRapFirmware/src/Heating/Heat.cpp:224:38:ReadLockedPointer<TemperatureSensor> Heat::FindSensor(int) const	32	static
RepRapFirmware/src/Heating/Heat.cpp:243:38:ReadLockedPointer<TemperatureSensor> Heat::FindSensorAtOrAbove(unsigned int) const	32	static
RepRapFirmware/src/Heating/Heat.cpp:259:6:void Heat::ResetHeaterModels()	16	static
RepRapFirmware/src/Heating/Heat.cpp:272:6:void Heat::Init()	24	static
RepRapFirmware/src/Heating/Heat.cpp:281:6:void Heat::Exit()	16	static
RepRapFirmware/src/Heating/Heat.cpp:300:6:void Heat::SendHeatersStatus(CanMessageBuffer&)	56	static
RepRapFirmware/src/Heating/Heat.cpp:332:19:void Heat::HeaterTask()	144	static
RepRapFirmware/src/Heating/Heat.cpp:69:30:void HeaterTaskStart(void*)	8	static
RepRapFirmware/src/Heating/Heat.cpp:644:6:bool Heat::HeaterAtSetTemperature(int, bool, float, bool) const	40	static
RepRapFirmware/src/Heating/Heat.cpp:624:6:bool Heat::SlowHeatersAtSetTemperatures(float, bool) const	24	static
RepRapFirmware/src/Heating/Heat.cpp:672:14:HeaterStatus Heat::GetStatus(int) const	24	static
RepRapFirmware/src/Heating/Heat.cpp:678:6:void Heat::SetBedHeater(size_t, int)	24	static
RepRapFirmware/src/Heating/Heat.cpp:699:6:bool Heat::IsBedHeater(int) const	0	static
RepRapFirmware/src/Heating/Heat.cpp:711:6:void Heat::SetChamberHeater(size_t, int)	24	static
RepRapFirmware/src/Heating/Heat.cpp:730:6:bool Heat::IsChamberHeater(int) const	0	static
RepRapFirmware/src/Heating/Heat.cpp:743:6:void Heat::SetAsToolHeater(int8_t) const	16	static
RepRapFirmware/src/Heating/Heat.cpp:754:6:void Heat::SetTemperature(int, float, bool)	24	static
RepRapFirmware/src/Heating/Heat.cpp:763:7:float Heat::GetActiveTemperature(int) const	24	static
RepRapFirmware/src/Heating/Heat.cpp:769:7:float Heat::GetStandbyTemperature(int) const	24	static
RepRapFirmware/src/Heating/Heat.cpp:775:7:float Heat::GetHighestTemperatureLimit(int) const	24	static
RepRapFirmware/src/Heating/Heat.cpp:781:7:float Heat::GetLowestTemperatureLimit(int) const	24	static
RepRapFirmware/src/Heating/Heat.cpp:789:7:float Heat::GetHeaterTemperature(int) const	24	static
RepRapFirmware/src/Heating/Heat.cpp:796:7:float Heat::GetTargetTemperature(int) const	24	static
RepRapFirmware/src/Heating/Heat.cpp:804:13:GCodeResult Heat::SetActiveOrStandby(int, const Tool*, bool, const StringRef&)	32	static
RepRapFirmware/src/Heating/Heat.cpp:820:6:void Heat::SwitchOff(int)	24	static
RepRapFirmware/src/Heating/Heat.cpp:854:6:void Heat::SwitchOffAllLocalFromISR()	16	static
RepRapFirmware/src/Heating/Heat.cpp:869:6:void Heat::FeedForwardAdjustment(unsigned int, float, float) const	24	static
RepRapFirmware/src/Heating/Heat.cpp:879:6:void Heat::SetExtrusionFeedForward(unsigned int, float) const	0	static
RepRapFirmware/src/Heating/Heat.cpp:891:13:GCodeResult Heat::ResetFault(int, const StringRef&)	16	static
RepRapFirmware/src/Heating/Heat.cpp:898:7:float Heat::GetAveragePWM(size_t) const	24	static
RepRapFirmware/src/Heating/Heat.cpp:904:6:bool Heat::IsBedOrChamberHeater(int) const	8	static
RepRapFirmware/src/Heating/Heat.cpp:834:6:void Heat::SwitchOffAll(bool)	32	static
RepRapFirmware/src/Heating/Heat.cpp:910:7:float Heat::GetHighestTemperatureLimit() const	24	static
RepRapFirmware/src/Heating/Heat.cpp:931:6:bool Heat::WriteModelParameters(FileStore*) const	312	static
RepRapFirmware/src/Heating/Heat.cpp:954:13:GCodeResult Heat::ConfigureHeaterMonitoring(size_t, GCodeBuffer&, const StringRef&)	24	static
RepRapFirmware/src/Heating/Heat.cpp:967:13:GCodeResult Heat::TuneHeater(GCodeBuffer&, const StringRef&)	40	static
RepRapFirmware/src/Heating/Heat.cpp:1159:13:const char* Heat::GetHeaterSensorName(size_t) const	16	static
RepRapFirmware/src/Heating/Heat.cpp:1166:13:GCodeResult Heat::HandleM143(GCodeBuffer&, const StringRef&)	32	static
RepRapFirmware/src/Heating/Heat.cpp:1180:7:float Heat::GetSensorTemperature(int, TemperatureError&) const	32	static
RepRapFirmware/src/Heating/Heat.cpp:1195:8:size_t Heat::GetNumHeatersToReport() const	0	static
RepRapFirmware/src/Heating/Heat.cpp:100:3:static constexpr size_t Heat::<lambda(const ObjectModel*, const ObjectExplorationContext&)>::_FUN(const ObjectModel*, const ObjectExplorationContext&)	0	static
RepRapFirmware/src/Heating/Heat.cpp:1206:8:size_t Heat::GetNumSensorsToReport() const	8	static
RepRapFirmware/src/Heating/Heat.cpp:1225:6:void Heat::SuspendHeaters(bool)	16	static
RepRapFirmware/src/Heating/Heat.cpp:1237:6:void Heat::DeleteSensor(unsigned int)	16	static
RepRapFirmware/src/Heating/Heat.cpp:1268:6:void Heat::InsertSensor(TemperatureSensor*)	12	static
RepRapFirmware/src/Heating/Heat.cpp:1047:13:GCodeResult Heat::ConfigureSensor(GCodeBuffer&, const StringRef&)	96	static
RepRapFirmware/src/Heating/Heat.cpp:1298:6:bool Heat::WriteBedAndChamberTempSettings(FileStore*) const	328	static
RepRapFirmware/src/Heating/Heat.cpp:1375:6:void Heat::ProcessRemoteHeaterTuningReport(CanAddress, const CanMessageHeaterTuningReport&)	24	static
RepRapFirmware/src/Heating/Heat.cpp:1455:13:GCodeResult Heat::ProcessM307New(const CanMessageHeaterModelNewNew&, const StringRef&)	24	static
RepRapFirmware/src/Heating/Heat.cpp:1461:13:GCodeResult Heat::SetTemperature(const CanMessageSetHeaterTemperature&, const StringRef&)	24	static
RepRapFirmware/src/Heating/Heat.cpp:1467:13:GCodeResult Heat::SetFaultDetection(const CanMessageSetHeaterFaultDetectionParameters&, const StringRef&)	24	static
RepRapFirmware/src/Heating/Heat.cpp:1475:13:GCodeResult Heat::SetHeaterMonitors(const CanMessageSetHeaterMonitors&, const StringRef&)	24	static
RepRapFirmware/src/Heating/Heat.cpp:1481:13:GCodeResult Heat::TuningCommand(const CanMessageHeaterTuningCommand&, const StringRef&)	24	static
RepRapFirmware/src/Heating/Heat.cpp:1497:13:GCodeResult Heat::FeedForward(const CanMessageHeaterFeedForward&, const StringRef&)	24	static
RepRapFirmware/src/Heating/Heat.cpp:1508:13:GCodeResult Heat::ProcessM308(const CanMessageGeneric&, const StringRef&)	72	static
./RRFLibraries/src/General/String.h:107:26:) [with unsigned int Len = 100]	20	static
RepRapFirmware/src/Heating/Heat.cpp:523:6:void Heat::Diagnostics(MessageType)	160	static
./RepRapFirmware/src/RepRapFirmware.h:544:28:void DeleteObject(T*&) [with T = Heater]	0	static
RepRapFirmware/src/Heating/Heat.cpp:554:13:GCodeResult Heat::ConfigureHeater(GCodeBuffer&, const StringRef&)	120	static
./RRFLibraries/src/General/Bitmap.h:312:24:void Bitmap<T>::Iterate(function_ref_noexcept<void(unsigned int, unsigned int) noexcept>) const [with T = long long unsigned int]	32	static
RepRapFirmware/src/Heating/Heat.cpp:1325:6:void Heat::ProcessRemoteSensorsReport(CanAddress, const CanMessageSensorTemperatures&)	40	static
RepRapFirmware/src/Heating/Heat.cpp:1358:6:void Heat::ProcessRemoteHeatersReport(CanAddress, const CanMessageHeatersStatus&)	40	static
RepRapFirmware/src/Heating/Heat.cpp:1566:1:cpp)	8	static
RepRapFirmware/src/Heating/Heat.cpp:1394:13:GCodeResult Heat::ConfigureHeater(const CanMessageGeneric&, const StringRef&)	104	static
./RRFLibraries/src/General/function_ref.h:66:45:) [with Callable = Heat::ProcessRemoteSensorsReport(CanAddress, const CanMessageSensorTemperatures&)::<lambda(unsigned int, unsigned int)>; RetType = void; Params = {unsigned int, unsigned int}]	32	static
