./RepRapFirmware/src/ObjectModel/ObjectModel.h:324:35:virtual ReadWriteLock* ObjectModel::GetObjectLock(unsigned int) const	0	static
RepRapFirmware/src/Heating/Heater.cpp:33:3:static constexpr size_t Heater::<lambda(const ObjectModel*, const ObjectExplorationContext&)>::_FUN(const ObjectModel*, const ObjectExplorationContext&)	0	static
RepRapFirmware/src/Heating/Heater.cpp:34:3:static ExpressionValue Heater::<lambda(const ObjectModel*, ObjectExplorationContext&)>::_FUN(const ObjectModel*, ObjectExplorationContext&)	8	static
RepRapFirmware/src/Heating/Heater.cpp:38:1:virtual const ObjectModelArrayTableEntry* Heater::GetObjectModelArrayEntry(unsigned int) const	0	static
RepRapFirmware/src/Heating/Heater.cpp:44:17:static ExpressionValue Heater::<lambda(const ObjectModel*, ObjectExplorationContext&)>::_FUN(const ObjectModel*, ObjectExplorationContext&)	0	static
RepRapFirmware/src/Heating/Heater.cpp:48:23:static ExpressionValue Heater::<lambda(const ObjectModel*, ObjectExplorationContext&)>::_FUN(const ObjectModel*, ObjectExplorationContext&)	0	static
RepRapFirmware/src/Heating/Heater.cpp:49:27:static ExpressionValue Heater::<lambda(const ObjectModel*, ObjectExplorationContext&)>::_FUN(const ObjectModel*, ObjectExplorationContext&)	0	static
RepRapFirmware/src/Heating/Heater.cpp:50:24:static ExpressionValue Heater::<lambda(const ObjectModel*, ObjectExplorationContext&)>::_FUN(const ObjectModel*, ObjectExplorationContext&)	0	static
RepRapFirmware/src/Heating/Heater.cpp:52:16:static ExpressionValue Heater::<lambda(const ObjectModel*, ObjectExplorationContext&)>::_FUN(const ObjectModel*, ObjectExplorationContext&)	0	static
RepRapFirmware/src/Heating/Heater.cpp:53:18:static ExpressionValue Heater::<lambda(const ObjectModel*, ObjectExplorationContext&)>::_FUN(const ObjectModel*, ObjectExplorationContext&)	0	static
RepRapFirmware/src/Heating/Heater.cpp:54:17:static ExpressionValue Heater::<lambda(const ObjectModel*, ObjectExplorationContext&)>::_FUN(const ObjectModel*, ObjectExplorationContext&)	0	static
RepRapFirmware/src/Heating/Heater.cpp:55:17:static ExpressionValue Heater::<lambda(const ObjectModel*, ObjectExplorationContext&)>::_FUN(const ObjectModel*, ObjectExplorationContext&)	0	static
RepRapFirmware/src/Heating/Heater.cpp:69:1:virtual const ObjectModelClassDescriptor* Heater::GetObjectModelClassDescriptor() const	0	static
RepRapFirmware/src/Heating/Heater.cpp:64:16:static ExpressionValue Heater::<lambda(const ObjectModel*, ObjectExplorationContext&)>::_FUN(const ObjectModel*, ObjectExplorationContext&)	16	static
RepRapFirmware/src/Heating/Heater.cpp:62:15:static ExpressionValue Heater::<lambda(const ObjectModel*, ObjectExplorationContext&)>::_FUN(const ObjectModel*, ObjectExplorationContext&)	16	static
RepRapFirmware/src/Heating/Heater.cpp:61:18:static ExpressionValue Heater::<lambda(const ObjectModel*, ObjectExplorationContext&)>::_FUN(const ObjectModel*, ObjectExplorationContext&)	16	static
RepRapFirmware/src/Heating/Heater.cpp:59:16:static ExpressionValue Heater::<lambda(const ObjectModel*, ObjectExplorationContext&)>::_FUN(const ObjectModel*, ObjectExplorationContext&)	16	static
RepRapFirmware/src/Heating/Heater.cpp:46:17:static ExpressionValue Heater::<lambda(const ObjectModel*, ObjectExplorationContext&)>::_FUN(const ObjectModel*, ObjectExplorationContext&)	8	static
RepRapFirmware/src/Heating/Heater.cpp:45:17:static ExpressionValue Heater::<lambda(const ObjectModel*, ObjectExplorationContext&)>::_FUN(const ObjectModel*, ObjectExplorationContext&)	8	static
./RRFLibraries/src/Math/DeviationAccumulator.h:20:8:float DeviationAccumulator::GetMean() const	0	static
RepRapFirmware/src/Heating/Heater.cpp:105:17:static void Heater::ClearCounters()	8	static
RepRapFirmware/src/Heating/Heater.cpp:115:1:Heater::Heater(unsigned int)	16	static
RepRapFirmware/src/Heating/Heater.cpp:123:1:Heater::~Heater()	0	static
RepRapFirmware/src/Heating/Heater.cpp:123:1:virtual Heater::~Heater()	8	static
RepRapFirmware/src/Heating/Heater.cpp:131:6:void Heater::SetSensorNumber(int)	0	static
RepRapFirmware/src/Heating/Heater.cpp:341:6:void Heater::ReportTuningUpdate()	16	static
RepRapFirmware/src/Heating/Heater.cpp:349:6:void Heater::CalculateModel(HeaterParameters&)	216	static
RepRapFirmware/src/Heating/Heater.cpp:472:13:GCodeResult Heater::ConfigureFaultDetectionParameters(GCodeBuffer&, const StringRef&)	48	static
RepRapFirmware/src/Heating/Heater.cpp:491:13:GCodeResult Heater::ConfigureMonitor(GCodeBuffer&, const StringRef&)	64	static
RepRapFirmware/src/Heating/Heater.cpp:547:7:float Heater::GetHighestTemperatureLimit() const	0	static
RepRapFirmware/src/Heating/Heater.cpp:47:14:static ExpressionValue Heater::<lambda(const ObjectModel*, ObjectExplorationContext&)>::_FUN(const ObjectModel*, ObjectExplorationContext&)	8	static
RepRapFirmware/src/Heating/Heater.cpp:221:13:GCodeResult Heater::SetModel(float, float, float, float, float, float, float, bool, bool, const StringRef&)	24	static
RepRapFirmware/src/Heating/Heater.cpp:139:13:GCodeResult Heater::SetOrReportModel(unsigned int, GCodeBuffer&, const StringRef&)	80	static
RepRapFirmware/src/Heating/Heater.cpp:257:13:GCodeResult Heater::StartAutoTune(GCodeBuffer&, const StringRef&, FansBitmap)	56	static
RepRapFirmware/src/Heating/Heater.cpp:564:7:float Heater::GetLowestTemperatureLimit() const	0	static
RepRapFirmware/src/Heating/Heater.cpp:51:14:static ExpressionValue Heater::<lambda(const ObjectModel*, ObjectExplorationContext&)>::_FUN(const ObjectModel*, ObjectExplorationContext&)	8	static
RepRapFirmware/src/Heating/Heater.cpp:581:14:HeaterStatus Heater::GetStatus() const	16	static
RepRapFirmware/src/Heating/Heater.cpp:322:6:void Heater::GetAutoTuneStatus(const StringRef&) const	32	static
RepRapFirmware/src/Heating/Heater.cpp:56:16:static ExpressionValue Heater::<lambda(const ObjectModel*, ObjectExplorationContext&)>::_FUN(const ObjectModel*, ObjectExplorationContext&)	16	static
RepRapFirmware/src/Heating/Heater.cpp:592:13:const char* Heater::GetSensorName() const	16	static
RepRapFirmware/src/Heating/Heater.cpp:598:13:GCodeResult Heater::SetActiveOrStandby(bool, const StringRef&)	16	static
RepRapFirmware/src/Heating/Heater.cpp:610:6:void Heater::SetTemperature(float, bool)	128	static
RepRapFirmware/src/Heating/Heater.cpp:637:6:void Heater::ClearModelAndMonitors()	8	static
RepRapFirmware/src/Heating/Heater.cpp:648:6:void Heater::SetAsToolHeater()	32	static
RepRapFirmware/src/Heating/Heater.cpp:663:6:void Heater::SetAsBedOrChamberHeater()	32	static
RepRapFirmware/src/Heating/Heater.cpp:679:13:GCodeResult Heater::SetHeaterMonitors(const CanMessageSetHeaterMonitors&, const StringRef&)	20	static
RepRapFirmware/src/Heating/Heater.cpp:688:13:GCodeResult Heater::SetFaultDetectionParameters(const CanMessageSetHeaterFaultDetectionParameters&, const StringRef&)	0	static
RepRapFirmware/src/Heating/Heater.cpp:699:13:GCodeResult Heater::SetModel(unsigned int, const CanMessageHeaterModelNewNew&, const StringRef&)	16	static
RepRapFirmware/src/Heating/Heater.cpp:718:13:GCodeResult Heater::SetTemperature(const CanMessageSetHeaterTemperature&, const StringRef&)	16	static
./RRFLibraries/src/General/String.h:98:26:) [with unsigned int Len = 256]	20	static
./RRFLibraries/src/General/String.h:107:26:) [with unsigned int Len = 256]	20	static
RepRapFirmware/src/Heating/Heater.cpp:386:6:void Heater::SetAndReportModelAfterTuning(bool)	368	static
RepRapFirmware/src/Heating/Heater.cpp:764:1:cpp)	8	static
