RepRapFirmware/src/Libraries/Fatfs/ff.c:677:14:ld_dword	0	static
RepRapFirmware/src/Libraries/Fatfs/ff.c:712:13:st_dword	0	static
RepRapFirmware/src/Libraries/Fatfs/ff.c:1198:14:clst2sect	0	static
RepRapFirmware/src/Libraries/Fatfs/ff.c:2115:13:sum_sfn	0	static
RepRapFirmware/src/Libraries/Fatfs/ff.c:3200:12:get_ldnumber	8	static
RepRapFirmware/src/Libraries/Fatfs/ff.c:1105:16:sync_window	16	static
RepRapFirmware/src/Libraries/Fatfs/ff.c:1158:16:sync_fs	24	static
RepRapFirmware/src/Libraries/Fatfs/ff.c:855:13:put_utf	0	static
RepRapFirmware/src/Libraries/Fatfs/ff.c:2679:13:get_fileinfo	32	static
RepRapFirmware/src/Libraries/Fatfs/ff.c:1923:13:st_clust	0	static
RepRapFirmware/src/Libraries/Fatfs/ff.c:1127:16:move_window	16	static
RepRapFirmware/src/Libraries/Fatfs/ff.c:3352:13:check_fs	16	static
RepRapFirmware/src/Libraries/Fatfs/ff.c:1293:16:put_fat	32	static
RepRapFirmware/src/Libraries/Fatfs/ff.c:1712:16:dir_clear	24	static
RepRapFirmware/src/Libraries/Fatfs/ff.c:970:13:unlock_volume	0	static
RepRapFirmware/src/Libraries/Fatfs/ff.c:3675:16:validate	16	static
RepRapFirmware/src/Libraries/Fatfs/ff.c:3446:16:mount_volume	40	static
RepRapFirmware/src/Libraries/Fatfs/ff.c:1906:14:ld_clust.isra	0	static
RepRapFirmware/src/Libraries/Fatfs/ff.c:1215:14:get_fat.isra	24	static
RepRapFirmware/src/Libraries/Fatfs/ff.c:1483:16:remove_chain	24	static
RepRapFirmware/src/Libraries/Fatfs/ff.c:1578:14:create_chain	32	static
RepRapFirmware/src/Libraries/Fatfs/ff.c:1803:16:dir_next	32	static
RepRapFirmware/src/Libraries/Fatfs/ff.c:2368:16:dir_read.constprop	32	static
RepRapFirmware/src/Libraries/Fatfs/ff.c:1755:16:dir_sdi	24	static
RepRapFirmware/src/Libraries/Fatfs/ff.c:2633:16:dir_remove	24	static
RepRapFirmware/src/Libraries/Fatfs/ff.c:2446:16:dir_find	64	static
RepRapFirmware/src/Libraries/Fatfs/ff.c:3113:16:follow_path	56	static
RepRapFirmware/src/Libraries/Fatfs/ff.c:2527:16:dir_register	72	static
RepRapFirmware/src/Libraries/Fatfs/ff.c:3719:9:f_mount	40	static
RepRapFirmware/src/Libraries/Fatfs/ff.c:3779:9:f_open	336	static
RepRapFirmware/src/Libraries/Fatfs/ff.c:3976:9:f_read	64	static
RepRapFirmware/src/Libraries/Fatfs/ff.c:4080:9:f_write	56	static
RepRapFirmware/src/Libraries/Fatfs/ff.c:4205:9:f_sync	32	static
RepRapFirmware/src/Libraries/Fatfs/ff.c:4286:9:f_close	24	static
RepRapFirmware/src/Libraries/Fatfs/ff.c:4503:9:f_lseek	40	static
RepRapFirmware/src/Libraries/Fatfs/ff.c:4667:9:f_opendir	272	static
RepRapFirmware/src/Libraries/Fatfs/ff.c:4733:9:f_closedir	24	static
RepRapFirmware/src/Libraries/Fatfs/ff.c:4763:9:f_readdir	272	static
RepRapFirmware/src/Libraries/Fatfs/ff.c:4851:9:f_stat	328	static
RepRapFirmware/src/Libraries/Fatfs/ff.c:4886:9:f_getfree	56	static
RepRapFirmware/src/Libraries/Fatfs/ff.c:4982:9:f_truncate	32	static
RepRapFirmware/src/Libraries/Fatfs/ff.c:5032:9:f_unlink	376	static
RepRapFirmware/src/Libraries/Fatfs/ff.c:5130:9:f_mkdir	352	static
RepRapFirmware/src/Libraries/Fatfs/ff.c:5214:9:f_rename	416	static
RepRapFirmware/src/Libraries/Fatfs/ff.c:5324:9:f_chmod	336	static
RepRapFirmware/src/Libraries/Fatfs/ff.c:5371:9:f_utime	328	static
RepRapFirmware/src/Libraries/Fatfs/ff.c:5643:9:f_expand	56	static
