RepRapFirmware/src/GCodes/GCodeInput.cpp:63:6:virtual void StreamGCodeInput::Reset()	8	static
RepRapFirmware/src/GCodes/GCodeInput.cpp:71:6:virtual char StreamGCodeInput::ReadByte()	8	static
RepRapFirmware/src/GCodes/GCodeInput.cpp:76:8:virtual size_t StreamGCodeInput::BytesCached() const	0	static
RepRapFirmware/src/GCodes/GCodeInput.cpp:88:6:virtual void RegularGCodeInput::Reset()	0	static
RepRapFirmware/src/GCodes/GCodeInput.cpp:94:6:virtual char RegularGCodeInput::ReadByte()	0	static
RepRapFirmware/src/GCodes/GCodeInput.cpp:104:8:virtual size_t RegularGCodeInput::BytesCached() const	0	static
RepRapFirmware/src/GCodes/GCodeInput.cpp:115:6:virtual void BufferedStreamGCodeInput::Reset()	8	static
RepRapFirmware/src/GCodes/GCodeInput.cpp:19:6:virtual bool StandardGCodeInput::FillBuffer(GCodeBuffer*)	24	static
RepRapFirmware/src/GCodes/GCodeInput.cpp:245:6:virtual bool NetworkGCodeInput::FillBuffer(GCodeBuffer*)	24	static
RepRapFirmware/src/GCodes/GCodeInput.cpp:256:6:virtual void FileGCodeInput::Reset()	8	static
RepRapFirmware/src/GCodes/GCodeInput.cpp:83:1:RegularGCodeInput::RegularGCodeInput()	0	static
RepRapFirmware/src/GCodes/GCodeInput.cpp:109:8:size_t RegularGCodeInput::BufferSpaceLeft() const	0	static
RepRapFirmware/src/GCodes/GCodeInput.cpp:124:6:virtual bool BufferedStreamGCodeInput::FillBuffer(GCodeBuffer*)	16	static
RepRapFirmware/src/GCodes/GCodeInput.cpp:136:6:void NetworkGCodeInput::Put(MessageType, char)	16	static
RepRapFirmware/src/GCodes/GCodeInput.cpp:220:6:bool NetworkGCodeInput::Put(MessageType, const char*)	40	static
RepRapFirmware/src/GCodes/GCodeInput.cpp:239:1:NetworkGCodeInput::NetworkGCodeInput()	8	static
RepRapFirmware/src/GCodes/GCodeInput.cpp:263:6:void FileGCodeInput::Reset(const FileData&)	4	static
RepRapFirmware/src/GCodes/GCodeInput.cpp:272:8:size_t FileGCodeInput::FileBytesCached(const FileData&) const	0	static
RepRapFirmware/src/GCodes/GCodeInput.cpp:278:22:GCodeInputReadResult FileGCodeInput::ReadFromFile(FileData&)	24	static
RepRapFirmware/src/GCodes/GCodeInput.cpp:323:1:cpp)	0	static
