./RRFLibraries/src/General/function_ref.h:66:45:) [with Callable = GCodes::HandleMcode(GCodeBuffer&, const StringRef&)::<lambda(unsigned int)>; RetType = void; Params = {unsigned int}]	8	static
./RRFLibraries/src/General/function_ref.h:66:45:) [with Callable = GCodes::HandleMcode(GCodeBuffer&, const StringRef&)::<lambda(unsigned int)>; RetType = void; Params = {unsigned int}]	0	static
./RRFLibraries/src/RTOSIface/RTOSIface.h:479:2:ReadLocker::~ReadLocker()	8	static
./RepRapFirmware/src/Platform/Platform.h:978:14:float Platform::Acceleration(size_t, bool) const	0	static
./RepRapFirmware/src/Platform/Platform.h:983:13:void Platform::SetAcceleration(size_t, float, bool)	0	static
./RepRapFirmware/src/Platform/Platform.h:998:13:void Platform::SetInstantDv(size_t, float)	0	static
RepRapFirmware/src/GCodes/GCodeBuffer/GCodeBuffer.h:109:11:uint32_t GCodeBuffer::GetLimitedUIValue(char, uint32_t)	0	static
RepRapFirmware/src/GCodes/GCodeBuffer/GCodeBuffer.h:163:7:bool GCodeBuffer::Executing() const	0	static
RepRapFirmware/src/GCodes/GCodeBuffer/GCodeBuffer.h:248:7:bool GCodeBuffer::IsFileChannel() const	0	static
RepRapFirmware/src/GCodes/GCodeBuffer/GCodeBuffer.h:283:7:void GCodeBuffer::ResetReportDueTimer()	8	static
RepRapFirmware/src/GCodes/GCodeBuffer/GCodeBuffer.h:389:13:bool GCodeBuffer::IsDoingFileMacro() const	0	static
RepRapFirmware/src/GCodes/GCodeBuffer/GCodeBuffer.h:417:13:void GCodeBuffer::SetState(GCodeState)	0	static
RepRapFirmware/src/GCodes/GCodeBuffer/GCodeBuffer.h:435:13:bool GCodeBuffer::CanQueueCodes() const	8	static
RepRapFirmware/src/GCodes/GCodeBuffer/GCodeBuffer.h:440:13:bool GCodeBuffer::IsDoingFile() const	8	static
RepRapFirmware/src/GCodes/GCodeBuffer/GCodeBuffer.h:460:13:bool GCodeBuffer::IsDoingLocalFile() const	8	static
RepRapFirmware/src/GCodes/GCodes2.cpp:4945:6:bool GCodes::HandleQcode(GCodeBuffer&, const StringRef&)	16	static
RepRapFirmware/src/GCodes/GCodes2.cpp:4966:6:bool GCodes::HandleResult(GCodeBuffer&, GCodeResult, const StringRef&, OutputBuffer*)	88	static
RepRapFirmware/src/GCodes/GCodes2.cpp:4840:6:bool GCodes::HandleTcode(GCodeBuffer&, const StringRef&)	32	static
./RRFLibraries/src/General/SimpleMath.h:52:38:constexpr T constrain(T, T, T) [with T = float]	0	static
./RRFLibraries/src/General/String.h:98:26:) [with unsigned int Len = 256]	20	static
./RRFLibraries/src/General/String.h:98:26:) [with unsigned int Len = 20]	20	static
RepRapFirmware/src/GCodes/GCodes2.cpp:4817:13:GCodeResult GCodes::TryMacroFile(GCodeBuffer&)	56	static
RepRapFirmware/src/GCodes/GCodes2.cpp:160:6:bool GCodes::HandleGcode(GCodeBuffer&, const StringRef&)	48	static
RepRapFirmware/src/GCodes/GCodes2.cpp:597:6:bool GCodes::HandleMcode(GCodeBuffer&, const StringRef&)	536	static
RepRapFirmware/src/GCodes/GCodes2.cpp:75:6:bool GCodes::ActOnCode(GCodeBuffer&, const StringRef&)	24	static
RepRapFirmware/src/GCodes/GCodes2.cpp:5069:1:cpp)	0	static
