./RRFLibraries/src/RTOSIface/RTOSIface.h:479:2:ReadLocker::~ReadLocker()	8	static
RepRapFirmware/src/GCodes/GCodeBuffer/GCodeBuffer.h:417:13:void GCodeBuffer::SetState(GCodeState)	0	static
RepRapFirmware/src/GCodes/GCodes6.cpp:118:27:ReadLockedPointer<ZProbe> GCodes::SetZProbeNumber(GCodeBuffer&, char)	24	static
RepRapFirmware/src/GCodes/GCodes6.cpp:131:13:MessageType GCodes::GetMessageBoxDevice(GCodeBuffer&) const	8	static
RepRapFirmware/src/GCodes/GCodes6.cpp:142:6:void GCodes::DoManualProbe(GCodeBuffer&, const char*, const char*, AxesBitmap)	40	static
RepRapFirmware/src/GCodes/GCodes6.cpp:153:6:void GCodes::DoManualBedProbe(GCodeBuffer&)	16	static
RepRapFirmware/src/GCodes/GCodes6.cpp:159:6:void GCodes::InitialiseTaps(bool)	0	static
RepRapFirmware/src/GCodes/GCodes6.cpp:21:13:GCodeResult GCodes::ExecuteG30(GCodeBuffer&, const StringRef&)	72	static
RepRapFirmware/src/GCodes/GCodes6.cpp:169:6:void GCodes::TakeScanningProbeReading()	24	static
RepRapFirmware/src/GCodes/GCodes6.cpp:204:13:GCodeResult GCodes::DefineGrid(GCodeBuffer&, const StringRef&)	112	static
RepRapFirmware/src/GCodes/GCodes6.cpp:442:6:bool GCodes::TrySaveHeightMap(const char*, const StringRef&) const	168	static
RepRapFirmware/src/GCodes/GCodes6.cpp:471:13:GCodeResult GCodes::SaveHeightMap(GCodeBuffer&, const StringRef&) const	160	static
RepRapFirmware/src/GCodes/GCodes6.cpp:521:6:void GCodes::ClearProbePointsInvalid()	8	static
RepRapFirmware/src/GCodes/GCodes6.cpp:532:6:void GCodes::ClearBedMapping()	32	static
RepRapFirmware/src/GCodes/GCodes6.cpp:356:13:GCodeResult GCodes::ProbeGrid(GCodeBuffer&, const StringRef&)	40	static
RepRapFirmware/src/GCodes/GCodes6.cpp:400:13:GCodeResult GCodes::LoadHeightMap(GCodeBuffer&, const StringRef&)	304	static
RepRapFirmware/src/GCodes/GCodes6.cpp:486:13:GCodeResult GCodes::LoadProbePointsMap(GCodeBuffer&, const StringRef&)	304	static
RepRapFirmware/src/GCodes/GCodes6.cpp:543:13:GCodeResult GCodes::StraightProbe(GCodeBuffer&, const StringRef&)	144	static
RepRapFirmware/src/GCodes/GCodes6.cpp:661:8:size_t GCodes::FindAxisLetter(GCodeBuffer&)	32	static
RepRapFirmware/src/GCodes/GCodes6.cpp:679:13:GCodeResult GCodes::ProbeTool(GCodeBuffer&, const StringRef&)	48	static
RepRapFirmware/src/GCodes/GCodes6.cpp:739:6:bool GCodes::SetupM585ProbingMove(GCodeBuffer&)	32	static
RepRapFirmware/src/GCodes/GCodes6.cpp:778:13:GCodeResult GCodes::FindCenterOfCavity(GCodeBuffer&, const StringRef&)	40	static
RepRapFirmware/src/GCodes/GCodes6.cpp:813:6:bool GCodes::SetupM675ProbingMove(GCodeBuffer&, bool)	40	static
RepRapFirmware/src/GCodes/GCodes6.cpp:841:6:void GCodes::SetupM675BackoffMove(GCodeBuffer&, float)	24	static
RepRapFirmware/src/GCodes/GCodes6.cpp:857:13:GCodeResult GCodes::HandleM558Point1or2(GCodeBuffer&, const StringRef&, unsigned int)	48	static
RepRapFirmware/src/GCodes/GCodes6.cpp:922:6:void GCodes::CheckIfMoreTapsNeeded(GCodeBuffer&, const ZProbe&)	8	static
RepRapFirmware/src/GCodes/GCodes6.cpp:955:1:cpp)	0	static
