./RRFLibraries/src/General/function_ref.h:66:45:) [with Callable = GCodes::SaveResumeInfo(bool)::<lambda(unsigned int, unsigned int)>; RetType = void; Params = {unsigned int, unsigned int}]	0	static
./RRFLibraries/src/General/function_ref.h:66:45:) [with Callable = GCodes::SaveMoveStateResumeInfo(const MovementState&, FileStore*, const char*, const StringRef&)::<lambda(unsigned int, unsigned int)>; RetType = bool; Params = {unsigned int, unsigned int}]	0	static
./RRFLibraries/src/General/function_ref.h:66:45:) [with Callable = GCodes::RetractFilament(GCodeBuffer&, bool)::<lambda(unsigned int, unsigned int)>; RetType = bool; Params = {unsigned int, unsigned int}]	0	static
./RRFLibraries/src/General/Bitmap.h:340:24:bool Bitmap<T>::IterateWhile(function_ref_noexcept<bool(unsigned int, unsigned int) noexcept>) const [with T = long unsigned int]	32	static
./RRFLibraries/src/General/Bitmap.h:312:24:void Bitmap<T>::Iterate(function_ref_noexcept<void(unsigned int, unsigned int) noexcept>) const [with T = long unsigned int]	32	static
./RRFLibraries/src/General/function_ref.h:66:45:) [with Callable = GCodes::AppendAxes(const StringRef&, AxesBitmap) const::<lambda(unsigned int, unsigned int)>; RetType = void; Params = {unsigned int, unsigned int}]	0	static
./RRFLibraries/src/General/function_ref.h:66:45:) [with Callable = GCodes::RetractFilament(GCodeBuffer&, bool)::<lambda(unsigned int, unsigned int)>; RetType = void; Params = {unsigned int, unsigned int}]	0	static
RepRapFirmware/src/GCodes/GCodeChannel.h:20:1:const char* GCodeChannel::ToString() const	0	static
./RepRapFirmware/src/Storage/FileData.h:63:7:bool FileData::Close()	8	static
./RRFLibraries/src/RTOSIface/RTOSIface.h:358:14:bool RTOSIface::LeaveTaskCriticalSection()	8	static
./RRFLibraries/src/General/function_ref.h:66:45:) [with Callable = GCodes::SaveMoveStateResumeInfo(const MovementState&, FileStore*, const char*, const StringRef&)::<lambda(unsigned int, unsigned int)>; RetType = bool; Params = {unsigned int, unsigned int}]	0	static
./RRFLibraries/src/General/Bitmap.h:240:29:static constexpr Bitmap<T> Bitmap<T>::MakeLowestNBits(unsigned int) [with T = long unsigned int]	0	static
./RRFLibraries/src/RTOSIface/RTOSIface.h:479:2:ReadLocker::~ReadLocker()	8	static
RepRapFirmware/src/GCodes/GCodeBuffer/GCodeBuffer.h:248:7:bool GCodeBuffer::IsFileChannel() const	0	static
RepRapFirmware/src/GCodes/GCodeBuffer/GCodeBuffer.h:389:13:bool GCodeBuffer::IsDoingFileMacro() const	0	static
RepRapFirmware/src/GCodes/GCodeBuffer/GCodeBuffer.h:417:13:void GCodeBuffer::SetState(GCodeState)	0	static
RepRapFirmware/src/GCodes/GCodeBuffer/GCodeBuffer.h:440:13:bool GCodeBuffer::IsDoingFile() const	8	static
RepRapFirmware/src/GCodes/GCodes.cpp:55:6:static void GCodes::CommandEmergencyStop(AsyncSerial*)	0	static
RepRapFirmware/src/GCodes/GCodes.cpp:61:1:GCodes::GCodes(Platform&)	40	static
RepRapFirmware/src/GCodes/GCodes.cpp:163:6:void GCodes::Exit()	0	static
RepRapFirmware/src/GCodes/GCodes.cpp:310:6:bool GCodes::DoingFileMacro() const	16	static
RepRapFirmware/src/GCodes/GCodes.cpp:323:6:bool GCodes::WaitingForAcknowledgement() const	0	static
RepRapFirmware/src/GCodes/GCodes.cpp:335:14:FilePosition GCodes::GetPrintingFilePosition() const	0	static
RepRapFirmware/src/GCodes/GCodes.cpp:356:6:bool GCodes::IsTriggerBusy() const	8	static
RepRapFirmware/src/GCodes/GCodes.cpp:362:6:void GCodes::CheckFinishedRunningConfigFile(GCodeBuffer&)	24	static
RepRapFirmware/src/GCodes/GCodes.cpp:1084:6:void GCodes::CheckForDeferredPause(GCodeBuffer&)	16	static
RepRapFirmware/src/GCodes/GCodes.cpp:1096:6:bool GCodes::IsReallyPrinting() const	8	static
RepRapFirmware/src/GCodes/GCodes.cpp:1108:6:bool GCodes::IsReallyPrintingOrResuming() const	0	static
RepRapFirmware/src/GCodes/GCodes.cpp:1116:6:bool GCodes::IsCancellingPrint() const	0	static
RepRapFirmware/src/GCodes/GCodes.cpp:1133:6:bool GCodes::IsHeatingUp() const	0	static
RepRapFirmware/src/GCodes/GCodes.cpp:1139:6:void GCodes::CancelWaitForTemperatures(bool)	24	static
RepRapFirmware/src/GCodes/GCodes.cpp:1292:6:bool GCodes::LowVoltageResume()	8	static
RepRapFirmware/src/GCodes/GCodes.cpp:1639:6:void GCodes::Diagnostics(MessageType)	88	static
RepRapFirmware/src/GCodes/GCodes.cpp:1671:14:GCodeBuffer* GCodes::GetFileGCode(unsigned int) const	0	static
RepRapFirmware/src/GCodes/GCodes.cpp:1443:6:bool GCodes::SaveMoveStateResumeInfo(const MovementState&, FileStore*, const char*, const StringRef&)	112	static
RepRapFirmware/src/GCodes/GCodes.cpp:1798:6:void GCodes::Pop(GCodeBuffer&, bool)	16	static
RepRapFirmware/src/GCodes/GCodes.cpp:1810:6:void GCodes::LoadExtrusionAndFeedrateFromGCode(GCodeBuffer&, MovementState&, bool)	136	static
RepRapFirmware/src/GCodes/GCodes.cpp:1999:6:bool GCodes::CheckEnoughAxesHomed(AxesBitmap)	8	static
RepRapFirmware/src/GCodes/GCodes.cpp:2006:6:bool GCodes::IsUsingMeshCompensation(const MovementState&, ParameterLettersBitmap) const	16	static
RepRapFirmware/src/GCodes/GCodes.cpp:2969:6:bool GCodes::ReadMove(MovementSystemNumber, RawMove&)	64	static
RepRapFirmware/src/GCodes/GCodes.cpp:3101:6:void GCodes::NewSingleSegmentMoveAvailable(MovementState&)	0	static
RepRapFirmware/src/GCodes/GCodes.cpp:3111:6:void GCodes::NewMoveAvailable(MovementState&)	0	static
RepRapFirmware/src/GCodes/GCodes.cpp:2896:6:void GCodes::FinaliseMove(GCodeBuffer&, MovementState&)	24	static
RepRapFirmware/src/GCodes/GCodes.cpp:3273:6:bool GCodes::GetMacroRestarted() const	0	static
RepRapFirmware/src/GCodes/GCodes.cpp:3279:6:void GCodes::FileMacroCyclesReturn(GCodeBuffer&)	16	static
RepRapFirmware/src/GCodes/GCodes.cpp:3387:6:bool GCodes::QueueFileToPrint(const char*, const StringRef&)	32	static
RepRapFirmware/src/GCodes/GCodes.cpp:3521:25:ReadLockedPointer<Tool> GCodes::GetSpecifiedOrCurrentTool(GCodeBuffer&)	16	static
RepRapFirmware/src/GCodes/GCodes.cpp:3874:6:bool GCodes::ChangeMicrostepping(size_t, unsigned int, bool, const StringRef&) const	40	static
RepRapFirmware/src/GCodes/GCodes.cpp:3889:6:void GCodes::SetMappedFanSpeed(const GCodeBuffer*, float)	0	static
RepRapFirmware/src/GCodes/GCodes.cpp:3913:6:void GCodes::HandleReplyPreserveResult(GCodeBuffer&, GCodeResult, const char*)	40	static
RepRapFirmware/src/GCodes/GCodes.cpp:3905:6:void GCodes::HandleReply(GCodeBuffer&, GCodeResult, const char*)	0	static
RepRapFirmware/src/GCodes/GCodes.cpp:4029:6:void GCodes::HandleReply(GCodeBuffer&, OutputBuffer*)	32	static
RepRapFirmware/src/GCodes/GCodes.cpp:4116:6:void GCodes::SetToolHeaters(const GCodeBuffer&, Tool*, float)	24	static
RepRapFirmware/src/GCodes/GCodes.cpp:4315:7:float GCodes::GetRawExtruderTotalByDrive(size_t) const	0	static
RepRapFirmware/src/GCodes/GCodes.cpp:4479:6:bool GCodes::ToolHeatersAtSetTemperatures(const Tool*, bool, float, bool) const	32	static
RepRapFirmware/src/GCodes/GCodes.cpp:4516:6:void GCodes::SavePosition(const GCodeBuffer&, unsigned int)	24	static
RepRapFirmware/src/GCodes/GCodes.cpp:4523:6:void GCodes::RestorePosition(const RestorePoint&, GCodeBuffer*)	16	static
RepRapFirmware/src/GCodes/GCodes.cpp:4550:6:void GCodes::ToolOffsetTransform(const MovementState&, const float*, float*, AxesBitmap) const	48	static
RepRapFirmware/src/GCodes/GCodes.cpp:4588:6:void GCodes::ToolOffsetTransform(MovementState&, AxesBitmap) const	16	static
RepRapFirmware/src/GCodes/GCodes.cpp:799:6:void GCodes::EndSimulation(GCodeBuffer*)	24	static
RepRapFirmware/src/GCodes/GCodes.cpp:4595:6:void GCodes::ToolOffsetInverseTransform(const MovementState&, const float*, float*) const	56	static
RepRapFirmware/src/GCodes/GCodes.cpp:4652:6:void GCodes::ToolOffsetInverseTransform(MovementState&) const	0	static
RepRapFirmware/src/GCodes/GCodes.cpp:4503:6:void GCodes::UpdateUserPositionFromMachinePosition(const GCodeBuffer&, MovementState&)	24	static
RepRapFirmware/src/GCodes/GCodes.cpp:4495:6:void GCodes::UpdateCurrentUserPosition(const GCodeBuffer&)	24	static
RepRapFirmware/src/GCodes/GCodes.cpp:208:6:void GCodes::Reset()	24	static
RepRapFirmware/src/GCodes/GCodes.cpp:858:6:void GCodes::DoEmergencyStop()	8	static
RepRapFirmware/src/GCodes/GCodes.cpp:4658:7:float GCodes::GetUserCoordinate(const MovementState&, size_t) const	8	static
RepRapFirmware/src/GCodes/GCodes.cpp:3338:6:void GCodes::HandleM114(GCodeBuffer&, const StringRef&) const	176	static
RepRapFirmware/src/GCodes/GCodes.cpp:4663:6:bool GCodes::AllAxesAreHomed() const	8	static
RepRapFirmware/src/GCodes/GCodes.cpp:4670:6:void GCodes::SetAxisIsHomed(unsigned int)	0	static
RepRapFirmware/src/GCodes/GCodes.cpp:4681:6:void GCodes::SetAxisNotHomed(unsigned int)	16	static
RepRapFirmware/src/GCodes/GCodes.cpp:4697:6:void GCodes::SetAllAxesNotHomed()	8	static
RepRapFirmware/src/GCodes/GCodes.cpp:3306:13:GCodeResult GCodes::DoHome(GCodeBuffer&, const StringRef&)	24	static
RepRapFirmware/src/GCodes/GCodes.cpp:3868:6:void GCodes::DisableDrives()	8	static
RepRapFirmware/src/GCodes/GCodes.cpp:168:6:void GCodes::Init()	16	static
RepRapFirmware/src/GCodes/GCodes.cpp:4817:6:void GCodes::GenerateTemperatureReport(const GCodeBuffer&, const StringRef&) const	40	static
RepRapFirmware/src/GCodes/GCodes.cpp:4920:15:OutputBuffer* GCodes::GenerateJsonStatusResponse(int, int, ResponseSource) const	16	static
RepRapFirmware/src/GCodes/GCodes.cpp:4871:6:void GCodes::CheckReportDue(GCodeBuffer&, const StringRef&) const	24	static
RepRapFirmware/src/GCodes/GCodes.cpp:4955:6:void GCodes::StartToolChange(GCodeBuffer&, MovementState&, uint8_t)	8	static
RepRapFirmware/src/GCodes/GCodes.cpp:4962:6:void GCodes::SetMoveBufferDefaults(MovementState&)	16	static
RepRapFirmware/src/GCodes/GCodes.cpp:4972:6:bool GCodes::LockResource(const GCodeBuffer&, Resource)	0	static
RepRapFirmware/src/GCodes/GCodes.cpp:1705:6:bool GCodes::LockMovementSystemAndWaitForStandstill(GCodeBuffer&, MovementSystemNumber)	32	static
RepRapFirmware/src/GCodes/GCodes.cpp:1677:6:bool GCodes::LockCurrentMovementSystemAndWaitForStandstill(GCodeBuffer&)	0	static
RepRapFirmware/src/GCodes/GCodes.cpp:2947:6:bool GCodes::TravelToStartPoint(GCodeBuffer&)	32	static
RepRapFirmware/src/GCodes/GCodes.cpp:4988:6:void GCodes::GrabResource(const GCodeBuffer&, Resource)	0	static
RepRapFirmware/src/GCodes/GCodes.cpp:4999:6:bool GCodes::LockFileSystem(const GCodeBuffer&)	0	static
RepRapFirmware/src/GCodes/GCodes.cpp:5009:6:bool GCodes::LockMovement(const GCodeBuffer&)	0	static
RepRapFirmware/src/GCodes/GCodes.cpp:3546:13:GCodeResult GCodes::SetOrReportOffsets(GCodeBuffer&, const StringRef&, int)	200	static
RepRapFirmware/src/GCodes/GCodes.cpp:5045:6:void GCodes::GrabMovement(const GCodeBuffer&)	16	static
RepRapFirmware/src/GCodes/GCodes.cpp:1153:6:bool GCodes::DoEmergencyPause()	32	static
RepRapFirmware/src/GCodes/GCodes.cpp:1241:6:bool GCodes::LowVoltagePause()	16	static
RepRapFirmware/src/GCodes/GCodes.cpp:5056:6:void GCodes::UnlockResource(const GCodeBuffer&, Resource)	0	static
RepRapFirmware/src/GCodes/GCodes.cpp:5029:6:void GCodes::UnlockMovementFrom(const GCodeBuffer&, MovementSystemNumber)	16	static
RepRapFirmware/src/GCodes/GCodes.cpp:5039:6:void GCodes::UnlockMovement(const GCodeBuffer&)	0	static
RepRapFirmware/src/GCodes/GCodes.cpp:1683:6:bool GCodes::LockAllMovementSystemsAndWaitForStandstill(GCodeBuffer&)	16	static
RepRapFirmware/src/GCodes/GCodes.cpp:5015:6:bool GCodes::LockAllMovement(const GCodeBuffer&)	16	static
RepRapFirmware/src/GCodes/GCodes.cpp:5067:6:void GCodes::UnlockAll(const GCodeBuffer&)	20	static
RepRapFirmware/src/GCodes/GCodes.cpp:3485:13:GCodeResult GCodes::DoDwell(GCodeBuffer&)	24	static
RepRapFirmware/src/GCodes/GCodes.cpp:4324:6:void GCodes::StopPrint(GCodeBuffer*, StopPrintReason)	72	static
RepRapFirmware/src/GCodes/GCodes.cpp:3120:6:void GCodes::AbortPrint(GCodeBuffer&)	16	static
RepRapFirmware/src/GCodes/GCodes.cpp:866:6:void GCodes::EmergencyStop()	16	static
RepRapFirmware/src/GCodes/GCodes.cpp:1786:6:bool GCodes::Push(GCodeBuffer&, bool)	24	static
RepRapFirmware/src/GCodes/GCodes.cpp:3158:6:bool GCodes::DoFileMacro(GCodeBuffer&, const char*, bool, int, VariableSet&)	40	static
RepRapFirmware/src/GCodes/GCodes.cpp:3138:6:bool GCodes::DoFileMacro(GCodeBuffer&, const char*, bool, int)	32	static
RepRapFirmware/src/GCodes/GCodes.cpp:345:6:bool GCodes::RunConfigFile(const char*, bool)	24	static
RepRapFirmware/src/GCodes/GCodes.cpp:3403:6:void GCodes::StartPrinting(bool)	32	static
RepRapFirmware/src/GCodes/GCodes.cpp:3144:6:bool GCodes::DoFileMacroWithParameters(GCodeBuffer&, const char*, bool, int)	48	static
RepRapFirmware/src/GCodes/GCodes.cpp:5088:6:void GCodes::AppendAxes(const StringRef&, AxesBitmap) const	24	static
RepRapFirmware/src/GCodes/GCodes.cpp:5094:13:const char* GCodes::GetMachineModeString() const	0	static
RepRapFirmware/src/GCodes/GCodes.cpp:5110:7:float GCodes::GetExtrusionFactor(size_t)	0	static
RepRapFirmware/src/GCodes/GCodes.cpp:5115:8:size_t GCodes::GetAxisNumberForLetter(char) const	8	static
RepRapFirmware/src/GCodes/GCodes.cpp:5127:7:Pwm_t GCodes::ConvertLaserPwm(float) const	8	static
RepRapFirmware/src/GCodes/GCodes.cpp:5132:6:void GCodes::ActivateHeightmap(bool)	32	static
RepRapFirmware/src/GCodes/GCodes.cpp:5149:6:bool GCodes::CheckNetworkCommandAllowed(GCodeBuffer&, const StringRef&, GCodeResult&)	8	static
RepRapFirmware/src/GCodes/GCodes.cpp:5172:16:MovementState& GCodes::GetMovementState(const GCodeBuffer&)	0	static
RepRapFirmware/src/GCodes/GCodes.cpp:5178:22:const MovementState& GCodes::GetConstMovementState(const GCodeBuffer&) const	0	static
RepRapFirmware/src/GCodes/GCodes.cpp:5183:22:const MovementState& GCodes::GetCurrentMovementState(const ObjectExplorationContext&) const	0	static
RepRapFirmware/src/GCodes/GCodes.cpp:5200:6:void GCodes::AllocateAxes(const GCodeBuffer&, MovementState&, AxesBitmap, ParameterLettersBitmap)	24	static
RepRapFirmware/src/GCodes/GCodes.cpp:4131:13:GCodeResult GCodes::RetractFilament(GCodeBuffer&, bool)	72	static
RepRapFirmware/src/GCodes/GCodes.cpp:5225:6:void GCodes::AllocateAxisLetters(const GCodeBuffer&, MovementState&, ParameterLettersBitmap)	48	static
RepRapFirmware/src/GCodes/GCodes.cpp:2489:6:bool GCodes::DoArcMove(GCodeBuffer&, bool)	192	static
RepRapFirmware/src/GCodes/GCodes.cpp:5267:6:void GCodes::AllocateAxesDirectFromLetters(const GCodeBuffer&, MovementState&, ParameterLettersBitmap)	32	static
RepRapFirmware/src/GCodes/GCodes.cpp:2022:6:bool GCodes::DoStraightMove(GCodeBuffer&, bool)	224	static
RepRapFirmware/src/GCodes/GCodes.cpp:5283:6:bool GCodes::IsAxisFree(unsigned int) const	0	static
RepRapFirmware/src/GCodes/GCodes.cpp:5397:6:void GCodes::UpdateAllCoordinates(const GCodeBuffer&)	24	static
RepRapFirmware/src/GCodes/GCodes.cpp:5297:6:bool GCodes::SyncWith(GCodeBuffer&, const GCodeBuffer&)	24	static
RepRapFirmware/src/GCodes/GCodes.cpp:5388:6:bool GCodes::DoSync(GCodeBuffer&)	4	static
RepRapFirmware/src/GCodes/GCodes.cpp:608:6:bool GCodes::DoFilePrint(GCodeBuffer&, const StringRef&)	32	static
RepRapFirmware/src/GCodes/GCodes.cpp:520:6:bool GCodes::StartNextGCode(GCodeBuffer&, const StringRef&)	32	static
RepRapFirmware/src/GCodes/GCodes.cpp:462:6:bool GCodes::SpinGCodeBuffer(GCodeBuffer&)	304	static
RepRapFirmware/src/GCodes/GCodes.cpp:5411:13:GCodeResult GCodes::StartSDTiming(GCodeBuffer&, const StringRef&)	40	static
RepRapFirmware/src/GCodes/GCodes.cpp:5436:6:void GCodes::SetPrimarySpeedFactor(float)	0	static
RepRapFirmware/src/GCodes/GCodes.cpp:5442:6:void GCodes::SetExtrusionFactor(size_t, float)	0	static
RepRapFirmware/src/GCodes/GCodes.cpp:5451:6:bool GCodes::ProcessCommandFromLcd(const char*)	16	static
RepRapFirmware/src/GCodes/GCodes.cpp:5461:5:int GCodes::GetHeaterNumber(unsigned int) const	16	static
RepRapFirmware/src/GCodes/GCodes.cpp:5475:7:float GCodes::GetItemCurrentTemperature(unsigned int) const	8	static
RepRapFirmware/src/GCodes/GCodes.cpp:5480:7:float GCodes::GetItemActiveTemperature(unsigned int) const	24	static
RepRapFirmware/src/GCodes/GCodes.cpp:5491:7:float GCodes::GetItemStandbyTemperature(unsigned int) const	24	static
RepRapFirmware/src/GCodes/GCodes.cpp:5502:6:void GCodes::SetItemActiveTemperature(unsigned int, float)	48	static
RepRapFirmware/src/GCodes/GCodes.cpp:5528:6:void GCodes::SetItemStandbyTemperature(unsigned int, float)	24	static
RepRapFirmware/src/GCodes/GCodes.cpp:5545:6:bool GCodes::EvaluateConditionForDisplay(const char*) const	168	static
RepRapFirmware/src/GCodes/GCodes.cpp:5559:6:bool GCodes::EvaluateValueForDisplay(const char*, ExpressionValue&) const	176	static
./RRFLibraries/src/General/String.h:98:26:) [with unsigned int Len = 20]	20	static
./RRFLibraries/src/General/String.h:98:26:) [with unsigned int Len = 256]	20	static
RepRapFirmware/src/GCodes/GCodes.cpp:4290:13:GCodeResult GCodes::UnloadFilament(GCodeBuffer&, const StringRef&)	288	static
RepRapFirmware/src/GCodes/GCodes.cpp:4233:13:GCodeResult GCodes::LoadFilament(GCodeBuffer&, const StringRef&)	336	static
./RRFLibraries/src/General/String.h:107:26:) [with unsigned int Len = 256]	20	static
RepRapFirmware/src/GCodes/GCodes.cpp:1310:6:void GCodes::SaveResumeInfo(bool)	552	static
RepRapFirmware/src/GCodes/GCodes.cpp:886:6:bool GCodes::DoSynchronousPause(GCodeBuffer&, PrintPausedReason, GCodeState)	64	static
RepRapFirmware/src/GCodes/GCodes.cpp:948:6:bool GCodes::DoAsynchronousPause(GCodeBuffer&, PrintPausedReason, GCodeState)	56	static
RepRapFirmware/src/GCodes/GCodes.cpp:813:6:void GCodes::CheckTriggers()	56	static
./RRFLibraries/src/General/Bitmap.h:358:29:static Bitmap<T> Bitmap<T>::MakeFromArray(const uint32_t*, size_t) [with T = long unsigned int]	8	static
RepRapFirmware/src/GCodes/GCodes.cpp:3697:13:GCodeResult GCodes::ManageTool(GCodeBuffer&, const StringRef&)	320	static
./RRFLibraries/src/General/String.h:107:26:) [with unsigned int Len = 120]	20	static
RepRapFirmware/src/GCodes/GCodes.cpp:4795:6:bool GCodes::WriteConfigOverrideHeader(FileStore*) const	208	static
RepRapFirmware/src/GCodes/GCodes.cpp:4712:13:GCodeResult GCodes::WriteConfigOverrideFile(GCodeBuffer&, const StringRef&) const	48	static
RepRapFirmware/src/GCodes/GCodes.cpp:5572:1:cpp)	0	static
RepRapFirmware/src/GCodes/GCodes.cpp:382:6:void GCodes::Spin()	16	static
