./RRFLibraries/src/General/Bitmap.h:312:24:void Bitmap<T>::Iterate(function_ref_noexcept<void(unsigned int, unsigned int) noexcept>) const [with T = long unsigned int]	32	static
./RRFLibraries/src/General/function_ref.h:66:45:) [with Callable = GCodes::RunStateMachine(GCodeBuffer&, const StringRef&)::<lambda(unsigned int, unsigned int)>; RetType = void; Params = {unsigned int, unsigned int}]	0	static
./RRFLibraries/src/General/function_ref.h:66:45:) [with Callable = GCodes::RunStateMachine(GCodeBuffer&, const StringRef&)::<lambda(unsigned int, unsigned int)>; RetType = void; Params = {unsigned int, unsigned int}]	0	static
./RRFLibraries/src/General/function_ref.h:66:45:) [with Callable = GCodes::RunStateMachine(GCodeBuffer&, const StringRef&)::<lambda(unsigned int, unsigned int)>; RetType = void; Params = {unsigned int, unsigned int}]	0	static
./RRFLibraries/src/General/function_ref.h:66:45:) [with Callable = GCodes::RunStateMachine(GCodeBuffer&, const StringRef&)::<lambda(unsigned int, unsigned int)>; RetType = void; Params = {unsigned int, unsigned int}]	16	static
./RRFLibraries/src/RTOSIface/RTOSIface.h:479:2:ReadLocker::~ReadLocker()	8	static
RepRapFirmware/src/GCodes/GCodeBuffer/GCodeBuffer.h:417:13:void GCodeBuffer::SetState(GCodeState)	0	static
RepRapFirmware/src/GCodes/GCodeBuffer/GCodeBuffer.h:428:13:void GCodeBuffer::AdvanceState()	0	static
./RRFLibraries/src/General/String.h:98:26:) [with unsigned int Len = 20]	20	static
./RRFLibraries/src/General/String.h:98:26:) [with unsigned int Len = 256]	20	static
RepRapFirmware/src/GCodes/GCodes4.cpp:1912:6:void GCodes::DoStraightManualProbe(GCodeBuffer&, const StraightProbeSettings&)	288	static
RepRapFirmware/src/GCodes/GCodes4.cpp:29:6:void GCodes::RunStateMachine(GCodeBuffer&, const StringRef&)	240	static
RepRapFirmware/src/GCodes/GCodes4.cpp:1917:1:cpp)	0	static
