./RepRapFirmware/src/Storage/FileData.h:63:7:bool FileData::Close()	8	static
./RRFLibraries/src/RTOSIface/RTOSIface.h:358:14:bool RTOSIface::LeaveTaskCriticalSection()	8	static
RepRapFirmware/src/GCodes/GCodeMachineState.cpp:155:1:GCodeMachineState::~GCodeMachineState()	24	static
RepRapFirmware/src/GCodes/GCodeMachineState.cpp:169:6:bool GCodeMachineState::CanRestartMacro() const	0	static
RepRapFirmware/src/GCodes/GCodeMachineState.cpp:186:6:void GCodeMachineState::SetFileExecuting()	0	static
RepRapFirmware/src/GCodes/GCodeMachineState.cpp:205:6:bool GCodeMachineState::DoingFile() const	0	static
RepRapFirmware/src/GCodes/GCodeMachineState.cpp:221:6:void GCodeMachineState::CloseFile()	0	static
RepRapFirmware/src/GCodes/GCodeMachineState.cpp:248:6:void GCodeMachineState::WaitForAcknowledgement(uint32_t)	8	static
RepRapFirmware/src/GCodes/GCodeMachineState.cpp:262:6:void GCodeMachineState::CopyStateFrom(const GCodeMachineState&)	0	static
RepRapFirmware/src/GCodes/GCodeMachineState.cpp:274:6:void GCodeMachineState::SetError(const char*)	0	static
RepRapFirmware/src/GCodes/GCodeMachineState.cpp:283:6:void GCodeMachineState::SetError(const GCodeException&)	8	static
RepRapFirmware/src/GCodes/GCodeMachineState.cpp:292:6:void GCodeMachineState::SetWarning(const char*)	0	static
RepRapFirmware/src/GCodes/GCodeMachineState.cpp:302:6:void GCodeMachineState::RetrieveStateMachineResult(const GCodeBuffer&, const StringRef&, GCodeResult&) const	8	static
RepRapFirmware/src/GCodes/GCodeMachineState.cpp:314:20:GCodeMachineState* GCodeMachineState::Pop() const	16	static
RepRapFirmware/src/GCodes/GCodeMachineState.cpp:325:6:void GCodeMachineState::SetState(GCodeState)	0	static
RepRapFirmware/src/GCodes/GCodeMachineState.cpp:336:9:int32_t GCodeMachineState::GetIterations() const	0	static
RepRapFirmware/src/GCodes/GCodeMachineState.cpp:356:6:void GCodeMachineState::EndBlock()	16	static
RepRapFirmware/src/GCodes/GCodeMachineState.cpp:368:6:void GCodeMachineState::ClearBlocks()	8	static
./RRFLibraries/src/General/FreelistManager.h:34:28:static void* FreelistManager::Freelist<Sz>::AllocateItem() [with unsigned int Sz = 24]	8	static
RepRapFirmware/src/GCodes/GCodeMachineState.cpp:15:1:GCodeMachineState::GCodeMachineState()	16	static
RepRapFirmware/src/GCodes/GCodeMachineState.cpp:40:1:GCodeMachineState::GCodeMachineState(GCodeMachineState&, bool)	24	static
RepRapFirmware/src/GCodes/GCodeMachineState.cpp:94:1:GCodeMachineState::GCodeMachineState(GCodeMachineState&, GCodeMachineState*, unsigned int, unsigned int)	32	static
RepRapFirmware/src/GCodes/GCodeMachineState.cpp:382:20:GCodeMachineState* GCodeMachineState::ForkChain()	24	static
RepRapFirmware/src/GCodes/GCodeMachineState.cpp:349:6:void GCodeMachineState::CreateBlock(uint16_t)	16	static
RepRapFirmware/src/GCodes/GCodeMachineState.cpp:386:1:cpp)	0	static
