RepRapFirmware/src/GCodes/GCodes5.cpp:17:6:bool GCodes::IsHeaterUsedByDifferentCurrentTool(int, const Tool*) const	24	static
RepRapFirmware/src/GCodes/GCodes5.cpp:30:6:void GCodes::ReportToolTemperatures(const StringRef&, const Tool*, bool) const	64	static
RepRapFirmware/src/GCodes/GCodes5.cpp:61:13:GCodeResult GCodes::ExecuteM400(GCodeBuffer&, const StringRef&)	32	static
RepRapFirmware/src/GCodes/GCodes5.cpp:97:13:GCodeResult GCodes::SelectMovementQueue(GCodeBuffer&, const StringRef&)	16	static
RepRapFirmware/src/GCodes/GCodes5.cpp:114:13:GCodeResult GCodes::CollisionAvoidance(GCodeBuffer&, const StringRef&)	56	static
RepRapFirmware/src/GCodes/GCodes5.cpp:170:13:GCodeResult GCodes::SyncMovementSystems(GCodeBuffer&, const StringRef&)	0	static
RepRapFirmware/src/GCodes/GCodes5.cpp:176:13:GCodeResult GCodes::ForkInputReader(GCodeBuffer&, const StringRef&)	16	static
RepRapFirmware/src/GCodes/GCodes5.cpp:206:13:GCodeResult GCodes::DefineKeepoutZone(GCodeBuffer&, const StringRef&)	32	static
RepRapFirmware/src/GCodes/GCodes5.cpp:320:6:void GCodes::ChangeToObject(GCodeBuffer&, int)	24	static
RepRapFirmware/src/GCodes/GCodes5.cpp:302:6:void GCodes::StartObject(GCodeBuffer&, const char*)	16	static
RepRapFirmware/src/GCodes/GCodes5.cpp:312:6:void GCodes::StopObject(GCodeBuffer&)	0	static
RepRapFirmware/src/GCodes/GCodes5.cpp:218:13:GCodeResult GCodes::HandleM486(GCodeBuffer&, const StringRef&, OutputBuffer*&)	152	static
RepRapFirmware/src/GCodes/GCodes5.cpp:336:13:GCodeResult GCodes::ConfigureAccelerations(GCodeBuffer&, const StringRef&)	40	static
RepRapFirmware/src/GCodes/GCodes5.cpp:372:6:bool GCodes::WriteToolSettings(FileStore*, const StringRef&) const	24	static
./RRFLibraries/src/General/String.h:107:26:) [with unsigned int Len = 256]	20	static
RepRapFirmware/src/GCodes/GCodes5.cpp:385:6:bool GCodes::WriteToolParameters(FileStore*, bool) const	328	static
RepRapFirmware/src/GCodes/GCodes5.cpp:413:1:cpp)	0	static
