./RRFLibraries/src/General/function_ref.h:66:45:) [with Callable = GCodes::WaitForPin(GCodeBuffer&, const StringRef&)::<lambda(unsigned int, unsigned int)>; RetType = bool; Params = {unsigned int, unsigned int}]	8	static
./RRFLibraries/src/General/function_ref.h:66:45:) [with Callable = GCodes::WaitForPin(GCodeBuffer&, const StringRef&)::<lambda(unsigned int, unsigned int)>; RetType = bool; Params = {unsigned int, unsigned int}]	8	static
./RepRapFirmware/src/RepRapFirmware.h:492:27:constexpr uint32_t ParameterLettersToBits(const char*)	8	static
./RepRapFirmware/src/ObjectModel/Variable.h:52:7:void VariableSet::InsertNewParameter(const char*, ExpressionValue)	24	static
RepRapFirmware/src/GCodes/GCodeBuffer/GCodeBuffer.h:91:7:bool GCodeBuffer::SeenAny(const char*) const	16	static
RepRapFirmware/src/GCodes/GCodeBuffer/GCodeBuffer.h:163:7:bool GCodeBuffer::Executing() const	0	static
RepRapFirmware/src/GCodes/GCodes3.cpp:53:13:GCodeResult GCodes::SavePosition(GCodeBuffer&, const StringRef&)	32	static
RepRapFirmware/src/GCodes/GCodes3.cpp:65:13:GCodeResult GCodes::SetPositions(GCodeBuffer&, const StringRef&)	64	static
RepRapFirmware/src/GCodes/GCodes3.cpp:159:13:GCodeResult GCodes::OffsetAxes(GCodeBuffer&, const StringRef&)	64	static
RepRapFirmware/src/GCodes/GCodes3.cpp:198:13:GCodeResult GCodes::GetSetWorkplaceCoordinates(GCodeBuffer&, const StringRef&, bool)	184	static
RepRapFirmware/src/GCodes/GCodes3.cpp:285:13:GCodeResult GCodes::SimulateFile(GCodeBuffer&, const StringRef&, const StringRef&, bool)	56	static
RepRapFirmware/src/GCodes/GCodes3.cpp:328:13:GCodeResult GCodes::ChangeSimulationMode(GCodeBuffer&, const StringRef&, SimulationMode)	40	static
RepRapFirmware/src/GCodes/GCodes3.cpp:364:13:GCodeResult GCodes::WaitForPin(GCodeBuffer&, const StringRef&)	272	static
RepRapFirmware/src/GCodes/GCodes3.cpp:401:13:GCodeResult GCodes::ConfigureTrigger(GCodeBuffer&, const StringRef&)	16	static
RepRapFirmware/src/GCodes/GCodes3.cpp:408:13:GCodeResult GCodes::CheckTrigger(GCodeBuffer&, const StringRef&)	16	static
RepRapFirmware/src/GCodes/GCodes3.cpp:420:13:GCodeResult GCodes::DoDriveMapping(GCodeBuffer&, const StringRef&)	160	static
RepRapFirmware/src/GCodes/GCodes3.cpp:641:6:void GCodes::SwitchToExpansionMode()	24	static
RepRapFirmware/src/GCodes/GCodes3.cpp:665:13:GCodeResult GCodes::SetDateTime(GCodeBuffer&, const StringRef&)	104	static
RepRapFirmware/src/GCodes/GCodes3.cpp:724:13:GCodeResult GCodes::UpdateFirmware(GCodeBuffer&, const StringRef&)	176	static
RepRapFirmware/src/GCodes/GCodes3.cpp:836:13:GCodeResult GCodes::SendI2c(GCodeBuffer&, const StringRef&)	8	static
RepRapFirmware/src/GCodes/GCodes3.cpp:904:13:GCodeResult GCodes::ReceiveI2c(GCodeBuffer&, const StringRef&)	8	static
RepRapFirmware/src/GCodes/GCodes3.cpp:1049:13:GCodeResult GCodes::ConfigureLocalDriverBasicParameters(GCodeBuffer&, const StringRef&, uint8_t)	88	static
RepRapFirmware/src/GCodes/GCodes3.cpp:986:13:GCodeResult GCodes::ConfigureLocalDriver(GCodeBuffer&, const StringRef&, uint8_t)	56	static
RepRapFirmware/src/GCodes/GCodes3.cpp:946:13:GCodeResult GCodes::ConfigureDriver(GCodeBuffer&, const StringRef&)	56	dynamic
RepRapFirmware/src/GCodes/GCodes3.cpp:1267:13:GCodeResult GCodes::HandleG68(GCodeBuffer&, const StringRef&)	32	static
RepRapFirmware/src/GCodes/GCodes3.cpp:1322:6:void GCodes::RotateCoordinates(float, float*) const	40	static
RepRapFirmware/src/GCodes/GCodes3.cpp:1334:6:void GCodes::ChangeExtrusionFactor(unsigned int, float)	24	static
RepRapFirmware/src/GCodes/GCodes3.cpp:1382:6:bool GCodes::ProcessWholeLineComment(GCodeBuffer&, const StringRef&)	144	static
RepRapFirmware/src/GCodes/GCodes3.cpp:1507:13:GCodeResult GCodes::RaiseEvent(GCodeBuffer&, const StringRef&)	104	static
RepRapFirmware/src/GCodes/GCodes3.cpp:1540:6:void GCodes::ProcessEvent(GCodeBuffer&)	216	static
./RRFLibraries/src/General/String.h:98:26:) [with unsigned int Len = 100]	20	static
./RRFLibraries/src/General/String.h:107:26:) [with unsigned int Len = 100]	20	static
RepRapFirmware/src/GCodes/GCodes3.cpp:256:6:bool GCodes::WriteWorkplaceCoordinates(FileStore*) const	168	static
./RRFLibraries/src/General/String.h:98:26:) [with unsigned int Len = 20]	20	static
RepRapFirmware/src/GCodes/GCodes3.cpp:1347:6:void GCodes::DeployZProbe(GCodeBuffer&)	80	static
RepRapFirmware/src/GCodes/GCodes3.cpp:1365:6:void GCodes::RetractZProbe(GCodeBuffer&)	80	static
RepRapFirmware/src/GCodes/GCodes3.cpp:1592:1:cpp)	0	static
