./RepRapFirmware/src/ObjectModel/ObjectModel.h:324:35:virtual ReadWriteLock* ObjectModel::GetObjectLock(unsigned int) const	0	static
RepRapFirmware/src/GCodes/RestorePoint.cpp:27:3:static constexpr size_t RestorePoint::<lambda(const ObjectModel*, const ObjectExplorationContext&)>::_FUN(const ObjectModel*, const ObjectExplorationContext&)	0	static
RepRapFirmware/src/GCodes/RestorePoint.cpp:33:1:virtual const ObjectModelArrayTableEntry* RestorePoint::GetObjectModelArrayEntry(unsigned int) const	0	static
RepRapFirmware/src/GCodes/RestorePoint.cpp:39:17:static ExpressionValue RestorePoint::<lambda(const ObjectModel*, ObjectExplorationContext&)>::_FUN(const ObjectModel*, ObjectExplorationContext&)	0	static
RepRapFirmware/src/GCodes/RestorePoint.cpp:40:20:static ExpressionValue RestorePoint::<lambda(const ObjectModel*, ObjectExplorationContext&)>::_FUN(const ObjectModel*, ObjectExplorationContext&)	0	static
RepRapFirmware/src/GCodes/RestorePoint.cpp:41:17:static ExpressionValue RestorePoint::<lambda(const ObjectModel*, ObjectExplorationContext&)>::_FUN(const ObjectModel*, ObjectExplorationContext&)	0	static
RepRapFirmware/src/GCodes/RestorePoint.cpp:42:19:static ExpressionValue RestorePoint::<lambda(const ObjectModel*, ObjectExplorationContext&)>::_FUN(const ObjectModel*, ObjectExplorationContext&)	0	static
RepRapFirmware/src/GCodes/RestorePoint.cpp:51:20:static ExpressionValue RestorePoint::<lambda(const ObjectModel*, ObjectExplorationContext&)>::_FUN(const ObjectModel*, ObjectExplorationContext&)	0	static
RepRapFirmware/src/GCodes/RestorePoint.cpp:56:1:virtual const ObjectModelClassDescriptor* RestorePoint::GetObjectModelClassDescriptor() const	0	static
RepRapFirmware/src/GCodes/RestorePoint.h:14:7:RestorePoint::~RestorePoint()	0	static
RepRapFirmware/src/GCodes/RestorePoint.cpp:28:3:static ExpressionValue RestorePoint::<lambda(const ObjectModel*, ObjectExplorationContext&)>::_FUN(const ObjectModel*, ObjectExplorationContext&)	16	static
RepRapFirmware/src/GCodes/RestorePoint.h:14:7:virtual RestorePoint::~RestorePoint()	8	static
RepRapFirmware/src/GCodes/RestorePoint.cpp:48:18:static ExpressionValue RestorePoint::<lambda(const ObjectModel*, ObjectExplorationContext&)>::_FUN(const ObjectModel*, ObjectExplorationContext&)	0	static
RepRapFirmware/src/GCodes/RestorePoint.cpp:65:6:void RestorePoint::Init()	8	static
RepRapFirmware/src/GCodes/RestorePoint.cpp:60:1:RestorePoint::RestorePoint()	8	static
RepRapFirmware/src/GCodes/RestorePoint.cpp:86:1:cpp)	0	static
