./RRFLibraries/src/General/function_ref.h:66:45:) [with Callable = TriggerItem::AppendInputNames(AxesBitmap, InputPortsBitmap, const StringRef&)::<lambda(unsigned int, unsigned int)>; RetType = void; Params = {unsigned int, unsigned int}]	0	static
./RRFLibraries/src/General/function_ref.h:66:45:) [with Callable = TriggerItem::AppendInputNames(AxesBitmap, InputPortsBitmap, const StringRef&)::<lambda(unsigned int, unsigned int)>; RetType = void; Params = {unsigned int, unsigned int}]	0	static
./RRFLibraries/src/General/function_ref.h:66:45:) [with Callable = TriggerItem::Check()::<lambda(unsigned int, unsigned int)>; RetType = void; Params = {unsigned int, unsigned int}]	24	static
./RRFLibraries/src/General/function_ref.h:66:45:) [with Callable = TriggerItem::Check()::<lambda(unsigned int, unsigned int)>; RetType = void; Params = {unsigned int, unsigned int}]	16	static
./RRFLibraries/src/General/Bitmap.h:312:24:void Bitmap<T>::Iterate(function_ref_noexcept<void(unsigned int, unsigned int) noexcept>) const [with T = long unsigned int]	32	static
RepRapFirmware/src/GCodes/TriggerItem.cpp:14:1:TriggerItem::TriggerItem()	12	static
RepRapFirmware/src/GCodes/TriggerItem.cpp:19:6:void TriggerItem::Init()	12	static
RepRapFirmware/src/GCodes/TriggerItem.cpp:29:6:bool TriggerItem::IsUnused() const	0	static
./RRFLibraries/src/General/Bitmap.h:312:24:void Bitmap<T>::Iterate(function_ref_noexcept<void(unsigned int, unsigned int) noexcept>) const [with T = long long unsigned int]	32	static
RepRapFirmware/src/GCodes/TriggerItem.cpp:36:6:bool TriggerItem::Check()	48	static
RepRapFirmware/src/GCodes/TriggerItem.cpp:221:6:bool TriggerItem::CheckLevel()	8	static
RepRapFirmware/src/GCodes/TriggerItem.cpp:228:6:static void TriggerItem::AppendInputNames(AxesBitmap, InputPortsBitmap, const StringRef&)	40	static
RepRapFirmware/src/GCodes/TriggerItem.cpp:109:13:GCodeResult TriggerItem::Configure(unsigned int, GCodeBuffer&, const StringRef&)	288	static
RepRapFirmware/src/GCodes/TriggerItem.cpp:240:1:cpp)	0	static
