./RepRapFirmware/src/ObjectModel/ObjectModel.h:324:35:virtual ReadWriteLock* ObjectModel::GetObjectLock(unsigned int) const	0	static
RepRapFirmware/src/Movement/Kinematics/Kinematics.h:126:15:virtual void Kinematics::SetCalibrationDefaults()	0	static
RepRapFirmware/src/Movement/Kinematics/Kinematics.h:131:15:virtual bool Kinematics::WriteCalibrationParameters(FileStore*) const	0	static
RepRapFirmware/src/Movement/Kinematics/Kinematics.h:136:16:virtual float Kinematics::GetTiltCorrection(size_t) const	0	static
RepRapFirmware/src/Movement/Kinematics/Kinematics.h:151:21:virtual AxesBitmap Kinematics::AxesToHomeBeforeProbing() const	0	static
RepRapFirmware/src/Movement/Kinematics/Kinematics.h:157:21:virtual MotionType Kinematics::GetMotionType(size_t) const	0	static
RepRapFirmware/src/Movement/Kinematics/Kinematics.h:178:21:virtual AxesBitmap Kinematics::AxesAssumedHomed(AxesBitmap) const	0	static
RepRapFirmware/src/Movement/Kinematics/Kinematics.h:182:21:virtual AxesBitmap Kinematics::MustBeHomedAxes(AxesBitmap, bool) const	0	static
RepRapFirmware/src/Movement/Kinematics/CoreKinematics.h:26:13:virtual HomingMode CoreKinematics::GetHomingMode() const	0	static
RepRapFirmware/src/Movement/Kinematics/CoreKinematics.cpp:29:3:static constexpr size_t CoreKinematics::<lambda(const ObjectModel*, const ObjectExplorationContext&)>::_FUN(const ObjectModel*, const ObjectExplorationContext&)	0	static
RepRapFirmware/src/Movement/Kinematics/CoreKinematics.cpp:36:3:static constexpr size_t CoreKinematics::<lambda(const ObjectModel*, const ObjectExplorationContext&)>::_FUN(const ObjectModel*, const ObjectExplorationContext&)	0	static
RepRapFirmware/src/Movement/Kinematics/CoreKinematics.cpp:60:22:static ExpressionValue CoreKinematics::<lambda(const ObjectModel*, ObjectExplorationContext&)>::_FUN(const ObjectModel*, ObjectExplorationContext&)	0	static
RepRapFirmware/src/Movement/Kinematics/CoreKinematics.cpp:61:22:static ExpressionValue CoreKinematics::<lambda(const ObjectModel*, ObjectExplorationContext&)>::_FUN(const ObjectModel*, ObjectExplorationContext&)	0	static
RepRapFirmware/src/Movement/Kinematics/CoreKinematics.cpp:67:1:virtual const ObjectModelClassDescriptor* CoreKinematics::GetObjectModelClassDescriptor() const	0	static
./RRFLibraries/src/Math/Matrix.h:26:51:FixedMatrix<float, 15, 30>::~FixedMatrix()	0	static
./RRFLibraries/src/Math/Matrix.h:26:51:FixedMatrix<float, 15, 15>::~FixedMatrix()	0	static
RepRapFirmware/src/Movement/Kinematics/CoreKinematics.cpp:239:13:virtual const char* CoreKinematics::GetName(bool) const	0	static
RepRapFirmware/src/Movement/Kinematics/CoreKinematics.cpp:366:6:virtual void CoreKinematics::MotorStepsToCartesian(const int32_t*, const float*, size_t, size_t, float*) const	28	static
RepRapFirmware/src/Movement/Kinematics/CoreKinematics.cpp:387:6:virtual bool CoreKinematics::QueryTerminateHomingMove(size_t) const	0	static
RepRapFirmware/src/Movement/Kinematics/CoreKinematics.cpp:456:12:virtual AxesBitmap CoreKinematics::GetConnectedAxes(size_t) const	0	static
RepRapFirmware/src/Movement/Kinematics/CoreKinematics.cpp:463:12:virtual AxesBitmap CoreKinematics::GetLinearAxes() const	0	static
./RRFLibraries/src/Math/Matrix.h:39:11:const T& FixedMatrix<T, ROWS, COLS>::operator()(size_t, size_t) const [with T = float; unsigned int ROWS = 15; unsigned int COLS = 15]	0	static
./RRFLibraries/src/Math/Matrix.h:33:5:T& FixedMatrix<T, ROWS, COLS>::operator()(size_t, size_t) [with T = float; unsigned int ROWS = 15; unsigned int COLS = 30]	0	static
./RRFLibraries/src/Math/Matrix.h:33:5:T& FixedMatrix<T, ROWS, COLS>::operator()(size_t, size_t) [with T = float; unsigned int ROWS = 15; unsigned int COLS = 15]	0	static
RepRapFirmware/src/Movement/Kinematics/CoreKinematics.h:14:7:CoreKinematics::~CoreKinematics()	0	static
./RRFLibraries/src/Math/Matrix.h:29:9:size_t FixedMatrix<T, ROWS, COLS>::rows() const [with T = float; unsigned int ROWS = 15; unsigned int COLS = 30]	0	static
./RRFLibraries/src/Math/Matrix.h:30:9:size_t FixedMatrix<T, ROWS, COLS>::cols() const [with T = float; unsigned int ROWS = 15; unsigned int COLS = 30]	0	static
./RRFLibraries/src/Math/Matrix.h:39:11:const T& FixedMatrix<T, ROWS, COLS>::operator()(size_t, size_t) const [with T = float; unsigned int ROWS = 15; unsigned int COLS = 30]	0	static
./RRFLibraries/src/Math/Matrix.h:29:9:size_t FixedMatrix<T, ROWS, COLS>::rows() const [with T = float; unsigned int ROWS = 15; unsigned int COLS = 15]	0	static
./RRFLibraries/src/Math/Matrix.h:30:9:size_t FixedMatrix<T, ROWS, COLS>::cols() const [with T = float; unsigned int ROWS = 15; unsigned int COLS = 15]	0	static
RepRapFirmware/src/Movement/Kinematics/CoreKinematics.cpp:50:3:static ExpressionValue CoreKinematics::<lambda(const ObjectModel*, ObjectExplorationContext&)>::_FUN(const ObjectModel*, ObjectExplorationContext&)	16	static
RepRapFirmware/src/Movement/Kinematics/CoreKinematics.cpp:44:3:static ExpressionValue CoreKinematics::<lambda(const ObjectModel*, ObjectExplorationContext&)>::_FUN(const ObjectModel*, ObjectExplorationContext&)	16	static
RepRapFirmware/src/Movement/Kinematics/CoreKinematics.cpp:54:1:virtual const ObjectModelArrayTableEntry* CoreKinematics::GetObjectModelArrayEntry(unsigned int) const	0	static
./RRFLibraries/src/Math/Matrix.h:26:51:virtual FixedMatrix<float, 15, 30>::~FixedMatrix()	8	static
./RRFLibraries/src/Math/Matrix.h:26:51:virtual FixedMatrix<float, 15, 15>::~FixedMatrix()	8	static
RepRapFirmware/src/Movement/Kinematics/CoreKinematics.h:14:7:virtual CoreKinematics::~CoreKinematics()	8	static
RepRapFirmware/src/Movement/Kinematics/CoreKinematics.cpp:343:6:virtual bool CoreKinematics::CartesianToMotorSteps(const float*, const float*, size_t, size_t, int32_t*, bool) const	40	static
RepRapFirmware/src/Movement/Kinematics/CoreKinematics.cpp:394:6:virtual void CoreKinematics::OnHomingSwitchTriggered(size_t, bool, const float*, DDA&) const	96	static
RepRapFirmware/src/Movement/Kinematics/CoreKinematics.cpp:416:6:virtual void CoreKinematics::LimitSpeedAndAcceleration(DDA&, const float*, size_t, bool) const	96	static
RepRapFirmware/src/Movement/Kinematics/CoreKinematics.cpp:62:15:static ExpressionValue CoreKinematics::<lambda(const ObjectModel*, ObjectExplorationContext&)>::_FUN(const ObjectModel*, ObjectExplorationContext&)	8	static
RepRapFirmware/src/Movement/Kinematics/CoreKinematics.cpp:37:3:static ExpressionValue CoreKinematics::<lambda(const ObjectModel*, ObjectExplorationContext&)>::_FUN(const ObjectModel*, ObjectExplorationContext&)	24	static
RepRapFirmware/src/Movement/Kinematics/CoreKinematics.cpp:30:3:static ExpressionValue CoreKinematics::<lambda(const ObjectModel*, ObjectExplorationContext&)>::_FUN(const ObjectModel*, ObjectExplorationContext&)	24	static
RepRapFirmware/src/Movement/Kinematics/CoreKinematics.cpp:49:3:static constexpr size_t CoreKinematics::<lambda(const ObjectModel*, const ObjectExplorationContext&)>::_FUN(const ObjectModel*, const ObjectExplorationContext&)	0	static
RepRapFirmware/src/Movement/Kinematics/CoreKinematics.cpp:43:3:static constexpr size_t CoreKinematics::<lambda(const ObjectModel*, const ObjectExplorationContext&)>::_FUN(const ObjectModel*, const ObjectExplorationContext&)	0	static
./RRFLibraries/src/Math/Matrix.h:146:49:void FixedMatrix<T, ROWS, COLS>::Fill(T) [with T = float; unsigned int ROWS = 15; unsigned int COLS = 15]	0	static
./RRFLibraries/src/General/String.h:107:26:) [with unsigned int Len = 120]	20	static
RepRapFirmware/src/Movement/Kinematics/CoreKinematics.cpp:72:6:void CoreKinematics::Recalc()	1864	static
RepRapFirmware/src/Movement/Kinematics/CoreKinematics.cpp:182:1:CoreKinematics::CoreKinematics(KinematicsType)	16	static
RepRapFirmware/src/Movement/Kinematics/CoreKinematics.cpp:271:6:virtual bool CoreKinematics::Configure(unsigned int, GCodeBuffer&, const StringRef&, bool&)	136	static
RepRapFirmware/src/Movement/Kinematics/CoreKinematics.cpp:466:1:cpp)	0	static
