./RepRapFirmware/src/ObjectModel/ObjectModel.h:319:54:virtual const ObjectModelArrayTableEntry* ObjectModel::GetObjectModelArrayEntry(unsigned int) const	0	static
./RepRapFirmware/src/ObjectModel/ObjectModel.h:324:35:virtual ReadWriteLock* ObjectModel::GetObjectLock(unsigned int) const	0	static
RepRapFirmware/src/Movement/Kinematics/Kinematics.h:117:15:virtual bool Kinematics::SupportsAutoCalibration() const	0	static
RepRapFirmware/src/Movement/Kinematics/Kinematics.h:121:15:virtual bool Kinematics::DoAutoCalibration(MovementSystemNumber, size_t, const RandomProbePointSet&, const StringRef&)	0	static
RepRapFirmware/src/Movement/Kinematics/Kinematics.h:126:15:virtual void Kinematics::SetCalibrationDefaults()	0	static
RepRapFirmware/src/Movement/Kinematics/Kinematics.h:131:15:virtual bool Kinematics::WriteCalibrationParameters(FileStore*) const	0	static
RepRapFirmware/src/Movement/Kinematics/Kinematics.h:136:16:virtual float Kinematics::GetTiltCorrection(size_t) const	0	static
RepRapFirmware/src/Movement/Kinematics/Kinematics.h:151:21:virtual AxesBitmap Kinematics::AxesToHomeBeforeProbing() const	0	static
RepRapFirmware/src/Movement/Kinematics/Kinematics.h:157:21:virtual MotionType Kinematics::GetMotionType(size_t) const	0	static
RepRapFirmware/src/Movement/Kinematics/Kinematics.h:178:21:virtual AxesBitmap Kinematics::AxesAssumedHomed(AxesBitmap) const	0	static
RepRapFirmware/src/Movement/Kinematics/Kinematics.h:182:21:virtual AxesBitmap Kinematics::MustBeHomedAxes(AxesBitmap, bool) const	0	static
RepRapFirmware/src/Movement/Kinematics/Kinematics.h:186:15:virtual bool Kinematics::WriteResumeSettings(FileStore*) const	0	static
RepRapFirmware/src/Movement/Kinematics/Kinematics.cpp:42:21:static ExpressionValue Kinematics::<lambda(const ObjectModel*, ObjectExplorationContext&)>::_FUN(const ObjectModel*, ObjectExplorationContext&)	0	static
RepRapFirmware/src/Movement/Kinematics/Kinematics.cpp:43:23:static ExpressionValue Kinematics::<lambda(const ObjectModel*, ObjectExplorationContext&)>::_FUN(const ObjectModel*, ObjectExplorationContext&)	0	static
RepRapFirmware/src/Movement/Kinematics/Kinematics.cpp:48:1:virtual const ObjectModelClassDescriptor* Kinematics::GetObjectModelClassDescriptor() const	0	static
RepRapFirmware/src/Movement/Kinematics/Kinematics.cpp:156:6:virtual void Kinematics::GetAssumedInitialPosition(size_t, float*) const	0	static
RepRapFirmware/src/Movement/Kinematics/Kinematics.cpp:208:12:virtual AxesBitmap Kinematics::GetConnectedAxes(size_t) const	0	static
RepRapFirmware/src/Movement/Kinematics/Kinematics.cpp:214:6:virtual bool Kinematics::IsContinuousRotationAxis(size_t) const	0	static
RepRapFirmware/src/Movement/Kinematics/Kinematics.cpp:168:12:virtual AxesBitmap Kinematics::GetHomingFileName(AxesBitmap, AxesBitmap, size_t, const StringRef&) const	32	static
RepRapFirmware/src/Movement/Kinematics/Kinematics.cpp:223:6:virtual void Kinematics::LimitSpeedAndAcceleration(DDA&, const float*, size_t, bool) const	0	static
RepRapFirmware/src/Movement/Kinematics/Kinematics.cpp:61:6:virtual bool Kinematics::Configure(unsigned int, GCodeBuffer&, const StringRef&, bool&)	32	static
RepRapFirmware/src/Movement/Kinematics/Kinematics.cpp:39:21:static ExpressionValue Kinematics::<lambda(const ObjectModel*, ObjectExplorationContext&)>::_FUN(const ObjectModel*, ObjectExplorationContext&)	0	static
RepRapFirmware/src/Movement/Kinematics/Kinematics.cpp:105:6:virtual bool Kinematics::IsReachable(float*, AxesBitmap) const	32	static
./RRFLibraries/src/General/function_ref.h:66:45:) [with Callable = Kinematics::IsReachable(float*, AxesBitmap) const::<lambda(unsigned int, unsigned int)>; RetType = bool; Params = {unsigned int, unsigned int}]	0	static
RepRapFirmware/src/Movement/Kinematics/Kinematics.cpp:53:1:Kinematics::Kinematics(KinematicsType, SegmentationType)	16	static
RepRapFirmware/src/Movement/Kinematics/Kinematics.cpp:87:6:bool Kinematics::TryConfigureSegmentation(GCodeBuffer&)	24	static
RepRapFirmware/src/Movement/Kinematics/Kinematics.cpp:127:6:bool Kinematics::LimitPositionFromAxis(float*, size_t, size_t, AxesBitmap) const	16	static
RepRapFirmware/src/Movement/Kinematics/Kinematics.cpp:119:21:virtual LimitPositionResult Kinematics::LimitPosition(float*, const float*, size_t, AxesBitmap, bool, bool) const	4	static
RepRapFirmware/src/Movement/Kinematics/Kinematics.cpp:238:24:static Kinematics* Kinematics::Create(KinematicsType)	16	static
RepRapFirmware/src/Movement/Kinematics/Kinematics.cpp:285:17:static void Kinematics::PrintMatrix(const char*, const MathMatrix<float>&, size_t, size_t)	40	static
RepRapFirmware/src/Movement/Kinematics/Kinematics.cpp:306:17:static void Kinematics::PrintMatrix(const char*, const MathMatrix<double>&, size_t, size_t)	40	static
RepRapFirmware/src/Movement/Kinematics/Kinematics.cpp:327:17:static void Kinematics::PrintVector(const char*, const float*, size_t)	16	static
RepRapFirmware/src/Movement/Kinematics/Kinematics.cpp:337:17:static void Kinematics::PrintVector(const char*, const double*, size_t)	16	static
RepRapFirmware/src/Movement/Kinematics/Kinematics.cpp:345:1:cpp)	0	static
