./RepRapFirmware/src/ObjectModel/ObjectModel.h:324:35:virtual ReadWriteLock* ObjectModel::GetObjectLock(unsigned int) const	0	static
RepRapFirmware/src/Movement/Kinematics/LinearDeltaKinematics.h:29:7:virtual bool LinearDeltaKinematics::SupportsAutoCalibration() const	0	static
RepRapFirmware/src/Movement/Kinematics/LinearDeltaKinematics.h:40:13:virtual AxesBitmap LinearDeltaKinematics::AxesToHomeBeforeProbing() const	0	static
RepRapFirmware/src/Movement/Kinematics/LinearDeltaKinematics.h:42:13:virtual HomingMode LinearDeltaKinematics::GetHomingMode() const	0	static
RepRapFirmware/src/Movement/Kinematics/LinearDeltaKinematics.cpp:32:3:static constexpr size_t LinearDeltaKinematics::<lambda(const ObjectModel*, const ObjectExplorationContext&)>::_FUN(const ObjectModel*, const ObjectExplorationContext&)	0	static
RepRapFirmware/src/Movement/Kinematics/LinearDeltaKinematics.cpp:33:3:static ExpressionValue LinearDeltaKinematics::<lambda(const ObjectModel*, ObjectExplorationContext&)>::_FUN(const ObjectModel*, ObjectExplorationContext&)	8	static
RepRapFirmware/src/Movement/Kinematics/LinearDeltaKinematics.cpp:37:1:virtual const ObjectModelArrayTableEntry* LinearDeltaKinematics::GetObjectModelArrayEntry(unsigned int) const	0	static
RepRapFirmware/src/Movement/Kinematics/LinearDeltaKinematics.cpp:43:20:static ExpressionValue LinearDeltaKinematics::<lambda(const ObjectModel*, ObjectExplorationContext&)>::_FUN(const ObjectModel*, ObjectExplorationContext&)	0	static
RepRapFirmware/src/Movement/Kinematics/LinearDeltaKinematics.cpp:44:20:static ExpressionValue LinearDeltaKinematics::<lambda(const ObjectModel*, ObjectExplorationContext&)>::_FUN(const ObjectModel*, ObjectExplorationContext&)	0	static
RepRapFirmware/src/Movement/Kinematics/LinearDeltaKinematics.cpp:46:20:static ExpressionValue LinearDeltaKinematics::<lambda(const ObjectModel*, ObjectExplorationContext&)>::_FUN(const ObjectModel*, ObjectExplorationContext&)	0	static
RepRapFirmware/src/Movement/Kinematics/LinearDeltaKinematics.cpp:47:17:static ExpressionValue LinearDeltaKinematics::<lambda(const ObjectModel*, ObjectExplorationContext&)>::_FUN(const ObjectModel*, ObjectExplorationContext&)	0	static
RepRapFirmware/src/Movement/Kinematics/LinearDeltaKinematics.cpp:48:16:static ExpressionValue LinearDeltaKinematics::<lambda(const ObjectModel*, ObjectExplorationContext&)>::_FUN(const ObjectModel*, ObjectExplorationContext&)	0	static
RepRapFirmware/src/Movement/Kinematics/LinearDeltaKinematics.cpp:49:16:static ExpressionValue LinearDeltaKinematics::<lambda(const ObjectModel*, ObjectExplorationContext&)>::_FUN(const ObjectModel*, ObjectExplorationContext&)	0	static
RepRapFirmware/src/Movement/Kinematics/LinearDeltaKinematics.cpp:61:1:virtual const ObjectModelClassDescriptor* LinearDeltaKinematics::GetObjectModelClassDescriptor() const	0	static
RepRapFirmware/src/Movement/Kinematics/LinearDeltaKinematics.cpp:71:13:virtual const char* LinearDeltaKinematics::GetName(bool) const	0	static
RepRapFirmware/src/Movement/Kinematics/LinearDeltaKinematics.cpp:418:6:virtual void LinearDeltaKinematics::GetAssumedInitialPosition(size_t, float*) const	8	static
./RRFLibraries/src/Math/Matrix.h:26:51:FixedMatrix<float, 32, 3>::~FixedMatrix()	0	static
./RRFLibraries/src/Math/Matrix.h:26:51:FixedMatrix<float, 32, 9>::~FixedMatrix()	0	static
./RRFLibraries/src/Math/Matrix.h:26:51:FixedMatrix<float, 9, 10>::~FixedMatrix()	0	static
RepRapFirmware/src/Movement/Kinematics/LinearDeltaKinematics.cpp:641:12:virtual MotionType LinearDeltaKinematics::GetMotionType(size_t) const	0	static
RepRapFirmware/src/Movement/Kinematics/LinearDeltaKinematics.h:18:7:LinearDeltaKinematics::~LinearDeltaKinematics()	0	static
RepRapFirmware/src/Movement/Kinematics/LinearDeltaKinematics.cpp:826:6:virtual bool LinearDeltaKinematics::WriteResumeSettings(FileStore*) const	0	static
RepRapFirmware/src/Movement/Kinematics/LinearDeltaKinematics.cpp:834:7:virtual float LinearDeltaKinematics::GetTiltCorrection(size_t) const	0	static
RepRapFirmware/src/Movement/Kinematics/LinearDeltaKinematics.cpp:987:12:virtual AxesBitmap LinearDeltaKinematics::AxesAssumedHomed(AxesBitmap) const	0	static
RepRapFirmware/src/Movement/Kinematics/LinearDeltaKinematics.cpp:998:12:virtual AxesBitmap LinearDeltaKinematics::MustBeHomedAxes(AxesBitmap, bool) const	0	static
RepRapFirmware/src/Movement/Kinematics/LinearDeltaKinematics.cpp:1024:6:virtual bool LinearDeltaKinematics::QueryTerminateHomingMove(size_t) const	0	static
RepRapFirmware/src/Movement/Kinematics/LinearDeltaKinematics.cpp:1051:12:virtual AxesBitmap LinearDeltaKinematics::GetLinearAxes() const	0	static
./RRFLibraries/src/Math/Matrix.h:33:5:T& FixedMatrix<T, ROWS, COLS>::operator()(size_t, size_t) [with T = float; unsigned int ROWS = 32; unsigned int COLS = 3]	0	static
./RRFLibraries/src/Math/Matrix.h:33:5:T& FixedMatrix<T, ROWS, COLS>::operator()(size_t, size_t) [with T = float; unsigned int ROWS = 32; unsigned int COLS = 9]	0	static
./RRFLibraries/src/Math/Matrix.h:33:5:T& FixedMatrix<T, ROWS, COLS>::operator()(size_t, size_t) [with T = float; unsigned int ROWS = 9; unsigned int COLS = 10]	0	static
./RRFLibraries/src/Math/Matrix.h:29:9:size_t FixedMatrix<T, ROWS, COLS>::rows() const [with T = float; unsigned int ROWS = 9; unsigned int COLS = 10]	0	static
./RRFLibraries/src/Math/Matrix.h:30:9:size_t FixedMatrix<T, ROWS, COLS>::cols() const [with T = float; unsigned int ROWS = 9; unsigned int COLS = 10]	0	static
./RRFLibraries/src/Math/Matrix.h:39:11:const T& FixedMatrix<T, ROWS, COLS>::operator()(size_t, size_t) const [with T = float; unsigned int ROWS = 9; unsigned int COLS = 10]	0	static
./RRFLibraries/src/Math/Matrix.h:29:9:size_t FixedMatrix<T, ROWS, COLS>::rows() const [with T = float; unsigned int ROWS = 32; unsigned int COLS = 9]	0	static
./RRFLibraries/src/Math/Matrix.h:30:9:size_t FixedMatrix<T, ROWS, COLS>::cols() const [with T = float; unsigned int ROWS = 32; unsigned int COLS = 9]	0	static
./RRFLibraries/src/Math/Matrix.h:39:11:const T& FixedMatrix<T, ROWS, COLS>::operator()(size_t, size_t) const [with T = float; unsigned int ROWS = 32; unsigned int COLS = 9]	0	static
./RRFLibraries/src/Math/Matrix.h:29:9:size_t FixedMatrix<T, ROWS, COLS>::rows() const [with T = float; unsigned int ROWS = 32; unsigned int COLS = 3]	0	static
./RRFLibraries/src/Math/Matrix.h:30:9:size_t FixedMatrix<T, ROWS, COLS>::cols() const [with T = float; unsigned int ROWS = 32; unsigned int COLS = 3]	0	static
./RRFLibraries/src/Math/Matrix.h:39:11:const T& FixedMatrix<T, ROWS, COLS>::operator()(size_t, size_t) const [with T = float; unsigned int ROWS = 32; unsigned int COLS = 3]	0	static
RepRapFirmware/src/Movement/Kinematics/LinearDeltaKinematics.cpp:56:15:static ExpressionValue LinearDeltaKinematics::<lambda(const ObjectModel*, ObjectExplorationContext&)>::_FUN(const ObjectModel*, ObjectExplorationContext&)	16	static
RepRapFirmware/src/Movement/Kinematics/LinearDeltaKinematics.cpp:55:15:static ExpressionValue LinearDeltaKinematics::<lambda(const ObjectModel*, ObjectExplorationContext&)>::_FUN(const ObjectModel*, ObjectExplorationContext&)	16	static
RepRapFirmware/src/Movement/Kinematics/LinearDeltaKinematics.cpp:54:25:static ExpressionValue LinearDeltaKinematics::<lambda(const ObjectModel*, ObjectExplorationContext&)>::_FUN(const ObjectModel*, ObjectExplorationContext&)	16	static
RepRapFirmware/src/Movement/Kinematics/LinearDeltaKinematics.cpp:53:18:static ExpressionValue LinearDeltaKinematics::<lambda(const ObjectModel*, ObjectExplorationContext&)>::_FUN(const ObjectModel*, ObjectExplorationContext&)	16	static
RepRapFirmware/src/Movement/Kinematics/LinearDeltaKinematics.cpp:52:23:static ExpressionValue LinearDeltaKinematics::<lambda(const ObjectModel*, ObjectExplorationContext&)>::_FUN(const ObjectModel*, ObjectExplorationContext&)	16	static
RepRapFirmware/src/Movement/Kinematics/LinearDeltaKinematics.h:18:7:virtual LinearDeltaKinematics::~LinearDeltaKinematics()	8	static
./RRFLibraries/src/Math/Matrix.h:26:51:virtual FixedMatrix<float, 32, 3>::~FixedMatrix()	8	static
./RRFLibraries/src/Math/Matrix.h:26:51:virtual FixedMatrix<float, 32, 9>::~FixedMatrix()	8	static
./RRFLibraries/src/Math/Matrix.h:26:51:virtual FixedMatrix<float, 9, 10>::~FixedMatrix()	8	static
RepRapFirmware/src/Movement/Kinematics/LinearDeltaKinematics.cpp:1031:6:virtual void LinearDeltaKinematics::OnHomingSwitchTriggered(size_t, bool, const float*, DDA&) const	16	static
RepRapFirmware/src/Movement/Kinematics/LinearDeltaKinematics.cpp:1010:12:virtual AxesBitmap LinearDeltaKinematics::GetHomingFileName(AxesBitmap, AxesBitmap, size_t, const StringRef&) const	8	static
RepRapFirmware/src/Movement/Kinematics/LinearDeltaKinematics.cpp:45:15:static ExpressionValue LinearDeltaKinematics::<lambda(const ObjectModel*, ObjectExplorationContext&)>::_FUN(const ObjectModel*, ObjectExplorationContext&)	8	static
RepRapFirmware/src/Movement/Kinematics/LinearDeltaKinematics.cpp:99:6:void LinearDeltaKinematics::Recalc()	56	static
RepRapFirmware/src/Movement/Kinematics/LinearDeltaKinematics.cpp:76:6:void LinearDeltaKinematics::Init()	16	static
RepRapFirmware/src/Movement/Kinematics/LinearDeltaKinematics.cpp:65:1:LinearDeltaKinematics::LinearDeltaKinematics()	8	static
RepRapFirmware/src/Movement/Kinematics/LinearDeltaKinematics.h:31:7:virtual void LinearDeltaKinematics::SetCalibrationDefaults()	0	static
RepRapFirmware/src/Movement/Kinematics/LinearDeltaKinematics.cpp:841:6:virtual bool LinearDeltaKinematics::Configure(unsigned int, GCodeBuffer&, const StringRef&, bool&)	88	static
RepRapFirmware/src/Movement/Kinematics/LinearDeltaKinematics.cpp:156:6:void LinearDeltaKinematics::NormaliseEndstopAdjustments()	0	static
RepRapFirmware/src/Movement/Kinematics/LinearDeltaKinematics.cpp:167:7:float LinearDeltaKinematics::Transform(const float*, size_t) const	0	static
RepRapFirmware/src/Movement/Kinematics/LinearDeltaKinematics.cpp:213:6:virtual bool LinearDeltaKinematics::CartesianToMotorSteps(const float*, const float*, size_t, size_t, int32_t*, bool) const	48	static
RepRapFirmware/src/Movement/Kinematics/LinearDeltaKinematics.cpp:251:21:virtual LimitPositionResult LinearDeltaKinematics::LimitPosition(float*, const float*, size_t, AxesBitmap, bool, bool) const	104	static
RepRapFirmware/src/Movement/Kinematics/LinearDeltaKinematics.cpp:183:6:void LinearDeltaKinematics::ForwardTransform(float, float, float, float*) const	0	static
RepRapFirmware/src/Movement/Kinematics/LinearDeltaKinematics.cpp:239:6:virtual void LinearDeltaKinematics::MotorStepsToCartesian(const int32_t*, const float*, size_t, size_t, float*) const	16	static
RepRapFirmware/src/Movement/Kinematics/LinearDeltaKinematics.cpp:654:10:floatc_t LinearDeltaKinematics::ComputeDerivative(unsigned int, float, float, float) const	616	static
RepRapFirmware/src/Movement/Kinematics/LinearDeltaKinematics.cpp:730:6:void LinearDeltaKinematics::Adjust(size_t, const floatc_t*)	16	static
RepRapFirmware/src/Movement/Kinematics/LinearDeltaKinematics.cpp:781:6:void LinearDeltaKinematics::PrintParameters(const StringRef&) const	72	static
./RRFLibraries/src/General/String.h:98:26:) [with unsigned int Len = 256]	20	static
RepRapFirmware/src/Movement/Kinematics/LinearDeltaKinematics.cpp:428:6:0(MovementSystemNumber, size_t, const RandomProbePointSet&, const StringRef&)	2360	static
RepRapFirmware/src/Movement/Kinematics/LinearDeltaKinematics.cpp:428:6:virtual bool LinearDeltaKinematics::DoAutoCalibration(MovementSystemNumber, size_t, const RandomProbePointSet&, const StringRef&)	16	static
./RRFLibraries/src/General/String.h:107:26:) [with unsigned int Len = 256]	20	static
RepRapFirmware/src/Movement/Kinematics/LinearDeltaKinematics.cpp:798:6:0(FileStore*) const	352	static
RepRapFirmware/src/Movement/Kinematics/LinearDeltaKinematics.cpp:798:6:virtual bool LinearDeltaKinematics::WriteCalibrationParameters(FileStore*) const	16	static
RepRapFirmware/src/Movement/Kinematics/LinearDeltaKinematics.cpp:1054:1:cpp)	0	static
