./RepRapFirmware/src/ObjectModel/ObjectModel.h:319:54:virtual const ObjectModelArrayTableEntry* ObjectModel::GetObjectModelArrayEntry(unsigned int) const	0	static
./RepRapFirmware/src/ObjectModel/ObjectModel.h:324:35:virtual ReadWriteLock* ObjectModel::GetObjectLock(unsigned int) const	0	static
RepRapFirmware/src/Movement/Kinematics/Kinematics.h:136:16:virtual float Kinematics::GetTiltCorrection(size_t) const	0	static
RepRapFirmware/src/Movement/Kinematics/Kinematics.h:157:21:virtual MotionType Kinematics::GetMotionType(size_t) const	0	static
RepRapFirmware/src/Movement/Kinematics/RotaryDeltaKinematics.h:26:7:virtual bool RotaryDeltaKinematics::SupportsAutoCalibration() const	0	static
RepRapFirmware/src/Movement/Kinematics/RotaryDeltaKinematics.h:34:13:virtual AxesBitmap RotaryDeltaKinematics::AxesToHomeBeforeProbing() const	0	static
RepRapFirmware/src/Movement/Kinematics/RotaryDeltaKinematics.h:35:13:virtual HomingMode RotaryDeltaKinematics::GetHomingMode() const	0	static
RepRapFirmware/src/Movement/Kinematics/RotaryDeltaKinematics.cpp:38:1:virtual const ObjectModelClassDescriptor* RotaryDeltaKinematics::GetObjectModelClassDescriptor() const	0	static
RepRapFirmware/src/Movement/Kinematics/RotaryDeltaKinematics.cpp:87:13:virtual const char* RotaryDeltaKinematics::GetName(bool) const	0	static
RepRapFirmware/src/Movement/Kinematics/RotaryDeltaKinematics.h:15:7:RotaryDeltaKinematics::~RotaryDeltaKinematics()	0	static
./RRFLibraries/src/Math/Matrix.h:26:51:FixedMatrix<float, 32, 3>::~FixedMatrix()	0	static
./RRFLibraries/src/Math/Matrix.h:26:51:FixedMatrix<float, 32, 7>::~FixedMatrix()	0	static
./RRFLibraries/src/Math/Matrix.h:26:51:FixedMatrix<float, 7, 8>::~FixedMatrix()	0	static
RepRapFirmware/src/Movement/Kinematics/RotaryDeltaKinematics.cpp:574:6:virtual bool RotaryDeltaKinematics::WriteResumeSettings(FileStore*) const	0	static
RepRapFirmware/src/Movement/Kinematics/RotaryDeltaKinematics.cpp:632:12:virtual AxesBitmap RotaryDeltaKinematics::AxesAssumedHomed(AxesBitmap) const	0	static
RepRapFirmware/src/Movement/Kinematics/RotaryDeltaKinematics.cpp:643:12:virtual AxesBitmap RotaryDeltaKinematics::MustBeHomedAxes(AxesBitmap, bool) const	0	static
RepRapFirmware/src/Movement/Kinematics/RotaryDeltaKinematics.cpp:669:6:virtual bool RotaryDeltaKinematics::QueryTerminateHomingMove(size_t) const	0	static
./RRFLibraries/src/Math/Matrix.h:33:5:T& FixedMatrix<T, ROWS, COLS>::operator()(size_t, size_t) [with T = float; unsigned int ROWS = 32; unsigned int COLS = 3]	0	static
./RRFLibraries/src/Math/Matrix.h:33:5:T& FixedMatrix<T, ROWS, COLS>::operator()(size_t, size_t) [with T = float; unsigned int ROWS = 32; unsigned int COLS = 7]	0	static
./RRFLibraries/src/Math/Matrix.h:33:5:T& FixedMatrix<T, ROWS, COLS>::operator()(size_t, size_t) [with T = float; unsigned int ROWS = 7; unsigned int COLS = 8]	0	static
./RRFLibraries/src/Math/Matrix.h:29:9:size_t FixedMatrix<T, ROWS, COLS>::rows() const [with T = float; unsigned int ROWS = 7; unsigned int COLS = 8]	0	static
./RRFLibraries/src/Math/Matrix.h:30:9:size_t FixedMatrix<T, ROWS, COLS>::cols() const [with T = float; unsigned int ROWS = 7; unsigned int COLS = 8]	0	static
./RRFLibraries/src/Math/Matrix.h:39:11:const T& FixedMatrix<T, ROWS, COLS>::operator()(size_t, size_t) const [with T = float; unsigned int ROWS = 7; unsigned int COLS = 8]	0	static
./RRFLibraries/src/Math/Matrix.h:29:9:size_t FixedMatrix<T, ROWS, COLS>::rows() const [with T = float; unsigned int ROWS = 32; unsigned int COLS = 7]	0	static
./RRFLibraries/src/Math/Matrix.h:30:9:size_t FixedMatrix<T, ROWS, COLS>::cols() const [with T = float; unsigned int ROWS = 32; unsigned int COLS = 7]	0	static
./RRFLibraries/src/Math/Matrix.h:39:11:const T& FixedMatrix<T, ROWS, COLS>::operator()(size_t, size_t) const [with T = float; unsigned int ROWS = 32; unsigned int COLS = 7]	0	static
./RRFLibraries/src/Math/Matrix.h:29:9:size_t FixedMatrix<T, ROWS, COLS>::rows() const [with T = float; unsigned int ROWS = 32; unsigned int COLS = 3]	0	static
./RRFLibraries/src/Math/Matrix.h:30:9:size_t FixedMatrix<T, ROWS, COLS>::cols() const [with T = float; unsigned int ROWS = 32; unsigned int COLS = 3]	0	static
./RRFLibraries/src/Math/Matrix.h:39:11:const T& FixedMatrix<T, ROWS, COLS>::operator()(size_t, size_t) const [with T = float; unsigned int ROWS = 32; unsigned int COLS = 3]	0	static
RepRapFirmware/src/Movement/Kinematics/RotaryDeltaKinematics.h:15:7:virtual RotaryDeltaKinematics::~RotaryDeltaKinematics()	8	static
./RRFLibraries/src/Math/Matrix.h:26:51:virtual FixedMatrix<float, 32, 3>::~FixedMatrix()	8	static
./RRFLibraries/src/Math/Matrix.h:26:51:virtual FixedMatrix<float, 32, 7>::~FixedMatrix()	8	static
./RRFLibraries/src/Math/Matrix.h:26:51:virtual FixedMatrix<float, 7, 8>::~FixedMatrix()	8	static
RepRapFirmware/src/Movement/Kinematics/RotaryDeltaKinematics.cpp:582:21:virtual LimitPositionResult RotaryDeltaKinematics::LimitPosition(float*, const float*, size_t, AxesBitmap, bool, bool) const	24	static
RepRapFirmware/src/Movement/Kinematics/RotaryDeltaKinematics.cpp:676:6:virtual void RotaryDeltaKinematics::OnHomingSwitchTriggered(size_t, bool, const float*, DDA&) const	16	static
RepRapFirmware/src/Movement/Kinematics/RotaryDeltaKinematics.cpp:707:7:0(const float*, size_t) const	8	static
RepRapFirmware/src/Movement/Kinematics/RotaryDeltaKinematics.cpp:655:12:virtual AxesBitmap RotaryDeltaKinematics::GetHomingFileName(AxesBitmap, AxesBitmap, size_t, const StringRef&) const	8	static
RepRapFirmware/src/Movement/Kinematics/RotaryDeltaKinematics.cpp:543:13:constprop(const StringRef&, char, const float*)	40	static
RepRapFirmware/src/Movement/Kinematics/RotaryDeltaKinematics.cpp:33:12:static ExpressionValue RotaryDeltaKinematics::<lambda(const ObjectModel*, ObjectExplorationContext&)>::_FUN(const ObjectModel*, ObjectExplorationContext&)	8	static
RepRapFirmware/src/Movement/Kinematics/RotaryDeltaKinematics.cpp:70:6:void RotaryDeltaKinematics::Recalc()	24	static
RepRapFirmware/src/Movement/Kinematics/RotaryDeltaKinematics.cpp:49:6:void RotaryDeltaKinematics::Init()	8	static
RepRapFirmware/src/Movement/Kinematics/RotaryDeltaKinematics.cpp:43:1:RotaryDeltaKinematics::RotaryDeltaKinematics()	8	static
RepRapFirmware/src/Movement/Kinematics/RotaryDeltaKinematics.h:28:7:virtual void RotaryDeltaKinematics::SetCalibrationDefaults()	0	static
RepRapFirmware/src/Movement/Kinematics/RotaryDeltaKinematics.cpp:99:6:virtual bool RotaryDeltaKinematics::Configure(unsigned int, GCodeBuffer&, const StringRef&, bool&)	168	static
RepRapFirmware/src/Movement/Kinematics/RotaryDeltaKinematics.h:15:7:constexpr RotaryDeltaKinematics::RotaryDeltaKinematics(const RotaryDeltaKinematics&)	12	static
RepRapFirmware/src/Movement/Kinematics/RotaryDeltaKinematics.cpp:499:6:void RotaryDeltaKinematics::Adjust(size_t, const floatc_t*)	8	static
RepRapFirmware/src/Movement/Kinematics/RotaryDeltaKinematics.cpp:528:6:void RotaryDeltaKinematics::PrintParameters(const StringRef&) const	48	static
RepRapFirmware/src/Movement/Kinematics/RotaryDeltaKinematics.cpp:707:7:float RotaryDeltaKinematics::Transform(const float*, size_t) const	4	static
RepRapFirmware/src/Movement/Kinematics/RotaryDeltaKinematics.cpp:183:6:virtual bool RotaryDeltaKinematics::CartesianToMotorSteps(const float*, const float*, size_t, size_t, int32_t*, bool) const	48	static
RepRapFirmware/src/Movement/Kinematics/RotaryDeltaKinematics.cpp:735:6:void RotaryDeltaKinematics::ForwardTransform(float, float, float, float*) const	112	static
RepRapFirmware/src/Movement/Kinematics/RotaryDeltaKinematics.cpp:213:6:virtual void RotaryDeltaKinematics::MotorStepsToCartesian(const int32_t*, const float*, size_t, size_t, float*) const	24	static
RepRapFirmware/src/Movement/Kinematics/RotaryDeltaKinematics.cpp:231:10:floatc_t RotaryDeltaKinematics::ComputeDerivative(unsigned int, float, float, float) const	416	static
RepRapFirmware/src/Movement/Kinematics/RotaryDeltaKinematics.cpp:622:6:virtual void RotaryDeltaKinematics::GetAssumedInitialPosition(size_t, float*) const	16	static
./RRFLibraries/src/General/String.h:98:26:) [with unsigned int Len = 256]	20	static
RepRapFirmware/src/Movement/Kinematics/RotaryDeltaKinematics.cpp:549:6:0(FileStore*) const	352	static
RepRapFirmware/src/Movement/Kinematics/RotaryDeltaKinematics.cpp:549:6:virtual bool RotaryDeltaKinematics::WriteCalibrationParameters(FileStore*) const	16	static
RepRapFirmware/src/Movement/Kinematics/RotaryDeltaKinematics.cpp:287:6:0(MovementSystemNumber, size_t, const RandomProbePointSet&, const StringRef&)	1960	static
RepRapFirmware/src/Movement/Kinematics/RotaryDeltaKinematics.cpp:287:6:virtual bool RotaryDeltaKinematics::DoAutoCalibration(MovementSystemNumber, size_t, const RandomProbePointSet&, const StringRef&)	16	static
RepRapFirmware/src/Movement/Kinematics/RotaryDeltaKinematics.cpp:790:1:cpp)	0	static
