./RepRapFirmware/src/ObjectModel/ObjectModel.h:324:35:virtual ReadWriteLock* ObjectModel::GetObjectLock(unsigned int) const	0	static
RepRapFirmware/src/Movement/Kinematics/Kinematics.h:126:15:virtual void Kinematics::SetCalibrationDefaults()	0	static
RepRapFirmware/src/Movement/Kinematics/Kinematics.h:131:15:virtual bool Kinematics::WriteCalibrationParameters(FileStore*) const	0	static
RepRapFirmware/src/Movement/Kinematics/Kinematics.h:136:16:virtual float Kinematics::GetTiltCorrection(size_t) const	0	static
RepRapFirmware/src/Movement/Kinematics/Kinematics.h:151:21:virtual AxesBitmap Kinematics::AxesToHomeBeforeProbing() const	0	static
RepRapFirmware/src/Movement/Kinematics/Kinematics.h:157:21:virtual MotionType Kinematics::GetMotionType(size_t) const	0	static
RepRapFirmware/src/Movement/Kinematics/ScaraKinematics.h:38:13:virtual HomingMode ScaraKinematics::GetHomingMode() const	0	static
RepRapFirmware/src/Movement/Kinematics/ScaraKinematics.cpp:38:1:virtual const ObjectModelClassDescriptor* ScaraKinematics::GetObjectModelClassDescriptor() const	0	static
RepRapFirmware/src/Movement/Kinematics/ScaraKinematics.cpp:55:13:virtual const char* ScaraKinematics::GetName(bool) const	0	static
RepRapFirmware/src/Movement/Kinematics/ScaraKinematics.cpp:337:6:virtual void ScaraKinematics::GetAssumedInitialPosition(size_t, float*) const	0	static
RepRapFirmware/src/Movement/Kinematics/ScaraKinematics.cpp:348:12:virtual AxesBitmap ScaraKinematics::AxesAssumedHomed(AxesBitmap) const	0	static
RepRapFirmware/src/Movement/Kinematics/ScaraKinematics.cpp:359:12:virtual AxesBitmap ScaraKinematics::MustBeHomedAxes(AxesBitmap, bool) const	0	static
RepRapFirmware/src/Movement/Kinematics/ScaraKinematics.cpp:401:6:virtual bool ScaraKinematics::QueryTerminateHomingMove(size_t) const	0	static
RepRapFirmware/src/Movement/Kinematics/ScaraKinematics.cpp:455:12:virtual AxesBitmap ScaraKinematics::GetLinearAxes() const	0	static
RepRapFirmware/src/Movement/Kinematics/ScaraKinematics.h:24:7:ScaraKinematics::~ScaraKinematics()	0	static
RepRapFirmware/src/Movement/Kinematics/ScaraKinematics.cpp:410:6:virtual void ScaraKinematics::OnHomingSwitchTriggered(size_t, bool, const float*, DDA&) const	16	static
RepRapFirmware/src/Movement/Kinematics/ScaraKinematics.cpp:172:6:virtual void ScaraKinematics::MotorStepsToCartesian(const int32_t*, const float*, size_t, size_t, float*) const	48	static
RepRapFirmware/src/Movement/Kinematics/ScaraKinematics.cpp:448:6:virtual bool ScaraKinematics::IsContinuousRotationAxis(size_t) const	0	static
RepRapFirmware/src/Movement/Kinematics/ScaraKinematics.h:24:7:virtual ScaraKinematics::~ScaraKinematics()	8	static
RepRapFirmware/src/Movement/Kinematics/ScaraKinematics.cpp:371:12:virtual AxesBitmap ScaraKinematics::GetHomingFileName(AxesBitmap, AxesBitmap, size_t, const StringRef&) const	24	static
RepRapFirmware/src/Movement/Kinematics/ScaraKinematics.cpp:33:12:static ExpressionValue ScaraKinematics::<lambda(const ObjectModel*, ObjectExplorationContext&)>::_FUN(const ObjectModel*, ObjectExplorationContext&)	8	static
RepRapFirmware/src/Movement/Kinematics/ScaraKinematics.cpp:64:6:bool ScaraKinematics::CalculateThetaAndPsi(const float*, bool, float&, float&, bool&) const	72	static
RepRapFirmware/src/Movement/Kinematics/ScaraKinematics.cpp:137:6:virtual bool ScaraKinematics::CartesianToMotorSteps(const float*, const float*, size_t, size_t, int32_t*, bool) const	64	static
RepRapFirmware/src/Movement/Kinematics/ScaraKinematics.cpp:234:6:virtual bool ScaraKinematics::IsReachable(float*, AxesBitmap) const	48	static
RepRapFirmware/src/Movement/Kinematics/ScaraKinematics.cpp:253:21:virtual LimitPositionResult ScaraKinematics::LimitPosition(float*, const float*, size_t, AxesBitmap, bool, bool) const	88	static
RepRapFirmware/src/Movement/Kinematics/ScaraKinematics.cpp:461:6:void ScaraKinematics::Recalc()	48	static
RepRapFirmware/src/Movement/Kinematics/ScaraKinematics.cpp:42:1:ScaraKinematics::ScaraKinematics()	8	static
RepRapFirmware/src/Movement/Kinematics/ScaraKinematics.cpp:196:6:virtual bool ScaraKinematics::Configure(unsigned int, GCodeBuffer&, const StringRef&, bool&)	152	static
RepRapFirmware/src/Movement/Kinematics/ScaraKinematics.cpp:489:1:cpp)	0	static
