./RepRapFirmware/src/ObjectModel/ObjectModel.h:324:35:virtual ReadWriteLock* ObjectModel::GetObjectLock(unsigned int) const	0	static
RepRapFirmware/src/Movement/Kinematics/Kinematics.h:126:15:virtual void Kinematics::SetCalibrationDefaults()	0	static
RepRapFirmware/src/Movement/Kinematics/Kinematics.h:131:15:virtual bool Kinematics::WriteCalibrationParameters(FileStore*) const	0	static
RepRapFirmware/src/Movement/Kinematics/Kinematics.h:136:16:virtual float Kinematics::GetTiltCorrection(size_t) const	0	static
RepRapFirmware/src/Movement/Kinematics/Kinematics.h:151:21:virtual AxesBitmap Kinematics::AxesToHomeBeforeProbing() const	0	static
RepRapFirmware/src/Movement/Kinematics/Kinematics.h:157:21:virtual MotionType Kinematics::GetMotionType(size_t) const	0	static
RepRapFirmware/src/Movement/Kinematics/Kinematics.h:178:21:virtual AxesBitmap Kinematics::AxesAssumedHomed(AxesBitmap) const	0	static
RepRapFirmware/src/Movement/Kinematics/Kinematics.h:182:21:virtual AxesBitmap Kinematics::MustBeHomedAxes(AxesBitmap, bool) const	0	static
RepRapFirmware/src/Movement/Kinematics/ZLeadscrewKinematics.cpp:31:3:static constexpr size_t ZLeadscrewKinematics::<lambda(const ObjectModel*, const ObjectExplorationContext&)>::_FUN(const ObjectModel*, const ObjectExplorationContext&)	0	static
RepRapFirmware/src/Movement/Kinematics/ZLeadscrewKinematics.cpp:51:1:virtual const ObjectModelArrayTableEntry* ZLeadscrewKinematics::GetObjectModelArrayEntry(unsigned int) const	0	static
RepRapFirmware/src/Movement/Kinematics/ZLeadscrewKinematics.cpp:57:23:static ExpressionValue ZLeadscrewKinematics::<lambda(const ObjectModel*, ObjectExplorationContext&)>::_FUN(const ObjectModel*, ObjectExplorationContext&)	8	static
RepRapFirmware/src/Movement/Kinematics/ZLeadscrewKinematics.cpp:60:24:static ExpressionValue ZLeadscrewKinematics::<lambda(const ObjectModel*, ObjectExplorationContext&)>::_FUN(const ObjectModel*, ObjectExplorationContext&)	0	static
RepRapFirmware/src/Movement/Kinematics/ZLeadscrewKinematics.cpp:61:23:static ExpressionValue ZLeadscrewKinematics::<lambda(const ObjectModel*, ObjectExplorationContext&)>::_FUN(const ObjectModel*, ObjectExplorationContext&)	0	static
RepRapFirmware/src/Movement/Kinematics/ZLeadscrewKinematics.cpp:62:22:static ExpressionValue ZLeadscrewKinematics::<lambda(const ObjectModel*, ObjectExplorationContext&)>::_FUN(const ObjectModel*, ObjectExplorationContext&)	0	static
RepRapFirmware/src/Movement/Kinematics/ZLeadscrewKinematics.cpp:63:20:static ExpressionValue ZLeadscrewKinematics::<lambda(const ObjectModel*, ObjectExplorationContext&)>::_FUN(const ObjectModel*, ObjectExplorationContext&)	0	static
RepRapFirmware/src/Movement/Kinematics/ZLeadscrewKinematics.cpp:64:17:static ExpressionValue ZLeadscrewKinematics::<lambda(const ObjectModel*, ObjectExplorationContext&)>::_FUN(const ObjectModel*, ObjectExplorationContext&)	0	static
RepRapFirmware/src/Movement/Kinematics/ZLeadscrewKinematics.cpp:65:17:static ExpressionValue ZLeadscrewKinematics::<lambda(const ObjectModel*, ObjectExplorationContext&)>::_FUN(const ObjectModel*, ObjectExplorationContext&)	0	static
RepRapFirmware/src/Movement/Kinematics/ZLeadscrewKinematics.cpp:70:1:virtual const ObjectModelClassDescriptor* ZLeadscrewKinematics::GetObjectModelClassDescriptor() const	0	static
RepRapFirmware/src/Movement/Kinematics/ZLeadscrewKinematics.cpp:152:6:virtual bool ZLeadscrewKinematics::SupportsAutoCalibration() const	0	static
./RRFLibraries/src/Math/Matrix.h:26:51:FixedMatrix<float, 32, 4>::~FixedMatrix()	0	static
./RRFLibraries/src/Math/Matrix.h:26:51:FixedMatrix<float, 4, 5>::~FixedMatrix()	0	static
RepRapFirmware/src/Movement/Kinematics/ZLeadscrewKinematics.cpp:430:6:virtual bool ZLeadscrewKinematics::WriteResumeSettings(FileStore*) const	0	static
./RRFLibraries/src/Math/Matrix.h:33:5:T& FixedMatrix<T, ROWS, COLS>::operator()(size_t, size_t) [with T = float; unsigned int ROWS = 32; unsigned int COLS = 4]	0	static
./RRFLibraries/src/Math/Matrix.h:33:5:T& FixedMatrix<T, ROWS, COLS>::operator()(size_t, size_t) [with T = float; unsigned int ROWS = 4; unsigned int COLS = 5]	0	static
./RRFLibraries/src/Math/Matrix.h:29:9:size_t FixedMatrix<T, ROWS, COLS>::rows() const [with T = float; unsigned int ROWS = 4; unsigned int COLS = 5]	0	static
./RRFLibraries/src/Math/Matrix.h:30:9:size_t FixedMatrix<T, ROWS, COLS>::cols() const [with T = float; unsigned int ROWS = 4; unsigned int COLS = 5]	0	static
./RRFLibraries/src/Math/Matrix.h:39:11:const T& FixedMatrix<T, ROWS, COLS>::operator()(size_t, size_t) const [with T = float; unsigned int ROWS = 4; unsigned int COLS = 5]	0	static
./RRFLibraries/src/Math/Matrix.h:29:9:size_t FixedMatrix<T, ROWS, COLS>::rows() const [with T = float; unsigned int ROWS = 32; unsigned int COLS = 4]	0	static
./RRFLibraries/src/Math/Matrix.h:30:9:size_t FixedMatrix<T, ROWS, COLS>::cols() const [with T = float; unsigned int ROWS = 32; unsigned int COLS = 4]	0	static
./RRFLibraries/src/Math/Matrix.h:39:11:const T& FixedMatrix<T, ROWS, COLS>::operator()(size_t, size_t) const [with T = float; unsigned int ROWS = 32; unsigned int COLS = 4]	0	static
RepRapFirmware/src/Movement/Kinematics/ZLeadscrewKinematics.cpp:46:3:static ExpressionValue ZLeadscrewKinematics::<lambda(const ObjectModel*, ObjectExplorationContext&)>::_FUN(const ObjectModel*, ObjectExplorationContext&)	16	static
RepRapFirmware/src/Movement/Kinematics/ZLeadscrewKinematics.cpp:39:3:static ExpressionValue ZLeadscrewKinematics::<lambda(const ObjectModel*, ObjectExplorationContext&)>::_FUN(const ObjectModel*, ObjectExplorationContext&)	16	static
RepRapFirmware/src/Movement/Kinematics/ZLeadscrewKinematics.cpp:32:3:static ExpressionValue ZLeadscrewKinematics::<lambda(const ObjectModel*, ObjectExplorationContext&)>::_FUN(const ObjectModel*, ObjectExplorationContext&)	16	static
./RRFLibraries/src/Math/Matrix.h:26:51:virtual FixedMatrix<float, 32, 4>::~FixedMatrix()	8	static
./RRFLibraries/src/Math/Matrix.h:26:51:virtual FixedMatrix<float, 4, 5>::~FixedMatrix()	8	static
RepRapFirmware/src/Movement/Kinematics/ZLeadscrewKinematics.cpp:38:3:static constexpr size_t ZLeadscrewKinematics::<lambda(const ObjectModel*, const ObjectExplorationContext&)>::_FUN(const ObjectModel*, const ObjectExplorationContext&)	0	static
RepRapFirmware/src/Movement/Kinematics/ZLeadscrewKinematics.cpp:45:3:static constexpr size_t ZLeadscrewKinematics::<lambda(const ObjectModel*, const ObjectExplorationContext&)>::_FUN(const ObjectModel*, const ObjectExplorationContext&)	0	static
RepRapFirmware/src/Movement/Kinematics/ZLeadscrewKinematics.cpp:74:1:ZLeadscrewKinematics::ZLeadscrewKinematics(KinematicsType)	16	static
RepRapFirmware/src/Movement/Kinematics/ZLeadscrewKinematics.cpp:79:1:ZLeadscrewKinematics::ZLeadscrewKinematics(KinematicsType, SegmentationType)	8	static
RepRapFirmware/src/Movement/Kinematics/ZLeadscrewKinematics.cpp:419:6:void ZLeadscrewKinematics::AppendCorrections(const floatc_t*, const StringRef&) const	24	static
RepRapFirmware/src/Movement/Kinematics/ZLeadscrewKinematics.cpp:158:6:virtual bool ZLeadscrewKinematics::DoAutoCalibration(MovementSystemNumber, size_t, const RandomProbePointSet&, const StringRef&)	920	static
RepRapFirmware/src/Movement/Kinematics/ZLeadscrewKinematics.cpp:158:6:virtual bool ZLeadscrewKinematics::DoAutoCalibration(MovementSystemNumber, size_t, const RandomProbePointSet&, const StringRef&)	24	static
RepRapFirmware/src/Movement/Kinematics/ZLeadscrewKinematics.cpp:434:1:cpp)	0	static
RepRapFirmware/src/Movement/Kinematics/ZLeadscrewKinematics.cpp:85:6:virtual bool ZLeadscrewKinematics::Configure(unsigned int, GCodeBuffer&, const StringRef&, bool&)	64	static
