./RepRapFirmware/src/ObjectModel/ObjectModel.h:319:54:virtual const ObjectModelArrayTableEntry* ObjectModel::GetObjectModelArrayEntry(unsigned int) const	0	static
./RepRapFirmware/src/ObjectModel/ObjectModel.h:324:35:virtual ReadWriteLock* ObjectModel::GetObjectLock(unsigned int) const	0	static
RepRapFirmware/src/Heating/Sensors/TemperatureSensor.h:35:24:virtual const uint8_t TemperatureSensor::GetNumAdditionalOutputs() const	0	static
RepRapFirmware/src/Heating/Sensors/TemperatureSensor.h:38:14:virtual int TemperatureSensor::GetSmartDriversChannel() const	0	static
RepRapFirmware/src/Heating/Sensors/TemperatureSensor.h:41:19:virtual uint32_t TemperatureSensor::GetTemperatureReadingTimeout() const	0	static
RepRapFirmware/src/Heating/Sensors/AdditionalOutputSensor.cpp:52:6:virtual void AdditionalOutputSensor::AppendPinDetails(const StringRef&) const	0	static
./RRFLibraries/src/RTOSIface/RTOSIface.h:479:2:ReadLocker::~ReadLocker()	8	static
RepRapFirmware/src/Heating/Sensors/AdditionalOutputSensor.cpp:141:6:virtual void AdditionalOutputSensor::Poll()	40	static
RepRapFirmware/src/Heating/Sensors/AdditionalOutputSensor.cpp:18:1:AdditionalOutputSensor::AdditionalOutputSensor(unsigned int, const char*, bool)	16	static
RepRapFirmware/src/Heating/Sensors/AdditionalOutputSensor.cpp:23:1:AdditionalOutputSensor::~AdditionalOutputSensor()	8	static
RepRapFirmware/src/Heating/Sensors/AdditionalOutputSensor.cpp:23:1:virtual AdditionalOutputSensor::~AdditionalOutputSensor()	8	static
RepRapFirmware/src/Heating/Sensors/AdditionalOutputSensor.cpp:84:13:GCodeResult AdditionalOutputSensor::ConfigurePort(const char*, const StringRef&)	32	static
RepRapFirmware/src/Heating/Sensors/AdditionalOutputSensor.cpp:27:13:virtual GCodeResult AdditionalOutputSensor::Configure(GCodeBuffer&, const StringRef&, bool&)	56	static
RepRapFirmware/src/Heating/Sensors/AdditionalOutputSensor.cpp:59:13:virtual GCodeResult AdditionalOutputSensor::Configure(const CanMessageGenericParser&, const StringRef&)	64	static
RepRapFirmware/src/Heating/Sensors/AdditionalOutputSensor.cpp:165:1:cpp)	0	static
