CoreN2G/src/STM32/SharedSPI/HardwareSPI.cpp:255:6:virtual bool HardwareSPI::waitForTxEmpty()	0	static
CoreN2G/src/STM32/SharedSPI/HardwareSPI.cpp:261:6:void transferComplete(HardwareSPI*)	0	static
./CoreN2G/src/STM32/system/CMSIS/CMSIS/Core/Include/core_cm4.h:1679:22:void __NVIC_EnableIRQ(IRQn_Type)	0	static
./CoreN2G/src/STM32/system/CMSIS/CMSIS/Core/Include/core_cm4.h:1807:22:void __NVIC_SetPriority(IRQn_Type, uint32_t)	0	static
CoreN2G/src/STM32/SharedSPI/HardwareSPI.cpp:97:17:void HAL_SPI_TxCpltCallback(SPI_HandleTypeDef*)	0	static
CoreN2G/src/STM32/SharedSPI/HardwareSPI.cpp:105:17:void HAL_SPI_TxRxCpltCallback(SPI_HandleTypeDef*)	0	static
CoreN2G/src/STM32/SharedSPI/HardwareSPI.cpp:113:17:void HAL_SPI_RxCpltCallback(SPI_HandleTypeDef*)	0	static
CoreN2G/src/STM32/SharedSPI/HardwareSPI.cpp:122:17:void DMA1_Stream3_IRQHandler()	0	static
CoreN2G/src/STM32/SharedSPI/HardwareSPI.cpp:127:17:void DMA1_Stream4_IRQHandler()	0	static
CoreN2G/src/STM32/SharedSPI/HardwareSPI.cpp:132:17:void SPI2_IRQHandler()	0	static
CoreN2G/src/STM32/SharedSPI/HardwareSPI.cpp:139:17:void DMA1_Stream0_IRQHandler()	0	static
CoreN2G/src/STM32/SharedSPI/HardwareSPI.cpp:144:17:void DMA1_Stream5_IRQHandler()	0	static
CoreN2G/src/STM32/SharedSPI/HardwareSPI.cpp:149:17:void SPI3_IRQHandler()	0	static
CoreN2G/src/STM32/SharedSPI/HardwareSPI.cpp:209:17:void SPI1_IRQHandler()	0	static
CoreN2G/src/STM32/SharedSPI/HardwareSPI.cpp:235:6:void HardwareSPI::flushRx()	0	static
CoreN2G/src/STM32/SharedSPI/HardwareSPI.cpp:241:6:void HardwareSPI::disable()	16	static
CoreN2G/src/STM32/SharedSPI/HardwareSPI.cpp:288:6:void HardwareSPI::configureDmaStream(DMA_HandleTypeDef&, DMA_Stream_TypeDef*, uint32_t, uint32_t, uint32_t)	0	static
CoreN2G/src/STM32/SharedSPI/HardwareSPI.cpp:309:6:void HardwareSPI::initDma(NvicPriority)	32	static
CoreN2G/src/STM32/SharedSPI/HardwareSPI.cpp:270:6:virtual void HardwareSPI::initPins(Pin, Pin, Pin, NvicPriority)	16	static
CoreN2G/src/STM32/SharedSPI/HardwareSPI.cpp:323:6:void HardwareSPI::configureDevice(uint32_t, uint32_t, uint32_t, uint32_t, Pin)	40	static
CoreN2G/src/STM32/SharedSPI/HardwareSPI.cpp:344:6:virtual void HardwareSPI::configureDevice(uint32_t, uint32_t, uint32_t)	16	static
CoreN2G/src/STM32/SharedSPI/HardwareSPI.cpp:349:1:HardwareSPI::HardwareSPI(SPI_TypeDef*, IRQn_Type, DMA_Stream_TypeDef*, uint32_t, IRQn_Type, DMA_Stream_TypeDef*, uint32_t, IRQn_Type)	12	static
CoreN2G/src/STM32/SharedSPI/HardwareSPI.cpp:360:1:HardwareSPI::HardwareSPI(SPI_TypeDef*, IRQn_Type)	8	static
CoreN2G/src/STM32/SharedSPI/HardwareSPI.cpp:367:1:HardwareSPI::HardwareSPI(SPI_TypeDef*)	0	static
CoreN2G/src/STM32/SharedSPI/HardwareSPI.cpp:457:6:void HardwareSPI::startTransfer(const uint8_t*, uint8_t*, size_t, SPICallbackFunction)	32	static
CoreN2G/src/STM32/SharedSPI/HardwareSPI.cpp:486:6:void HardwareSPI::stopTransfer()	16	static
CoreN2G/src/STM32/SharedSPI/HardwareSPI.cpp:509:14:virtual spi_status_t HardwareSPI::transceivePacket(const uint8_t*, uint8_t*, size_t, Pin)	32	static
CoreN2G/src/STM32/SharedSPI/HardwareSPI.cpp:548:1:cpp)	32	static
