CoreN2G/src/STM32/SDIO/HardwareSDIO.cpp:28:17:void HAL_SD_TxCpltCallback(SD_HandleTypeDef*)	0	static
CoreN2G/src/STM32/SDIO/HardwareSDIO.cpp:36:17:void HAL_SD_RxCpltCallback(SD_HandleTypeDef*)	0	static
CoreN2G/src/STM32/SDIO/HardwareSDIO.cpp:55:17:void DMA2_Stream3_IRQHandler()	0	static
CoreN2G/src/STM32/SDIO/HardwareSDIO.cpp:60:17:void DMA2_Stream6_IRQHandler()	0	static
CoreN2G/src/STM32/SDIO/HardwareSDIO.cpp:65:17:void HAL_SD_AbortCallback(SD_HandleTypeDef*)	0	static
CoreN2G/src/STM32/SDIO/HardwareSDIO.cpp:68:17:void SDIO_IRQHandler()	0	static
CoreN2G/src/STM32/SDIO/HardwareSDIO.cpp:73:6:void HardwareSDIO::initDmaStream(DMA_HandleTypeDef&, DMA_Stream_TypeDef*, uint32_t, IRQn_Type, NvicPriority, uint32_t, uint32_t)	8	static
CoreN2G/src/STM32/SDIO/HardwareSDIO.cpp:101:1:HardwareSDIO::HardwareSDIO()	0	static
CoreN2G/src/STM32/SDIO/HardwareSDIO.cpp:105:9:uint8_t HardwareSDIO::tryInit(bool)	40	static
CoreN2G/src/STM32/SDIO/HardwareSDIO.cpp:174:6:void HardwareSDIO::InitPins(NvicPriority)	0	static
CoreN2G/src/STM32/SDIO/HardwareSDIO.cpp:183:9:uint8_t HardwareSDIO::Init()	56	static
CoreN2G/src/STM32/SDIO/HardwareSDIO.cpp:238:9:uint8_t HardwareSDIO::ReadBlocks(uint32_t*, uint32_t, uint32_t, uint32_t)	32	static
CoreN2G/src/STM32/SDIO/HardwareSDIO.cpp:291:9:uint8_t HardwareSDIO::WriteBlocks(uint32_t*, uint32_t, uint32_t, uint32_t)	24	static
CoreN2G/src/STM32/SDIO/HardwareSDIO.cpp:345:9:uint8_t HardwareSDIO::Erase(uint32_t, uint32_t)	8	static
CoreN2G/src/STM32/SDIO/HardwareSDIO.cpp:364:9:uint8_t HardwareSDIO::GetCardState()	8	static
CoreN2G/src/STM32/SDIO/HardwareSDIO.cpp:375:6:void HardwareSDIO::GetCardInfo(HAL_SD_CardInfoTypeDef*)	0	static
CoreN2G/src/STM32/SDIO/HardwareSDIO.cpp:387:9:uint8_t HardwareSDIO::IsDetected()	8	static
