CANlib/src/CanMessageGenericParser.cpp:26:28:ParamDescriptor::ParamType CanMessageGenericParser::FindParameter(char, unsigned int&) const	20	static
CANlib/src/CanMessageGenericParser.cpp:13:6:bool CanMessageGenericParser::GetStringParam(char, const StringRef&) const	24	static
CANlib/src/CanMessageGenericParser.cpp:63:6:bool CanMessageGenericParser::GetUintParam(char, uint32_t&) const	24	static
CANlib/src/CanMessageGenericParser.cpp:88:6:bool CanMessageGenericParser::GetUintParam(char, uint16_t&) const	16	static
CANlib/src/CanMessageGenericParser.cpp:99:6:bool CanMessageGenericParser::GetUintParam(char, uint8_t&) const	16	static
CANlib/src/CanMessageGenericParser.cpp:110:6:bool CanMessageGenericParser::GetIntParam(char, int32_t&) const	24	static
CANlib/src/CanMessageGenericParser.cpp:133:6:bool CanMessageGenericParser::GetIntParam(char, int16_t&) const	16	static
CANlib/src/CanMessageGenericParser.cpp:144:6:bool CanMessageGenericParser::GetIntParam(char, int8_t&) const	16	static
CANlib/src/CanMessageGenericParser.cpp:155:6:bool CanMessageGenericParser::GetFloatParam(char, float&) const	24	static
CANlib/src/CanMessageGenericParser.cpp:174:6:bool CanMessageGenericParser::GetCharParam(char, char&) const	24	static
CANlib/src/CanMessageGenericParser.cpp:189:6:bool CanMessageGenericParser::GetBoolParam(char, bool&) const	24	static
CANlib/src/CanMessageGenericParser.cpp:224:6:bool CanMessageGenericParser::GetArrayParam(char, ParamDescriptor::ParamType, size_t&, const uint8_t*&) const	24	static
CANlib/src/CanMessageGenericParser.cpp:240:6:bool CanMessageGenericParser::GetUint16ArrayParam(char, size_t&, uint16_t*) const	32	static
CANlib/src/CanMessageGenericParser.cpp:258:6:bool CanMessageGenericParser::GetFloatArrayParam(char, size_t&, float*) const	32	static
CANlib/src/CanMessageGenericParser.cpp:273:6:bool CanMessageGenericParser::HasParameter(char) const	16	static
CANlib/src/CanMessageGenericParser.cpp:277:1:cpp)	0	static
