./RRFLibraries/src/RTOSIface/RTOSIface.h:262:41:Task<600>::~Task()	8	static
./RRFLibraries/src/RTOSIface/RTOSIface.h:358:14:bool RTOSIface::LeaveTaskCriticalSection()	8	static
RepRapFirmware/src/Storage/FileStore.cpp:37:6:void FileStore::Init()	0	static
RepRapFirmware/src/Storage/FileStore.cpp:29:1:FileStore::FileStore()	8	static
RepRapFirmware/src/Storage/FileStore.cpp:58:6:bool FileStore::Open(const char*, OpenMode, uint32_t)	40	static
RepRapFirmware/src/Storage/FileStore.cpp:256:6:bool FileStore::Seek(FilePosition)	16	static
RepRapFirmware/src/Storage/FileStore.cpp:299:14:FilePosition FileStore::Position() const	0	static
RepRapFirmware/src/Storage/FileStore.cpp:322:14:FilePosition FileStore::Length() const	8	static
RepRapFirmware/src/Storage/FileStore.cpp:407:5:int FileStore::Read(char*, size_t)	24	static
RepRapFirmware/src/Storage/FileStore.cpp:472:5:int FileStore::ReadLine(char*, size_t)	24	static
RepRapFirmware/src/Storage/FileStore.cpp:561:6:void FileStore::Duplicate()	0	static
RepRapFirmware/src/Storage/FileStore.cpp:588:6:bool FileStore::Store(const char*, size_t, size_t*)	32	static
RepRapFirmware/src/Storage/FileStore.cpp:701:5:int FileStore::CanWrite()	0	static
RepRapFirmware/src/Storage/FileStore.cpp:764:6:void FileStore::Invalidate()	0	static
RepRapFirmware/src/Storage/FileStore.cpp:775:6:bool FileStore::Invalidate(const FATFS*)	0	static
RepRapFirmware/src/Storage/FileStore.cpp:786:6:bool FileStore::IsOpenOn(const FATFS*) const	0	static
RepRapFirmware/src/Storage/FileStore.cpp:792:6:bool FileStore::IsSameFile(const FIL&) const	0	static
RepRapFirmware/src/Storage/FileStore.cpp:797:10:uint32_t FileStore::ClusterSize() const	0	static
RepRapFirmware/src/Storage/FileStore.cpp:852:6:static void FileWriteBuffer::InitWriterTask()	24	static
RepRapFirmware/src/Storage/FileStore.cpp:860:6:static void FileWriteBuffer::Spin()	40	static
RepRapFirmware/src/Storage/FileStore.cpp:846:29:void WriterLoop(void*)	8	static
RepRapFirmware/src/Storage/FileStore.cpp:889:6:bool FileWriteBuffer::StartFlushBuffer()	24	static
RepRapFirmware/src/Storage/FileStore.cpp:910:6:bool FileWriteBuffer::WaitFlushComplete()	16	static
RepRapFirmware/src/Storage/FileStore.cpp:706:6:bool FileStore::Flush()	8	static
RepRapFirmware/src/Storage/FileStore.cpp:369:6:bool FileStore::Truncate()	8	static
RepRapFirmware/src/Storage/FileStore.cpp:504:6:bool FileStore::ForceClose()	24	static
RepRapFirmware/src/Storage/FileStore.cpp:195:6:bool FileStore::Close()	16	static
RepRapFirmware/src/Storage/FileStore.cpp:633:6:bool FileStore::Write(const char*, size_t)	40	static
RepRapFirmware/src/Storage/FileStore.cpp:623:6:bool FileStore::Write(char)	16	static
RepRapFirmware/src/Storage/FileStore.cpp:628:6:bool FileStore::Write(const char*)	16	static
RepRapFirmware/src/Storage/FileStore.cpp:929:6:void FileWriteBuffer::BindToFile(FileStore*)	0	static
RepRapFirmware/src/Storage/FileStore.cpp:943:6:void FileStore::CopyFrom(const FileStore*)	20	static
RepRapFirmware/src/Storage/FileStore.cpp:957:1:cpp)	0	static
