./RepRapFirmware/src/GCodes/GCodeFileInfo.h:14:8:GCodeFileInfo& GCodeFileInfo::operator=(const GCodeFileInfo&)	12	static
RepRapFirmware/src/Storage/FileInfoParser.cpp:17:1:FileInfoParser::FileInfoParser()	16	static
RepRapFirmware/src/Storage/FileInfoParser.cpp:381:6:bool FileInfoParser::FindHeight(const char*, size_t)	40	static
RepRapFirmware/src/Storage/FileInfoParser.cpp:491:6:bool FileInfoParser::FindNumLayers(const char*, size_t)	32	static
RepRapFirmware/src/Storage/FileInfoParser.cpp:536:6:bool FileInfoParser::FindLayerHeight(const char*)	48	static
RepRapFirmware/src/Storage/FileInfoParser.cpp:585:6:bool FileInfoParser::FindSlicerInfo(const char*)	40	static
RepRapFirmware/src/Storage/FileInfoParser.cpp:646:6:void FileInfoParser::FindFilamentUsedEmbedded(const char*, const char*, const char*, unsigned int&)	48	static
RepRapFirmware/src/Storage/FileInfoParser.cpp:676:14:unsigned int FileInfoParser::FindFilamentUsed(const char*)	56	static
RepRapFirmware/src/Storage/FileInfoParser.cpp:827:6:bool FileInfoParser::FindPrintTime(const char*)	56	static
RepRapFirmware/src/Storage/FileInfoParser.cpp:951:6:bool FileInfoParser::FindSimulatedTime(const char*)	24	static
RepRapFirmware/src/Storage/FileInfoParser.cpp:980:6:bool FileInfoParser::FindThumbnails(const char*, FilePosition)	48	static
RepRapFirmware/src/Storage/FileInfoParser.cpp:25:13:GCodeResult FileInfoParser::GetFileInfo(const char*, GCodeFileInfo&, bool)	120	static
RepRapFirmware/src/Storage/FileInfoParser.cpp:1071:1:cpp)	0	static
