./RepRapFirmware/src/ObjectModel/ObjectModel.h:319:54:virtual const ObjectModelArrayTableEntry* ObjectModel::GetObjectModelArrayEntry(unsigned int) const	0	static
./RepRapFirmware/src/ObjectModel/ObjectModel.h:324:35:virtual ReadWriteLock* ObjectModel::GetObjectLock(unsigned int) const	0	static
RepRapFirmware/src/Storage/MassStorage.cpp:119:17:static ExpressionValue SdCardInfo::<lambda(const ObjectModel*, ObjectExplorationContext&)>::_FUN(const ObjectModel*, ObjectExplorationContext&)	0	static
RepRapFirmware/src/Storage/MassStorage.cpp:134:1:virtual const ObjectModelClassDescriptor* SdCardInfo::GetObjectModelClassDescriptor() const	0	static
RepRapFirmware/src/Storage/MassStorage.cpp:636:13:bool InternalDelete(const char*, ErrorMessageMode)	88	static
RepRapFirmware/src/Storage/MassStorage.cpp:693:13:bool DeleteContents(DIR&, const StringRef&, ErrorMessageMode)	224	static
RepRapFirmware/src/Storage/MassStorage.cpp:279:15:time_t ConvertTimeStamp(uint16_t, uint16_t)	48	static
RepRapFirmware/src/Storage/FileInfoParser.h:42:7:FileInfoParser::~FileInfoParser()	8	static
RepRapFirmware/src/Storage/MassStorage.cpp:54:8:SdCardInfo::~SdCardInfo()	8	static
RepRapFirmware/src/Storage/MassStorage.cpp:54:8:virtual SdCardInfo::~SdCardInfo()	8	static
RepRapFirmware/src/Storage/MassStorage.cpp:138:19:void __tcf_0(void*)	8	static
RepRapFirmware/src/Storage/MassStorage.cpp:245:13:bool VolumeUpdated(const char*)	8	static
RepRapFirmware/src/Storage/MassStorage.cpp:123:16:static ExpressionValue SdCardInfo::<lambda(const ObjectModel*, ObjectExplorationContext&)>::_FUN(const ObjectModel*, ObjectExplorationContext&)	8	static
RepRapFirmware/src/Storage/MassStorage.cpp:122:15:static ExpressionValue SdCardInfo::<lambda(const ObjectModel*, ObjectExplorationContext&)>::_FUN(const ObjectModel*, ObjectExplorationContext&)	8	static
RepRapFirmware/src/Storage/MassStorage.cpp:117:18:static ExpressionValue SdCardInfo::<lambda(const ObjectModel*, ObjectExplorationContext&)>::_FUN(const ObjectModel*, ObjectExplorationContext&)	8	static
./RRFLibraries/src/General/String.h:34:7:bool String<Len>::copy(c_string) [with unsigned int Len = 120]	16	static
RepRapFirmware/src/Storage/MassStorage.cpp:72:6:void SdCardInfo::Clear(unsigned int)	0	static
RepRapFirmware/src/Storage/MassStorage.cpp:157:17:bool MassStorage::CombineName(const StringRef&, const char*, const char*)	56	static
RepRapFirmware/src/Storage/MassStorage.cpp:238:10:uint16_t MassStorage::GetVolumeSeq(unsigned int)	0	static
RepRapFirmware/src/Storage/MassStorage.cpp:341:6:void MassStorage::Init()	16	static
RepRapFirmware/src/Storage/MassStorage.cpp:387:6:void MassStorage::Init2()	16	static
RepRapFirmware/src/Storage/MassStorage.cpp:476:17:FileStore* MassStorage::OpenFile(const char*, OpenMode, uint32_t)	32	static
RepRapFirmware/src/Storage/MassStorage.cpp:502:22:FileStore* MassStorage::DuplicateOpenHandle(const FileStore*)	24	static
RepRapFirmware/src/Storage/MassStorage.cpp:525:6:void MassStorage::CloseAllFiles()	24	static
RepRapFirmware/src/Storage/MassStorage.cpp:552:6:bool MassStorage::DirectoryExists(const StringRef&)	56	static
RepRapFirmware/src/Storage/MassStorage.cpp:542:6:bool MassStorage::DirectoryExists(const char*)	144	static
RepRapFirmware/src/Storage/MassStorage.cpp:581:28:FileWriteBuffer* MassStorage::AllocateWriteBuffer()	16	static
RepRapFirmware/src/Storage/MassStorage.cpp:595:6:void MassStorage::ReleaseWriteBuffer(FileWriteBuffer*)	16	static
RepRapFirmware/src/Storage/MassStorage.cpp:605:6:bool MassStorage::AnyFileOpen()	16	static
RepRapFirmware/src/Storage/MassStorage.cpp:619:6:void MassStorage::InvalidateAllFiles()	24	static
RepRapFirmware/src/Storage/MassStorage.cpp:751:6:bool MassStorage::Delete(const StringRef&, ErrorMessageMode, bool)	72	static
RepRapFirmware/src/Storage/MassStorage.cpp:823:6:bool MassStorage::FindFirst(const char*, FileInfo&)	288	static
RepRapFirmware/src/Storage/MassStorage.cpp:871:6:bool MassStorage::FindNext(FileInfo&)	160	static
RepRapFirmware/src/Storage/MassStorage.cpp:904:6:void MassStorage::AbandonFindNext()	8	static
RepRapFirmware/src/Storage/MassStorage.cpp:920:24:const char* MassStorage::GetMonthName(uint8_t)	0	static
RepRapFirmware/src/Storage/MassStorage.cpp:926:6:bool MassStorage::EnsurePath(const char*, bool)	192	static
RepRapFirmware/src/Storage/MassStorage.cpp:972:6:bool MassStorage::MakeDirectory(const char*, bool)	16	static
RepRapFirmware/src/Storage/MassStorage.cpp:1040:6:bool MassStorage::FileExists(const char*)	152	static
RepRapFirmware/src/Storage/MassStorage.cpp:991:6:bool MassStorage::Rename(const char*, const char*, bool, bool)	32	static
RepRapFirmware/src/Storage/MassStorage.cpp:1062:8:time_t MassStorage::GetLastModifiedTime(const char*)	152	static
RepRapFirmware/src/Storage/MassStorage.cpp:1072:6:bool MassStorage::SetLastModifiedTime(const char*, time_t)	208	static
RepRapFirmware/src/Storage/MassStorage.cpp:1089:6:bool MassStorage::CheckDriveMounted(const char*)	8	static
RepRapFirmware/src/Storage/MassStorage.cpp:1098:6:bool MassStorage::AnyFileOpen(const FATFS*)	32	static
RepRapFirmware/src/Storage/MassStorage.cpp:120:19:static ExpressionValue SdCardInfo::<lambda(const ObjectModel*, ObjectExplorationContext&)>::_FUN(const ObjectModel*, ObjectExplorationContext&)	8	static
RepRapFirmware/src/Storage/MassStorage.cpp:1112:14:unsigned int MassStorage::InvalidateFiles(const FATFS*)	32	static
RepRapFirmware/src/Storage/MassStorage.cpp:264:21:unsigned int InternalUnmount(size_t)	56	static
RepRapFirmware/src/Storage/MassStorage.cpp:401:6:void MassStorage::Spin()	32	static
RepRapFirmware/src/Storage/MassStorage.cpp:1126:6:bool MassStorage::IsCardDetected(size_t)	0	static
RepRapFirmware/src/Storage/MassStorage.cpp:1138:13:GCodeResult MassStorage::Mount(size_t, const StringRef&, bool, uint32_t)	96	static
RepRapFirmware/src/Storage/MassStorage.cpp:1234:13:GCodeResult MassStorage::Unmount(size_t, const StringRef&)	24	static
RepRapFirmware/src/Storage/MassStorage.cpp:1259:6:bool MassStorage::IsDriveMounted(size_t)	0	static
RepRapFirmware/src/Storage/MassStorage.cpp:1268:14:unsigned int MassStorage::GetNumFreeFiles()	16	static
RepRapFirmware/src/Storage/MassStorage.cpp:1282:13:GCodeResult MassStorage::GetFileInfo(const char*, GCodeFileInfo&, bool)	0	static
RepRapFirmware/src/Storage/MassStorage.cpp:1287:6:void MassStorage::Diagnostics(MessageType)	56	static
RepRapFirmware/src/Storage/MassStorage.cpp:1401:8:Mutex& MassStorage::GetVolumeMutex(size_t)	0	static
RepRapFirmware/src/Storage/MassStorage.cpp:1408:30:const ObjectModel* MassStorage::GetVolume(size_t)	0	static
RepRapFirmware/src/Storage/MassStorage.cpp:1420:6:int ff_mutex_create(int)	0	static
RepRapFirmware/src/Storage/MassStorage.cpp:1426:6:int ff_mutex_take(int)	8	static
RepRapFirmware/src/Storage/MassStorage.cpp:1433:7:void ff_mutex_give(int)	0	static
RepRapFirmware/src/Storage/MassStorage.cpp:1439:7:void ff_mutex_delete(int)	0	static
./RRFLibraries/src/General/String.h:98:26:) [with unsigned int Len = 100]	20	static
RepRapFirmware/src/Storage/MassStorage.cpp:1314:6:void MassStorage::RecordSimulationTime(const char*, uint32_t)	152	static
./RRFLibraries/src/General/String.h:98:26:) [with unsigned int Len = 50]	20	static
RepRapFirmware/src/Storage/MassStorage.cpp:1367:25:MassStorage::InfoResult MassStorage::GetCardInfo(size_t, SdCardReturnedInfo&)	88	static
RepRapFirmware/src/Storage/MassStorage.cpp:121:22:static ExpressionValue SdCardInfo::<lambda(const ObjectModel*, ObjectExplorationContext&)>::_FUN(const ObjectModel*, ObjectExplorationContext&)	40	static
RepRapFirmware/src/Storage/MassStorage.cpp:118:19:static ExpressionValue SdCardInfo::<lambda(const ObjectModel*, ObjectExplorationContext&)>::_FUN(const ObjectModel*, ObjectExplorationContext&)	40	static
RepRapFirmware/src/Storage/MassStorage.cpp:1443:1:cpp)	16	static
